Archive member included because of file (symbol)

contiki-sky.a(contiki-sky-pla)
                              obj_sky/contiki-sky-main.o (init_platform)
contiki-sky.a(button-sensor.o)
                              contiki-sky.a(contiki-sky-pla) (button_sensor)
contiki-sky.a(ds2411.o)       obj_sky/contiki-sky-main.o (ds2411_init)
contiki-sky.a(xmem.o)         obj_sky/contiki-sky-main.o (xmem_init)
contiki-sky.a(node-id.o)      obj_sky/contiki-sky-main.o (node_id_restore)
contiki-sky.a(sensors.o)      contiki-sky.a(button-sensor.o) (sensors_changed)
contiki-sky.a(cc2420.o)       transmitter1.co (cc2420_set_channel)
contiki-sky.a(cc2420-arch.o)  contiki-sky.a(cc2420.o) (cc2420_arch_init)
contiki-sky.a(uart1.o)        obj_sky/contiki-sky-main.o (uart1_active)
contiki-sky.a(uart1-putchar.o)
                              obj_sky/contiki-sky-main.o (putchar)
contiki-sky.a(msp430.o)       contiki-sky.a(uart1.o) (msp430_add_lpm_req)
contiki-sky.a(clock.o)        obj_sky/contiki-sky-main.o (clock_init)
contiki-sky.a(leds.o)         obj_sky/contiki-sky-main.o (leds_init)
contiki-sky.a(leds-arch.o)    contiki-sky.a(leds.o) (leds_arch_init)
contiki-sky.a(watchdog.o)     obj_sky/contiki-sky-main.o (watchdog_start)
contiki-sky.a(rtimer-arch.o)  obj_sky/contiki-sky-main.o (rtimer_arch_now)
contiki-sky.a(autostart.o)    obj_sky/contiki-sky-main.o (autostart_start)
contiki-sky.a(ctimer.o)       obj_sky/contiki-sky-main.o (ctimer_init)
contiki-sky.a(energest.o)     obj_sky/contiki-sky-main.o (energest_init)
contiki-sky.a(etimer.o)       contiki-sky.a(clock.o) (etimer_request_poll)
contiki-sky.a(process.o)      contiki-sky.a(ctimer.o) (process_current)
contiki-sky.a(rtimer.o)       obj_sky/contiki-sky-main.o (rtimer_init)
contiki-sky.a(timer.o)        obj_sky/contiki-sky-main.o (timer_set)
contiki-sky.a(serial-line.o)  obj_sky/contiki-sky-main.o (serial_line_input_byte)
contiki-sky.a(list.o)         contiki-sky.a(ctimer.o) (list_init)
contiki-sky.a(random.o)       obj_sky/contiki-sky-main.o (random_init)
contiki-sky.a(ringbuf.o)      contiki-sky.a(serial-line.o) (ringbuf_init)
contiki-sky.a(broadcast.o)    transmitter1.co (broadcast_open)
contiki-sky.a(channel.o)      contiki-sky.a(broadcast.o) (channel_set_attributes)
contiki-sky.a(rime.o)         obj_sky/contiki-sky-main.o (rime_driver)
contiki-sky.a(csma.o)         obj_sky/contiki-sky-main.o (csma_driver)
contiki-sky.a(mac.o)          contiki-sky.a(csma.o) (mac_call_sent_callback)
contiki-sky.a(linkaddr.o)     obj_sky/contiki-sky-main.o (linkaddr_copy)
contiki-sky.a(packetbuf.o)    contiki-sky.a(cc2420.o) (packetbuf_set_datalen)
contiki-sky.a(queuebuf.o)     contiki-sky.a(rime.o) (queuebuf_init)
contiki-sky.a(contikimac.o)   obj_sky/contiki-sky-main.o (contikimac_driver)
contiki-sky.a(spi.o)          contiki-sky.a(xmem.o) (spi_init)
contiki-sky.a(compower.o)     contiki-sky.a(contikimac.o) (compower_accumulate)
contiki-sky.a(memb.o)         contiki-sky.a(csma.o) (memb_init)
contiki-sky.a(abc.o)          contiki-sky.a(broadcast.o) (abc_open)
contiki-sky.a(announcement.o)
                              contiki-sky.a(rime.o) (announcement_init)
contiki-sky.a(broadcast-annou)
                              contiki-sky.a(rime.o) (broadcast_announcement_init)
contiki-sky.a(chameleon.o)    contiki-sky.a(rime.o) (chameleon_init)
contiki-sky.a(framer-802154.o)
                              contiki-sky.a(contikimac.o) (framer_802154)
contiki-sky.a(mac-sequence.o)
                              contiki-sky.a(contikimac.o) (mac_sequence_is_duplicate)
contiki-sky.a(phase.o)        contiki-sky.a(contikimac.o) (phase_update)
contiki-sky.a(nbr-table.o)    contiki-sky.a(phase.o) (nbr_table_register)
contiki-sky.a(chameleon-bitop)
                              contiki-sky.a(chameleon.o) (chameleon_bitopt)
contiki-sky.a(frame802154.o)  contiki-sky.a(framer-802154.o) (frame802154_hdrlen)
/usr/bin/../lib/gcc/msp430/4.6.3/mmpy-16/libgcc.a(_mulsi3.o)
                              contiki-sky.a(csma.o) (__mulsi3)
/usr/bin/../lib/gcc/msp430/4.6.3/mmpy-16/libgcc.a(_udivmod16.o)
                              contiki-sky.a(phase.o) (__umodhi3)
/usr/bin/../lib/gcc/msp430/4.6.3/mmpy-16/libgcc.a(_divmod16.o)
                              contiki-sky.a(nbr-table.o) (__divhi3)
/usr/bin/../lib/gcc/msp430/4.6.3/mmpy-16/libgcc.a(_udivmod32.o)
                              obj_sky/contiki-sky-main.o (__udivsi3)
/usr/bin/../lib/gcc/msp430/4.6.3/../../../../msp430/lib/mmpy-16/libc.a(strncmp.o)
                              contiki-sky.a(sensors.o) (strncmp)
/usr/bin/../lib/gcc/msp430/4.6.3/../../../../msp430/lib/mmpy-16/libc.a(memcmp.o)
                              contiki-sky.a(linkaddr.o) (memcmp)
/usr/bin/../lib/gcc/msp430/4.6.3/../../../../msp430/lib/mmpy-16/libc.a(memcpy.o)
                              contiki-sky.a(packetbuf.o) (memcpy)
/usr/bin/../lib/gcc/msp430/4.6.3/../../../../msp430/lib/mmpy-16/libc.a(memset.o)
                              obj_sky/contiki-sky-main.o (memset)
[...]
Memory Configuration

Name             Origin             Length             Attributes
sfr              0x0000000000000000 0x0000000000000010
peripheral_8bit  0x0000000000000010 0x00000000000000f0
peripheral_16bit 0x0000000000000100 0x0000000000000100
ram_mirror       0x0000000000000200 0x0000000000000800 xw
infomem          0x0000000000001000 0x0000000000000100
infob            0x0000000000001000 0x0000000000000080
infoa            0x0000000000001080 0x0000000000000080
ram              0x0000000000001100 0x0000000000002800 xw
rom              0x0000000000004000 0x000000000000bfe0 xr
vectors          0x000000000000ffe0 0x0000000000000020
bsl              0x0000000000000000 0x0000000000000000
infoc            0x0000000000000000 0x0000000000000000
infod            0x0000000000000000 0x0000000000000000
ram2             0x0000000000000000 0x0000000000000000 xw
usbram           0x0000000000000000 0x0000000000000000 xw
far_rom          0x0000000000000000 0x0000000000000000
*default*        0x0000000000000000 0xffffffffffffffff

Linker script and memory map

LOAD /usr/bin/../lib/gcc/msp430/4.6.3/mmpy-16/crt0ivtbl16.o
LOAD transmitter1.co
LOAD obj_sky/contiki-sky-main.o
LOAD contiki-sky.a
LOAD /usr/bin/../lib/gcc/msp430/4.6.3/mmpy-16/libgcc.a
LOAD /usr/bin/../lib/gcc/msp430/4.6.3/../../../../msp430/lib/mmpy-16/libc.a
LOAD /usr/bin/../lib/gcc/msp430/4.6.3/mmpy-16/libgcc.a
LOAD /usr/bin/../lib/gcc/msp430/4.6.3/mmpy-16/libcrt0.a
                0x0000000000000080                PROVIDE (__info_segment_size, 0x80)
                0x0000000000001000                PROVIDE (__infob, 0x1000)
                0x0000000000001080                PROVIDE (__infoa, 0x1080)
                0x0000000000000000                __IE1 = 0x0
                0x0000000000000002                __IFG1 = 0x2
                0x0000000000000004                __ME1 = 0x4
                0x0000000000000001                __IE2 = 0x1
                0x0000000000000003                __IFG2 = 0x3
                0x0000000000000005                __ME2 = 0x5
                0x0000000000000120                __WDTCTL = 0x120
                0x0000000000000130                __MPY = 0x130
                0x0000000000000132                __MPYS = 0x132
                0x0000000000000134                __MAC = 0x134
                0x0000000000000136                __MACS = 0x136
                0x0000000000000138                __OP2 = 0x138
                0x000000000000013a                __RESLO = 0x13a
                0x000000000000013c                __RESHI = 0x13c
                0x000000000000013e                __SUMEXT = 0x13e
                0x0000000000000020                __P1IN = 0x20
                0x0000000000000021                __P1OUT = 0x21
                0x0000000000000022                __P1DIR = 0x22
                0x0000000000000023                __P1IFG = 0x23
                0x0000000000000024                __P1IES = 0x24
                0x0000000000000025                __P1IE = 0x25
                0x0000000000000026                __P1SEL = 0x26
                0x0000000000000028                __P2IN = 0x28
                0x0000000000000029                __P2OUT = 0x29
                0x000000000000002a                __P2DIR = 0x2a
                0x000000000000002b                __P2IFG = 0x2b
                0x000000000000002c                __P2IES = 0x2c
                0x000000000000002d                __P2IE = 0x2d
                0x000000000000002e                __P2SEL = 0x2e
                0x0000000000000018                __P3IN = 0x18
                0x0000000000000019                __P3OUT = 0x19
                0x000000000000001a                __P3DIR = 0x1a
                0x000000000000001b                __P3SEL = 0x1b
                0x000000000000001c                __P4IN = 0x1c
                0x000000000000001d                __P4OUT = 0x1d
                0x000000000000001e                __P4DIR = 0x1e
                0x000000000000001f                __P4SEL = 0x1f
                0x0000000000000030                __P5IN = 0x30
                0x0000000000000031                __P5OUT = 0x31
                0x0000000000000032                __P5DIR = 0x32
                0x0000000000000033                __P5SEL = 0x33
                0x0000000000000034                __P6IN = 0x34
                0x0000000000000035                __P6OUT = 0x35
                0x0000000000000036                __P6DIR = 0x36
                0x0000000000000037                __P6SEL = 0x37
                0x0000000000000070                __U0CTL = 0x70
                0x0000000000000071                __U0TCTL = 0x71
                0x0000000000000072                __U0RCTL = 0x72
                0x0000000000000073                __U0MCTL = 0x73
                0x0000000000000074                __U0BR0 = 0x74
                0x0000000000000075                __U0BR1 = 0x75
                0x0000000000000076                __U0RXBUF = 0x76
                0x0000000000000077                __U0TXBUF = 0x77
                0x0000000000000078                __U1CTL = 0x78
                0x0000000000000079                __U1TCTL = 0x79
                0x000000000000007a                __U1RCTL = 0x7a
                0x000000000000007b                __U1MCTL = 0x7b
                0x000000000000007c                __U1BR0 = 0x7c
                0x000000000000007d                __U1BR1 = 0x7d
                0x000000000000007e                __U1RXBUF = 0x7e
                0x000000000000007f                __U1TXBUF = 0x7f
                0x0000000000000050                __I2CIE = 0x50
                0x0000000000000051                __I2CIFG = 0x51
                0x0000000000000052                __I2CNDAT = 0x52
                0x0000000000000071                __I2CTCTL = 0x71
                0x0000000000000072                __I2CDCTL = 0x72
                0x0000000000000073                __I2CPSC = 0x73
                0x0000000000000074                __I2CSCLH = 0x74
                0x0000000000000075                __I2CSCLL = 0x75
                0x0000000000000076                __I2CDRB = 0x76
                0x0000000000000076                __I2CDRW = 0x76
                0x0000000000000118                __I2COA = 0x118
                0x000000000000011a                __I2CSA = 0x11a
                0x000000000000011c                __I2CIV = 0x11c
                0x000000000000012e                __TAIV = 0x12e
                0x0000000000000160                __TACTL = 0x160
                0x0000000000000162                __TACCTL0 = 0x162
                0x0000000000000164                __TACCTL1 = 0x164
                0x0000000000000166                __TACCTL2 = 0x166
                0x0000000000000170                __TAR = 0x170
                0x0000000000000172                __TACCR0 = 0x172
                0x0000000000000174                __TACCR1 = 0x174
                0x0000000000000176                __TACCR2 = 0x176
                0x000000000000011e                __TBIV = 0x11e
                0x0000000000000180                __TBCTL = 0x180
                0x0000000000000182                __TBCCTL0 = 0x182
                0x0000000000000184                __TBCCTL1 = 0x184
                0x0000000000000186                __TBCCTL2 = 0x186
                0x0000000000000188                __TBCCTL3 = 0x188
                0x000000000000018a                __TBCCTL4 = 0x18a
                0x000000000000018c                __TBCCTL5 = 0x18c
                0x000000000000018e                __TBCCTL6 = 0x18e
                0x0000000000000190                __TBR = 0x190
                0x0000000000000192                __TBCCR0 = 0x192
                0x0000000000000194                __TBCCR1 = 0x194
                0x0000000000000196                __TBCCR2 = 0x196
                0x0000000000000198                __TBCCR3 = 0x198
                0x000000000000019a                __TBCCR4 = 0x19a
                0x000000000000019c                __TBCCR5 = 0x19c
                0x000000000000019e                __TBCCR6 = 0x19e
                0x0000000000000056                __DCOCTL = 0x56
                0x0000000000000057                __BCSCTL1 = 0x57
                0x0000000000000058                __BCSCTL2 = 0x58
                0x0000000000000055                __SVSCTL = 0x55
                0x0000000000000128                __FCTL1 = 0x128
                0x000000000000012a                __FCTL2 = 0x12a
                0x000000000000012c                __FCTL3 = 0x12c
                0x0000000000000059                __CACTL1 = 0x59
                0x000000000000005a                __CACTL2 = 0x5a
                0x000000000000005b                __CAPD = 0x5b
                0x00000000000001a0                __ADC12CTL0 = 0x1a0
                0x00000000000001a2                __ADC12CTL1 = 0x1a2
                0x00000000000001a4                __ADC12IFG = 0x1a4
                0x00000000000001a6                __ADC12IE = 0x1a6
                0x00000000000001a8                __ADC12IV = 0x1a8
                0x0000000000000140                __ADC12MEM0 = 0x140
                0x0000000000000142                __ADC12MEM1 = 0x142
                0x0000000000000144                __ADC12MEM2 = 0x144
                0x0000000000000146                __ADC12MEM3 = 0x146
                0x0000000000000148                __ADC12MEM4 = 0x148
                0x000000000000014a                __ADC12MEM5 = 0x14a
                0x000000000000014c                __ADC12MEM6 = 0x14c
                0x000000000000014e                __ADC12MEM7 = 0x14e
                0x0000000000000150                __ADC12MEM8 = 0x150
                0x0000000000000152                __ADC12MEM9 = 0x152
                0x0000000000000154                __ADC12MEM10 = 0x154
                0x0000000000000156                __ADC12MEM11 = 0x156
                0x0000000000000158                __ADC12MEM12 = 0x158
                0x000000000000015a                __ADC12MEM13 = 0x15a
                0x000000000000015c                __ADC12MEM14 = 0x15c
                0x000000000000015e                __ADC12MEM15 = 0x15e
                0x0000000000000080                __ADC12MCTL0 = 0x80
                0x0000000000000081                __ADC12MCTL1 = 0x81
                0x0000000000000082                __ADC12MCTL2 = 0x82
                0x0000000000000083                __ADC12MCTL3 = 0x83
                0x0000000000000084                __ADC12MCTL4 = 0x84
                0x0000000000000085                __ADC12MCTL5 = 0x85
                0x0000000000000086                __ADC12MCTL6 = 0x86
                0x0000000000000087                __ADC12MCTL7 = 0x87
                0x0000000000000088                __ADC12MCTL8 = 0x88
                0x0000000000000089                __ADC12MCTL9 = 0x89
                0x000000000000008a                __ADC12MCTL10 = 0x8a
                0x000000000000008b                __ADC12MCTL11 = 0x8b
                0x000000000000008c                __ADC12MCTL12 = 0x8c
                0x000000000000008d                __ADC12MCTL13 = 0x8d
                0x000000000000008e                __ADC12MCTL14 = 0x8e
                0x000000000000008f                __ADC12MCTL15 = 0x8f
                0x00000000000001c0                __DAC12_0CTL = 0x1c0
                0x00000000000001c2                __DAC12_1CTL = 0x1c2
                0x00000000000001c8                __DAC12_0DAT = 0x1c8
                0x00000000000001ca                __DAC12_1DAT = 0x1ca
                0x0000000000000122                __DMACTL0 = 0x122
                0x0000000000000124                __DMACTL1 = 0x124
                0x00000000000001e0                __DMA0CTL = 0x1e0
                0x00000000000001e8                __DMA1CTL = 0x1e8
                0x00000000000001f0                __DMA2CTL = 0x1f0
                0x00000000000001e2                __DMA0SA = 0x1e2
                0x00000000000001e4                __DMA0DA = 0x1e4
                0x00000000000001e6                __DMA0SZ = 0x1e6
                0x00000000000001ea                __DMA1SA = 0x1ea
                0x00000000000001ec                __DMA1DA = 0x1ec
                0x00000000000001ee                __DMA1SZ = 0x1ee
                0x00000000000001f2                __DMA2SA = 0x1f2
                0x00000000000001f4                __DMA2DA = 0x1f4
                0x00000000000001f6                __DMA2SZ = 0x1f6

.hash
 *(.hash)

.dynsym
 *(.dynsym)

.dynstr
 *(.dynstr)

.gnu.version
 *(.gnu.version)

.gnu.version_d
 *(.gnu.version_d)

.gnu.version_r
 *(.gnu.version_r)

.rel.init
 *(.rel.init)

.rela.init
 *(.rela.init)

.rel.fini
 *(.rel.fini)

.rela.fini
 *(.rela.fini)

.rel.text
 *(.rel.text .rel.text.* .rel.gnu.linkonce.t.*)

.rela.text
 *(.rela.text .rela.text.* .rela.gnu.linkonce.t.*)

.rel.rodata
 *(.rel.rodata .rel.rodata.* .rel.gnu.linkonce.r.*)

.rela.rodata
 *(.rela.rodata .rela.rodata.* .rela.gnu.linkonce.r.*)

.rel.data
 *(.rel.data .rel.data.* .rel.gnu.linkonce.d.*)

.rela.data
 *(.rela.data .rela.data.* .rela.gnu.linkonce.d.*)

.rel.bss
 *(.rel.bss .rel.bss.* .rel.gnu.linkonce.b.*)

.rela.bss
 *(.rela.bss .rela.bss.* .rela.gnu.linkonce.b.*)

.rel.ctors
 *(.rel.ctors)

.rela.ctors
 *(.rela.ctors)

.rel.dtors
 *(.rel.dtors)

.rela.dtors
 *(.rela.dtors)

.rel.got
 *(.rel.got)

.rela.got
 *(.rela.got)

.rel.plt
 *(.rel.plt)

.rela.plt
 *(.rela.plt)

.text           0x0000000000004000     0x53d4
                0x0000000000004000                . = ALIGN (0x2)
 *(.init .init.*)
 *(.init0)
 .init0         0x0000000000004000        0x0 /usr/bin/../lib/gcc/msp430/4.6.3/mmpy-16/libcrt0.a(_reset_vector__.o)
                0x0000000000004000                _reset_vector__
 *(.init1)
 .init1         0x0000000000004000        0xc /usr/bin/../lib/gcc/msp430/4.6.3/mmpy-16/libcrt0.a(__watchdog_support.o)
                0x0000000000004000                __watchdog_support
 *(.init2)
 .init2         0x000000000000400c        0x4 /usr/bin/../lib/gcc/msp430/4.6.3/mmpy-16/libcrt0.a(__init_stack.o)
                0x000000000000400c                __init_stack
 *(.init3)
 .init3         0x0000000000004010        0x0 /usr/bin/../lib/gcc/msp430/4.6.3/mmpy-16/libcrt0.a(__low_level_init.o)
                0x0000000000004010                __low_level_init
 *(.init4)
 .init4         0x0000000000004010       0x18 /usr/bin/../lib/gcc/msp430/4.6.3/mmpy-16/libcrt0.a(_copy_data.o)
                0x0000000000004010                __do_copy_data
 .init4         0x0000000000004028       0x16 /usr/bin/../lib/gcc/msp430/4.6.3/mmpy-16/libcrt0.a(_clear_bss.o)
                0x0000000000004028                __do_clear_bss
 *(.init5)
 *(.init6)
 *(.init7)
 *(.init8)
 *(.init9)
 .init9         0x000000000000403e      0x2fa obj_sky/contiki-sky-main.o
                0x000000000000403e                main
 *(.fini9)
 .fini9         0x0000000000004338        0x0 /usr/bin/../lib/gcc/msp430/4.6.3/mmpy-16/libcrt0.a(__stop_progExec__.o)
                0x0000000000004338                __stop_progExec__
 *(.fini8)
 *(.fini7)
 *(.fini6)
 *(.fini5)
 *(.fini4)
 *(.fini3)
 *(.fini2)
 *(.fini1)
 *(.fini0)
 .fini0         0x0000000000004338        0x6 /usr/bin/../lib/gcc/msp430/4.6.3/mmpy-16/libcrt0.a(_endless_loop__.o)
                0x0000000000004338                _endless_loop__
 *(.fini .fini.*)
                0x000000000000433e                . = ALIGN (0x2)
                0x000000000000433e                __ctors_start = .
 *(.ctors)
                0x000000000000433e                __ctors_end = .
                0x000000000000433e                __dtors_start = .
 *(.dtors)
                0x000000000000433e                __dtors_end = .
                0x000000000000433e                . = ALIGN (0x2)
 *(.text .text.* .gnu.linkonce.t.*)
 .text          0x000000000000433e        0x4 /usr/bin/../lib/gcc/msp430/4.6.3/mmpy-16/crt0ivtbl16.o
                0x000000000000433e                __isr_14
                0x000000000000433e                __isr_11
                0x000000000000433e                __isr_2
                0x000000000000433e                __isr_7
                0x000000000000433e                __isr_0
                0x000000000000433e                __isr_8
                0x000000000000433e                __isr_3
                0x000000000000433e                __isr_12
                0x000000000000433e                __isr_13
                0x000000000000433e                __isr_9
 .text.process_thread_gen_int
                0x0000000000004342       0x96 transmitter1.co
 .text.broadcast_recv
                0x00000000000043d8       0x16 transmitter1.co
 .text.init_platform
                0x00000000000043ee        0xc contiki-sky.a(contiki-sky-pla)
                0x00000000000043ee                init_platform
 .text.status   0x00000000000043fa       0x16 contiki-sky.a(button-sensor.o)
 .text.configure
                0x0000000000004410       0x52 contiki-sky.a(button-sensor.o)
 .text.value    0x0000000000004462       0x22 contiki-sky.a(button-sensor.o)
 .text.irq_p2   0x0000000000004484       0x8a contiki-sky.a(button-sensor.o)
                0x0000000000004484                irq_p2
                0x0000000000004484                __isr_1
 .text.owreadb  0x000000000000450e       0x52 contiki-sky.a(ds2411.o)
 .text.ds2411_init
                0x0000000000004560      0x122 contiki-sky.a(ds2411.o)
                0x0000000000004560                ds2411_init
 .text.wait_ready
                0x0000000000004682       0x50 contiki-sky.a(xmem.o)
 .text.xmem_init
                0x00000000000046d2       0x3e contiki-sky.a(xmem.o)
                0x00000000000046d2                xmem_init
 .text.xmem_pread
                0x0000000000004710       0xea contiki-sky.a(xmem.o)
                0x0000000000004710                xmem_pread
 .text.node_id_restore
                0x00000000000047fa       0x38 contiki-sky.a(node-id.o)
                0x00000000000047fa                node_id_restore
 .text.process_thread_sensors_process
                0x0000000000004832       0xbe contiki-sky.a(sensors.o)
 .text.sensors_changed
                0x00000000000048f0       0x2a contiki-sky.a(sensors.o)
                0x00000000000048f0                sensors_changed
 .text.get_object
                0x000000000000491a        0x4 contiki-sky.a(cc2420.o)
 .text.set_object
                0x000000000000491e        0x4 contiki-sky.a(cc2420.o)
 .text.strobe   0x0000000000004922       0x20 contiki-sky.a(cc2420.o)
 .text.status   0x0000000000004942       0x26 contiki-sky.a(cc2420.o)
 .text.getreg   0x0000000000004968       0x54 contiki-sky.a(cc2420.o)
 .text.setreg   0x00000000000049bc       0x52 contiki-sky.a(cc2420.o)
 .text.write_ram
                0x0000000000004a0e       0x58 contiki-sky.a(cc2420.o)
 .text.set_txpower
                0x0000000000004a66       0x26 contiki-sky.a(cc2420.o)
 .text.cc2420_receiving_packet
                0x0000000000004a8c        0xe contiki-sky.a(cc2420.o)
 .text.pending_packet
                0x0000000000004a9a        0x8 contiki-sky.a(cc2420.o)
 .text.wait_for_status
                0x0000000000004aa2       0x2a contiki-sky.a(cc2420.o)
 .text.on       0x0000000000004acc       0x26 contiki-sky.a(cc2420.o)
 .text.getrxbyte
                0x0000000000004af2       0x40 contiki-sky.a(cc2420.o)
 .text.flushrx  0x0000000000004b32       0x18 contiki-sky.a(cc2420.o)
 .text.getrxdata
                0x0000000000004b4a       0x56 contiki-sky.a(cc2420.o)
 .text.wait_for_not_status.constprop.6
                0x0000000000004ba0       0x22 contiki-sky.a(cc2420.o)
 .text.off      0x0000000000004bc2       0x5a contiki-sky.a(cc2420.o)
 .text.RELEASE_LOCK
                0x0000000000004c1c       0x28 contiki-sky.a(cc2420.o)
 .text.cc2420_prepare
                0x0000000000004c44       0x8a contiki-sky.a(cc2420.o)
 .text.cc2420_on
                0x0000000000004cce       0x22 contiki-sky.a(cc2420.o)
                0x0000000000004cce                cc2420_on
 .text.cc2420_read
                0x0000000000004cf0       0xb6 contiki-sky.a(cc2420.o)
 .text.process_thread_cc2420_process
                0x0000000000004da6       0x50 contiki-sky.a(cc2420.o)
 .text.cc2420_off
                0x0000000000004df6       0x30 contiki-sky.a(cc2420.o)
                0x0000000000004df6                cc2420_off
 .text.cc2420_cca
                0x0000000000004e26       0x5e contiki-sky.a(cc2420.o)
 .text.cc2420_set_channel
                0x0000000000004e84       0x44 contiki-sky.a(cc2420.o)
                0x0000000000004e84                cc2420_set_channel
 .text.cc2420_set_pan_addr
                0x0000000000004ec8       0x82 contiki-sky.a(cc2420.o)
                0x0000000000004ec8                cc2420_set_pan_addr
 .text.cc2420_interrupt
                0x0000000000004f4a       0x1c contiki-sky.a(cc2420.o)
                0x0000000000004f4a                cc2420_interrupt
 .text.cc2420_set_txpower
                0x0000000000004f66        0xe contiki-sky.a(cc2420.o)
                0x0000000000004f66                cc2420_set_txpower
 .text.set_value
                0x0000000000004f74       0x78 contiki-sky.a(cc2420.o)
 .text.cc2420_get_txpower
                0x0000000000004fec       0x1e contiki-sky.a(cc2420.o)
                0x0000000000004fec                cc2420_get_txpower
 .text.cc2420_transmit
                0x000000000000500a      0x128 contiki-sky.a(cc2420.o)
 .text.cc2420_send
                0x0000000000005132       0x12 contiki-sky.a(cc2420.o)
 .text.cc2420_rssi
                0x0000000000005144       0x48 contiki-sky.a(cc2420.o)
                0x0000000000005144                cc2420_rssi
 .text.get_value
                0x000000000000518c       0x8e contiki-sky.a(cc2420.o)
 .text.cc2420_set_cca_threshold
                0x000000000000521a       0x16 contiki-sky.a(cc2420.o)
                0x000000000000521a                cc2420_set_cca_threshold
 .text.cc2420_init
                0x0000000000005230       0xd8 contiki-sky.a(cc2420.o)
                0x0000000000005230                cc2420_init
 .text.cc2420_port1_interrupt
                0x0000000000005308       0x62 contiki-sky.a(cc2420-arch.o)
                0x0000000000005308                __isr_4
                0x0000000000005308                cc2420_port1_interrupt
 .text.cc2420_arch_init
                0x000000000000536a       0x1a contiki-sky.a(cc2420-arch.o)
                0x000000000000536a                cc2420_arch_init
 .text.handle_rxdma_timer
                0x0000000000005384       0x3a contiki-sky.a(uart1.o)
 .text.uart1_active
                0x00000000000053be       0x1a contiki-sky.a(uart1.o)
                0x00000000000053be                uart1_active
 .text.uart1_set_input
                0x00000000000053d8       0x20 contiki-sky.a(uart1.o)
                0x00000000000053d8                uart1_set_input
 .text.uart1_writeb
                0x00000000000053f8       0x1a contiki-sky.a(uart1.o)
                0x00000000000053f8                uart1_writeb
 .text.uart1_init
                0x0000000000005412       0xf6 contiki-sky.a(uart1.o)
                0x0000000000005412                uart1_init
 .text.putchar  0x0000000000005508       0x10 contiki-sky.a(uart1-putchar.o)
                0x0000000000005508                putchar
 .text.msp430_init_dco
                0x0000000000005518       0x84 contiki-sky.a(msp430.o)
                0x0000000000005518                msp430_init_dco
 .text.msp430_add_lpm_req
                0x000000000000559c        0xc contiki-sky.a(msp430.o)
                0x000000000000559c                msp430_add_lpm_req
 .text.msp430_cpu_init
                0x00000000000055a8       0x2a contiki-sky.a(msp430.o)
                0x00000000000055a8                msp430_cpu_init
 .text.splhigh_
                0x00000000000055d2        0x8 contiki-sky.a(msp430.o)
                0x00000000000055d2                splhigh_
 .text.msp430_sync_dco
                0x00000000000055da       0x68 contiki-sky.a(msp430.o)
                0x00000000000055da                msp430_sync_dco
 .text.timera1  0x0000000000005642      0x11e contiki-sky.a(clock.o)
                0x0000000000005642                __isr_5
                0x0000000000005642                timera1
 .text.clock_time
                0x0000000000005760       0x1a contiki-sky.a(clock.o)
                0x0000000000005760                clock_time
 .text.clock_init
                0x000000000000577a       0x28 contiki-sky.a(clock.o)
                0x000000000000577a                clock_init
 .text.clock_delay
                0x00000000000057a2        0xc contiki-sky.a(clock.o)
                0x00000000000057a2                clock_delay
 .text.show_leds
                0x00000000000057ae       0xf6 contiki-sky.a(leds.o)
 .text.leds_init
                0x00000000000058a4        0xa contiki-sky.a(leds.o)
                0x00000000000058a4                leds_init
 .text.leds_on  0x00000000000058ae        0xa contiki-sky.a(leds.o)
                0x00000000000058ae                leds_on
 .text.leds_off
                0x00000000000058b8        0xe contiki-sky.a(leds.o)
                0x00000000000058b8                leds_off
 .text.leds_arch_init
                0x00000000000058c6        0xe contiki-sky.a(leds-arch.o)
                0x00000000000058c6                leds_arch_init
 .text.leds_arch_set
                0x00000000000058d4       0x3a contiki-sky.a(leds-arch.o)
                0x00000000000058d4                leds_arch_set
 .text.watchdog_interrupt
                0x000000000000590e        0x6 contiki-sky.a(watchdog.o)
                0x000000000000590e                __isr_10
                0x000000000000590e                watchdog_interrupt
 .text.watchdog_start
                0x0000000000005914       0x14 contiki-sky.a(watchdog.o)
                0x0000000000005914                watchdog_start
 .text.watchdog_periodic
                0x0000000000005928       0x12 contiki-sky.a(watchdog.o)
                0x0000000000005928                watchdog_periodic
 .text.watchdog_stop
                0x000000000000593a       0x16 contiki-sky.a(watchdog.o)
                0x000000000000593a                watchdog_stop
 .text.watchdog_init
                0x0000000000005950       0x14 contiki-sky.a(watchdog.o)
                0x0000000000005950                watchdog_init
 .text.rtimer_arch_init
                0x0000000000005964        0xe contiki-sky.a(rtimer-arch.o)
                0x0000000000005964                rtimer_arch_init
 .text.rtimer_arch_now
                0x0000000000005972        0xe contiki-sky.a(rtimer-arch.o)
                0x0000000000005972                rtimer_arch_now
 .text.timera0  0x0000000000005980       0x70 contiki-sky.a(rtimer-arch.o)
                0x0000000000005980                __isr_6
                0x0000000000005980                timera0
 .text.rtimer_arch_schedule
                0x00000000000059f0        0x6 contiki-sky.a(rtimer-arch.o)
                0x00000000000059f0                rtimer_arch_schedule
 .text.autostart_start
                0x00000000000059f6       0x16 contiki-sky.a(autostart.o)
                0x00000000000059f6                autostart_start
 .text.process_thread_ctimer_process
                0x0000000000005a0c       0xa4 contiki-sky.a(ctimer.o)
 .text.ctimer_init
                0x0000000000005ab0       0x18 contiki-sky.a(ctimer.o)
                0x0000000000005ab0                ctimer_init
 .text.ctimer_set
                0x0000000000005ac8       0x5a contiki-sky.a(ctimer.o)
                0x0000000000005ac8                ctimer_set
 .text.ctimer_reset
                0x0000000000005b22       0x3a contiki-sky.a(ctimer.o)
                0x0000000000005b22                ctimer_reset
 .text.ctimer_stop
                0x0000000000005b5c       0x28 contiki-sky.a(ctimer.o)
                0x0000000000005b5c                ctimer_stop
 .text.energest_init
                0x0000000000005b84       0x28 contiki-sky.a(energest.o)
                0x0000000000005b84                energest_init
 .text.energest_type_time
                0x0000000000005bac       0x46 contiki-sky.a(energest.o)
                0x0000000000005bac                energest_type_time
 .text.energest_type_set
                0x0000000000005bf2        0xe contiki-sky.a(energest.o)
                0x0000000000005bf2                energest_type_set
 .text.energest_flush
                0x0000000000005c00       0x48 contiki-sky.a(energest.o)
                0x0000000000005c00                energest_flush
 .text.update_time
                0x0000000000005c48       0x78 contiki-sky.a(etimer.o)
 .text.etimer_request_poll
                0x0000000000005cc0        0xa contiki-sky.a(etimer.o)
                0x0000000000005cc0                etimer_request_poll
 .text.process_thread_etimer_process
                0x0000000000005cca       0xc8 contiki-sky.a(etimer.o)
 .text.add_timer
                0x0000000000005d92       0x40 contiki-sky.a(etimer.o)
 .text.etimer_set
                0x0000000000005dd2       0x12 contiki-sky.a(etimer.o)
                0x0000000000005dd2                etimer_set
 .text.etimer_reset
                0x0000000000005de4       0x12 contiki-sky.a(etimer.o)
                0x0000000000005de4                etimer_reset
 .text.etimer_expired
                0x0000000000005df6        0xe contiki-sky.a(etimer.o)
                0x0000000000005df6                etimer_expired
 .text.etimer_pending
                0x0000000000005e04        0xc contiki-sky.a(etimer.o)
                0x0000000000005e04                etimer_pending
 .text.etimer_next_expiration_time
                0x0000000000005e10       0x16 contiki-sky.a(etimer.o)
                0x0000000000005e10                etimer_next_expiration_time
 .text.etimer_stop
                0x0000000000005e26       0x3c contiki-sky.a(etimer.o)
                0x0000000000005e26                etimer_stop
 .text.call_process
                0x0000000000005e62       0x4a contiki-sky.a(process.o)
 .text.exit_process
                0x0000000000005eac       0x96 contiki-sky.a(process.o)
 .text.do_poll  0x0000000000005f42       0x30 contiki-sky.a(process.o)
 .text.process_alloc_event
                0x0000000000005f72        0xe contiki-sky.a(process.o)
                0x0000000000005f72                process_alloc_event
 .text.process_init
                0x0000000000005f80       0x1c contiki-sky.a(process.o)
                0x0000000000005f80                process_init
 .text.process_run
                0x0000000000005f9c       0xa2 contiki-sky.a(process.o)
                0x0000000000005f9c                process_run
 .text.process_nevents
                0x000000000000603e        0xe contiki-sky.a(process.o)
                0x000000000000603e                process_nevents
 .text.process_post
                0x000000000000604c       0x54 contiki-sky.a(process.o)
                0x000000000000604c                process_post
 .text.process_post_synch
                0x00000000000060a0       0x12 contiki-sky.a(process.o)
                0x00000000000060a0                process_post_synch
 .text.process_start
                0x00000000000060b2       0x32 contiki-sky.a(process.o)
                0x00000000000060b2                process_start
 .text.process_poll
                0x00000000000060e4       0x18 contiki-sky.a(process.o)
                0x00000000000060e4                process_poll
 .text.rtimer_init
                0x00000000000060fc        0x6 contiki-sky.a(rtimer.o)
                0x00000000000060fc                rtimer_init
 .text.rtimer_set
                0x0000000000006102       0x24 contiki-sky.a(rtimer.o)
                0x0000000000006102                rtimer_set
 .text.rtimer_run_next
                0x0000000000006126       0x26 contiki-sky.a(rtimer.o)
                0x0000000000006126                rtimer_run_next
 .text.timer_set
                0x000000000000614c       0x1c contiki-sky.a(timer.o)
                0x000000000000614c                timer_set
 .text.timer_reset
                0x0000000000006168        0xe contiki-sky.a(timer.o)
                0x0000000000006168                timer_reset
 .text.timer_expired
                0x0000000000006176       0x2a contiki-sky.a(timer.o)
                0x0000000000006176                timer_expired
 .text.process_thread_serial_line_process
                0x00000000000061a0       0x9c contiki-sky.a(serial-line.o)
 .text.serial_line_input_byte
                0x000000000000623c       0x4a contiki-sky.a(serial-line.o)
                0x000000000000623c                serial_line_input_byte
 .text.serial_line_init
                0x0000000000006286       0x1c contiki-sky.a(serial-line.o)
                0x0000000000006286                serial_line_init
 .text.list_init
                0x00000000000062a2        0x6 contiki-sky.a(list.o)
                0x00000000000062a2                list_init
 .text.list_head
                0x00000000000062a8        0x4 contiki-sky.a(list.o)
                0x00000000000062a8                list_head
 .text.list_tail
                0x00000000000062ac       0x12 contiki-sky.a(list.o)
                0x00000000000062ac                list_tail
 .text.list_remove
                0x00000000000062be       0x34 contiki-sky.a(list.o)
                0x00000000000062be                list_remove
 .text.list_push
                0x00000000000062f2       0x1a contiki-sky.a(list.o)
                0x00000000000062f2                list_push
 .text.list_add
                0x000000000000630c       0x2a contiki-sky.a(list.o)
                0x000000000000630c                list_add
 .text.list_length
                0x0000000000006336       0x10 contiki-sky.a(list.o)
                0x0000000000006336                list_length
 .text.list_item_next
                0x0000000000006346        0xc contiki-sky.a(list.o)
                0x0000000000006346                list_item_next
 .text.random_init
                0x0000000000006352        0x6 contiki-sky.a(random.o)
                0x0000000000006352                random_init
 .text.random_rand
                0x0000000000006358        0x6 contiki-sky.a(random.o)
                0x0000000000006358                random_rand
 .text.ringbuf_init
                0x000000000000635e       0x14 contiki-sky.a(ringbuf.o)
                0x000000000000635e                ringbuf_init
 .text.ringbuf_put
                0x0000000000006372       0x38 contiki-sky.a(ringbuf.o)
                0x0000000000006372                ringbuf_put
 .text.ringbuf_get
                0x00000000000063aa       0x32 contiki-sky.a(ringbuf.o)
                0x00000000000063aa                ringbuf_get
 .text.sent_by_abc
                0x00000000000063dc       0x10 contiki-sky.a(broadcast.o)
 .text.recv_from_abc
                0x00000000000063ec       0x26 contiki-sky.a(broadcast.o)
 .text.broadcast_open
                0x0000000000006412       0x2a contiki-sky.a(broadcast.o)
                0x0000000000006412                broadcast_open
 .text.broadcast_close
                0x000000000000643c        0x6 contiki-sky.a(broadcast.o)
                0x000000000000643c                broadcast_close
 .text.broadcast_send
                0x0000000000006442       0x1a contiki-sky.a(broadcast.o)
                0x0000000000006442                broadcast_send
 .text.channel_init
                0x000000000000645c        0xa contiki-sky.a(channel.o)
                0x000000000000645c                channel_init
 .text.channel_open
                0x0000000000006466       0x10 contiki-sky.a(channel.o)
                0x0000000000006466                channel_open
 .text.channel_close
                0x0000000000006476        0xc contiki-sky.a(channel.o)
                0x0000000000006476                channel_close
 .text.channel_lookup
                0x0000000000006482       0x20 contiki-sky.a(channel.o)
                0x0000000000006482                channel_lookup
 .text.channel_set_attributes
                0x00000000000064a2       0x24 contiki-sky.a(channel.o)
                0x00000000000064a2                channel_set_attributes
 .text.input    0x00000000000064c6       0x3a contiki-sky.a(rime.o)
 .text.init     0x0000000000006500       0x2e contiki-sky.a(rime.o)
 .text.packet_sent
                0x000000000000652e       0x44 contiki-sky.a(rime.o)
 .text.rime_output
                0x0000000000006572       0x24 contiki-sky.a(rime.o)
                0x0000000000006572                rime_output
 .text.input_packet
                0x0000000000006596        0x6 contiki-sky.a(csma.o)
 .text.on       0x000000000000659c        0x6 contiki-sky.a(csma.o)
 .text.off      0x00000000000065a2        0x6 contiki-sky.a(csma.o)
 .text.channel_check_interval
                0x00000000000065a8       0x10 contiki-sky.a(csma.o)
 .text.transmit_packet_list
                0x00000000000065b8       0x24 contiki-sky.a(csma.o)
 .text.send_packet
                0x00000000000065dc      0x174 contiki-sky.a(csma.o)
 .text.init     0x0000000000006750       0x1a contiki-sky.a(csma.o)
 .text.free_packet
                0x000000000000676a       0x98 contiki-sky.a(csma.o)
 .text.packet_sent
                0x0000000000006802      0x12e contiki-sky.a(csma.o)
 .text.mac_call_sent_callback
                0x0000000000006930       0x14 contiki-sky.a(mac.o)
                0x0000000000006930                mac_call_sent_callback
 .text.linkaddr_copy
                0x0000000000006944        0xc contiki-sky.a(linkaddr.o)
                0x0000000000006944                linkaddr_copy
 .text.linkaddr_cmp
                0x0000000000006950       0x12 contiki-sky.a(linkaddr.o)
                0x0000000000006950                linkaddr_cmp
 .text.linkaddr_set_node_addr
                0x0000000000006962        0xc contiki-sky.a(linkaddr.o)
                0x0000000000006962                linkaddr_set_node_addr
 .text.packetbuf_copyto_hdr
                0x000000000000696e       0x1c contiki-sky.a(packetbuf.o)
                0x000000000000696e                packetbuf_copyto_hdr
 .text.packetbuf_copyto
                0x000000000000698a       0x52 contiki-sky.a(packetbuf.o)
                0x000000000000698a                packetbuf_copyto
 .text.packetbuf_hdr_remove
                0x00000000000069dc        0x6 contiki-sky.a(packetbuf.o)
                0x00000000000069dc                packetbuf_hdr_remove
 .text.packetbuf_hdrreduce
                0x00000000000069e2       0x1a contiki-sky.a(packetbuf.o)
                0x00000000000069e2                packetbuf_hdrreduce
 .text.packetbuf_set_datalen
                0x00000000000069fc        0x6 contiki-sky.a(packetbuf.o)
                0x00000000000069fc                packetbuf_set_datalen
 .text.packetbuf_dataptr
                0x0000000000006a02        0xe contiki-sky.a(packetbuf.o)
                0x0000000000006a02                packetbuf_dataptr
 .text.packetbuf_hdrptr
                0x0000000000006a10        0xa contiki-sky.a(packetbuf.o)
                0x0000000000006a10                packetbuf_hdrptr
 .text.packetbuf_is_reference
                0x0000000000006a1a        0xe contiki-sky.a(packetbuf.o)
                0x0000000000006a1a                packetbuf_is_reference
 .text.packetbuf_compact
                0x0000000000006a28       0x48 contiki-sky.a(packetbuf.o)
                0x0000000000006a28                packetbuf_compact
 .text.packetbuf_reference_ptr
                0x0000000000006a70        0x6 contiki-sky.a(packetbuf.o)
                0x0000000000006a70                packetbuf_reference_ptr
 .text.packetbuf_datalen
                0x0000000000006a76        0x6 contiki-sky.a(packetbuf.o)
                0x0000000000006a76                packetbuf_datalen
 .text.packetbuf_totlen
                0x0000000000006a7c       0x10 contiki-sky.a(packetbuf.o)
                0x0000000000006a7c                packetbuf_totlen
 .text.packetbuf_hdralloc
                0x0000000000006a8c       0x2e contiki-sky.a(packetbuf.o)
                0x0000000000006a8c                packetbuf_hdralloc
 .text.packetbuf_attr_clear
                0x0000000000006aba       0x2c contiki-sky.a(packetbuf.o)
                0x0000000000006aba                packetbuf_attr_clear
 .text.packetbuf_clear
                0x0000000000006ae6       0x1a contiki-sky.a(packetbuf.o)
                0x0000000000006ae6                packetbuf_clear
 .text.packetbuf_copyfrom
                0x0000000000006b00       0x2e contiki-sky.a(packetbuf.o)
                0x0000000000006b00                packetbuf_copyfrom
 .text.packetbuf_attr_copyto
                0x0000000000006b2e       0x20 contiki-sky.a(packetbuf.o)
                0x0000000000006b2e                packetbuf_attr_copyto
 .text.packetbuf_attr_copyfrom
                0x0000000000006b4e       0x22 contiki-sky.a(packetbuf.o)
                0x0000000000006b4e                packetbuf_attr_copyfrom
 .text.queuebuf_init
                0x0000000000006b70       0x1a contiki-sky.a(queuebuf.o)
                0x0000000000006b70                queuebuf_init
 .text.queuebuf_new_from_packetbuf
                0x0000000000006b8a       0x7e contiki-sky.a(queuebuf.o)
                0x0000000000006b8a                queuebuf_new_from_packetbuf
 .text.queuebuf_update_attr_from_packetbuf
                0x0000000000006c08       0x12 contiki-sky.a(queuebuf.o)
                0x0000000000006c08                queuebuf_update_attr_from_packetbuf
 .text.queuebuf_free
                0x0000000000006c1a       0x40 contiki-sky.a(queuebuf.o)
                0x0000000000006c1a                queuebuf_free
 .text.queuebuf_to_packetbuf
                0x0000000000006c5a       0x6e contiki-sky.a(queuebuf.o)
                0x0000000000006c5a                queuebuf_to_packetbuf
 .text.queuebuf_attr
                0x0000000000006cc8        0xe contiki-sky.a(queuebuf.o)
                0x0000000000006cc8                queuebuf_attr
 .text.duty_cycle
                0x0000000000006cd6        0x6 contiki-sky.a(contikimac.o)
 .text.init     0x0000000000006cdc       0x2e contiki-sky.a(contikimac.o)
 .text.on       0x0000000000006d0a       0x1a contiki-sky.a(contikimac.o)
 .text.off      0x0000000000006d24       0x22 contiki-sky.a(contikimac.o)
 .text.recv_burst_off
                0x0000000000006d46        0xa contiki-sky.a(contikimac.o)
 .text.turn_off
                0x0000000000006d50       0x20 contiki-sky.a(contikimac.o)
 .text.turn_on  0x0000000000006d70       0x30 contiki-sky.a(contikimac.o)
 .text.schedule_powercycle_fixed.part.4
                0x0000000000006da0       0x36 contiki-sky.a(contikimac.o)
 .text.powercycle_turn_radio_off
                0x0000000000006dd6       0x30 contiki-sky.a(contikimac.o)
 .text.powercycle
                0x0000000000006e06      0x1da contiki-sky.a(contikimac.o)
 .text.input_packet
                0x0000000000006fe0       0xc4 contiki-sky.a(contikimac.o)
 .text.send_packet
                0x00000000000070a4      0x2c4 contiki-sky.a(contikimac.o)
 .text.qsend_packet
                0x0000000000007368       0x28 contiki-sky.a(contikimac.o)
 .text.qsend_list
                0x0000000000007390       0x84 contiki-sky.a(contikimac.o)
 .text.spi_init
                0x0000000000007414       0x32 contiki-sky.a(spi.o)
                0x0000000000007414                spi_init
 .text.compower_accumulate
                0x0000000000007446       0x72 contiki-sky.a(compower.o)
                0x0000000000007446                compower_accumulate
 .text.compower_clear
                0x00000000000074b8       0x12 contiki-sky.a(compower.o)
                0x00000000000074b8                compower_clear
 .text.compower_attrconv
                0x00000000000074ca       0x10 contiki-sky.a(compower.o)
                0x00000000000074ca                compower_attrconv
 .text.memb_init
                0x00000000000074da       0x36 contiki-sky.a(memb.o)
                0x00000000000074da                memb_init
 .text.memb_alloc
                0x0000000000007510       0x3e contiki-sky.a(memb.o)
                0x0000000000007510                memb_alloc
 .text.memb_free
                0x000000000000754e       0x3a contiki-sky.a(memb.o)
                0x000000000000754e                memb_free
 .text.memb_inmemb
                0x0000000000007588       0x2e contiki-sky.a(memb.o)
                0x0000000000007588                memb_inmemb
 .text.abc_open
                0x00000000000075b6       0x26 contiki-sky.a(abc.o)
                0x00000000000075b6                abc_open
 .text.abc_close
                0x00000000000075dc        0x6 contiki-sky.a(abc.o)
                0x00000000000075dc                abc_close
 .text.abc_send
                0x00000000000075e2        0x6 contiki-sky.a(abc.o)
                0x00000000000075e2                abc_send
 .text.abc_input
                0x00000000000075e8        0xe contiki-sky.a(abc.o)
                0x00000000000075e8                abc_input
 .text.abc_sent
                0x00000000000075f6       0x10 contiki-sky.a(abc.o)
                0x00000000000075f6                abc_sent
 .text.announcement_init
                0x0000000000007606        0xa contiki-sky.a(announcement.o)
                0x0000000000007606                announcement_init
 .text.announcement_register_observer_callback
                0x0000000000007610        0x6 contiki-sky.a(announcement.o)
                0x0000000000007610                announcement_register_observer_callback
 .text.announcement_list
                0x0000000000007616        0xa contiki-sky.a(announcement.o)
                0x0000000000007616                announcement_list
 .text.announcement_heard
                0x0000000000007620       0x42 contiki-sky.a(announcement.o)
                0x0000000000007620                announcement_heard
 .text.adv_packet_sent
                0x0000000000007662        0x2 contiki-sky.a(broadcast-annou)
 .text.adv_packet_received
                0x0000000000007664       0x66 contiki-sky.a(broadcast-annou)
 .text.set_timers
                0x00000000000076ca       0x4a contiki-sky.a(broadcast-annou)
 .text.send_timer
                0x0000000000007714       0x36 contiki-sky.a(broadcast-annou)
 .text.new_announcement
                0x000000000000774a       0x18 contiki-sky.a(broadcast-annou)
 .text.send_adv
                0x0000000000007762       0x66 contiki-sky.a(broadcast-annou)
 .text.broadcast_announcement_init
                0x00000000000077c8       0x48 contiki-sky.a(broadcast-annou)
                0x00000000000077c8                broadcast_announcement_init
 .text.chameleon_init
                0x0000000000007810        0x6 contiki-sky.a(chameleon.o)
                0x0000000000007810                chameleon_init
 .text.chameleon_parse
                0x0000000000007816       0x10 contiki-sky.a(chameleon.o)
                0x0000000000007816                chameleon_parse
 .text.chameleon_create
                0x0000000000007826       0x1c contiki-sky.a(chameleon.o)
                0x0000000000007826                chameleon_create
 .text.chameleon_hdrsize
                0x0000000000007842        0x6 contiki-sky.a(chameleon.o)
                0x0000000000007842                chameleon_hdrsize
 .text.parse    0x0000000000007848       0xa4 contiki-sky.a(framer-802154.o)
 .text.create_frame.isra.0
                0x00000000000078ec      0x118 contiki-sky.a(framer-802154.o)
 .text.create   0x0000000000007a04        0x8 contiki-sky.a(framer-802154.o)
 .text.hdr_length
                0x0000000000007a0c        0x8 contiki-sky.a(framer-802154.o)
 .text.mac_sequence_is_duplicate
                0x0000000000007a14       0x3c contiki-sky.a(mac-sequence.o)
                0x0000000000007a14                mac_sequence_is_duplicate
 .text.mac_sequence_register_seqno
                0x0000000000007a50       0x64 contiki-sky.a(mac-sequence.o)
                0x0000000000007a50                mac_sequence_register_seqno
 .text.send_packet
                0x0000000000007ab4       0x44 contiki-sky.a(phase.o)
 .text.phase_update
                0x0000000000007af8       0x90 contiki-sky.a(phase.o)
                0x0000000000007af8                phase_update
 .text.phase_wait
                0x0000000000007b88       0xf6 contiki-sky.a(phase.o)
                0x0000000000007b88                phase_wait
 .text.phase_init
                0x0000000000007c7e       0x14 contiki-sky.a(phase.o)
                0x0000000000007c7e                phase_init
 .text.index_from_key
                0x0000000000007c92       0x40 contiki-sky.a(nbr-table.o)
 .text.item_from_key
                0x0000000000007cd2       0x34 contiki-sky.a(nbr-table.o)
 .text.nbr_set_bit
                0x0000000000007d06       0x8e contiki-sky.a(nbr-table.o)
 .text.index_from_lladdr
                0x0000000000007d94       0x42 contiki-sky.a(nbr-table.o)
 .text.nbr_get_bit.constprop.0
                0x0000000000007dd6       0x62 contiki-sky.a(nbr-table.o)
 .text.nbr_table_register
                0x0000000000007e38       0x28 contiki-sky.a(nbr-table.o)
                0x0000000000007e38                nbr_table_register
 .text.nbr_table_add_lladdr
                0x0000000000007e60      0x144 contiki-sky.a(nbr-table.o)
                0x0000000000007e60                nbr_table_add_lladdr
 .text.nbr_table_get_from_lladdr
                0x0000000000007fa4       0x48 contiki-sky.a(nbr-table.o)
                0x0000000000007fa4                nbr_table_get_from_lladdr
 .text.nbr_table_remove
                0x0000000000007fec       0x32 contiki-sky.a(nbr-table.o)
                0x0000000000007fec                nbr_table_remove
 .text.header_size
                0x000000000000801e       0x16 contiki-sky.a(chameleon-bitop)
 .text.get_bits_in_byte
                0x0000000000008034       0x3a contiki-sky.a(chameleon-bitop)
                0x0000000000008034                get_bits_in_byte
 .text.get_bits
                0x000000000000806e       0xa4 contiki-sky.a(chameleon-bitop)
                0x000000000000806e                get_bits
 .text.unpack_header
                0x0000000000008112       0xd6 contiki-sky.a(chameleon-bitop)
 .text.set_bits_in_byte
                0x00000000000081e8       0x2c contiki-sky.a(chameleon-bitop)
                0x00000000000081e8                set_bits_in_byte
 .text.set_bits
                0x0000000000008214       0xd2 contiki-sky.a(chameleon-bitop)
                0x0000000000008214                set_bits
 .text.pack_header
                0x00000000000082e6       0xbc contiki-sky.a(chameleon-bitop)
 .text.field_len
                0x00000000000083a2       0x98 contiki-sky.a(frame802154.o)
 .text.frame802154_hdrlen
                0x000000000000843a       0x2e contiki-sky.a(frame802154.o)
                0x000000000000843a                frame802154_hdrlen
 .text.frame802154_create
                0x0000000000008468      0x172 contiki-sky.a(frame802154.o)
                0x0000000000008468                frame802154_create
 .text.frame802154_parse
                0x00000000000085da      0x1e8 contiki-sky.a(frame802154.o)
                0x00000000000085da                frame802154_parse
 .text.libgcc   0x00000000000087c2       0x2c /usr/bin/../lib/gcc/msp430/4.6.3/mmpy-16/libgcc.a(_mulsi3.o)
                0x00000000000087c2                __mulsi3
 .text.libgcc   0x00000000000087ee       0x22 /usr/bin/../lib/gcc/msp430/4.6.3/mmpy-16/libgcc.a(_udivmod16.o)
                0x00000000000087ee                __udivhi3
                0x00000000000087ee                __ext_udivmod16
                0x0000000000008808                __umodhi3
 .text.libgcc   0x0000000000008810       0x3a /usr/bin/../lib/gcc/msp430/4.6.3/mmpy-16/libgcc.a(_divmod16.o)
                0x0000000000008810                __ext_divmod16
                0x0000000000008810                __divhi3
                0x0000000000008842                __modhi3
 .text.libgcc   0x000000000000884a       0x40 /usr/bin/../lib/gcc/msp430/4.6.3/mmpy-16/libgcc.a(_udivmod32.o)
                0x000000000000884a                __udivsi3
                0x000000000000884a                __ext_udivmod32
                0x0000000000008880                __umodsi3
 .text          0x000000000000888a       0x20 /usr/bin/../lib/gcc/msp430/4.6.3/../../../../msp430/lib/mmpy-16/libc.a(memcmp.o)
                0x000000000000888a                memcmp
 .text          0x00000000000088aa       0xfa /usr/bin/../lib/gcc/msp430/4.6.3/../../../../msp430/lib/mmpy-16/libc.a(memcpy.o)
                0x00000000000088aa                memcpy
 .text          0x00000000000089a4       0x6a /usr/bin/../lib/gcc/msp430/4.6.3/../../../../msp430/lib/mmpy-16/libc.a(memset.o)
                0x00000000000089a4                memset
 .text          0x0000000000008a0e       0x1e /usr/bin/../lib/gcc/msp430/4.6.3/../../../../msp430/lib/mmpy-16/libc.a(printf.o)
                0x0000000000008a0e                printf
                0x0000000000008a1e                vprintf
 .text          0x0000000000008a2c      0x836 /usr/bin/../lib/gcc/msp430/4.6.3/../../../../msp430/lib/mmpy-16/libc.a(vuprintf.o)
                0x0000000000008bc4                vuprintf
 .text          0x0000000000009262       0x2c /usr/bin/../lib/gcc/msp430/4.6.3/../../../../msp430/lib/mmpy-16/libc.a(puts.o)
                0x0000000000009262                puts
 .text          0x000000000000928e       0x54 /usr/bin/../lib/gcc/msp430/4.6.3/../../../../msp430/lib/mmpy-16/libc.a(rand.o)
                0x000000000000928e                rand_r
                0x00000000000092b2                rand
                0x00000000000092d8                srand
 .text.libgcc   0x00000000000092e2       0xf0 /usr/bin/../lib/gcc/msp430/4.6.3/mmpy-16/libgcc.a(_udivmod64.o)
                0x00000000000092e2                __xabi_udivmod64
                0x0000000000009340                __udivdi3
                0x0000000000009366                __umoddi3
                0x0000000000009394                __udivmoddi4
 .text.crt0     0x00000000000093d2        0x2 /usr/bin/../lib/gcc/msp430/4.6.3/mmpy-16/libcrt0.a(_unexpected_.o)
                0x00000000000093d2                _unexpected_
                0x00000000000093d4                . = ALIGN (0x2)

.rodata         0x00000000000093d4      0x234
                0x00000000000093d4                . = ALIGN (0x2)
 *(.rodata .rodata.* .gnu.linkonce.r.*)
 .rodata        0x00000000000093d4       0x4e transmitter1.co
                0x00000000000093fe                autostart_processes
 .rodata        0x0000000000009422       0xe2 obj_sky/contiki-sky-main.o
 .rodata        0x0000000000009504       0x10 contiki-sky.a(button-sensor.o)
                0x000000000000950c                button_sensor
 .rodata        0x0000000000009514        0x8 contiki-sky.a(sensors.o)
 .rodata        0x000000000000951c       0x56 contiki-sky.a(cc2420.o)
                0x0000000000009538                cc2420_driver
 .rodata        0x0000000000009572        0xf contiki-sky.a(ctimer.o)
 .rodata        0x0000000000009581        0xc contiki-sky.a(etimer.o)
 .rodata        0x000000000000958d        0xe contiki-sky.a(serial-line.o)
 *fill*         0x000000000000959b        0x1 00
 .rodata        0x000000000000959c        0x8 contiki-sky.a(broadcast.o)
 .rodata        0x00000000000095a4        0xc contiki-sky.a(rime.o)
                0x00000000000095aa                rime_driver
 .rodata        0x00000000000095b0       0x14 contiki-sky.a(csma.o)
                0x00000000000095b6                csma_driver
 .rodata        0x00000000000095c4        0x2 contiki-sky.a(linkaddr.o)
                0x00000000000095c4                linkaddr_null
 .rodata        0x00000000000095c6       0x1c contiki-sky.a(contikimac.o)
                0x00000000000095d2                contikimac_driver
 .rodata        0x00000000000095e2        0x2 contiki-sky.a(abc.o)
 .rodata        0x00000000000095e4        0x4 contiki-sky.a(broadcast-annou)
 .rodata        0x00000000000095e8        0x6 contiki-sky.a(framer-802154.o)
                0x00000000000095e8                framer_802154
 .rodata        0x00000000000095ee       0x10 contiki-sky.a(chameleon-bitop)
                0x00000000000095ee                chameleon_bitopt
 .rodata        0x00000000000095fe        0x2 contiki-sky.a(frame802154.o)
 .rodata        0x0000000000009600        0x7 /usr/bin/../lib/gcc/msp430/4.6.3/../../../../msp430/lib/mmpy-16/libc.a(vuprintf.o)
                0x0000000000009608                . = ALIGN (0x2)
 *fill*         0x0000000000009607        0x1 00
                0x0000000000009608                _etext = .

.data           0x0000000000001100       0x8e load address 0x0000000000009608
                0x0000000000001100                . = ALIGN (0x2)
                0x0000000000001100                PROVIDE (__data_start, .)
 *(.data .data.* .gnu.linkonce.d.*)
 .data          0x0000000000001100        0xa transmitter1.co
                0x0000000000001100                gen_int
 .data          0x000000000000110a        0x4 contiki-sky.a(contiki-sky-pla)
                0x000000000000110a                sensors
 .data          0x000000000000110e        0xa contiki-sky.a(sensors.o)
                0x000000000000110e                sensors_process
 .data          0x0000000000001118        0xa contiki-sky.a(cc2420.o)
                0x0000000000001118                cc2420_process
 .data          0x0000000000001122        0x2 contiki-sky.a(msp430.o)
 .data          0x0000000000001124        0xa contiki-sky.a(ctimer.o)
                0x0000000000001124                ctimer_process
 .data          0x000000000000112e        0xa contiki-sky.a(etimer.o)
                0x000000000000112e                etimer_process
 .data          0x0000000000001138        0xa contiki-sky.a(serial-line.o)
                0x0000000000001138                serial_line_process
 .data          0x0000000000001142       0x18 contiki-sky.a(csma.o)
 .data          0x000000000000115a       0x18 contiki-sky.a(queuebuf.o)
 .data          0x0000000000001172       0x10 contiki-sky.a(phase.o)
 .data          0x0000000000001182        0x8 contiki-sky.a(nbr-table.o)
 .data          0x000000000000118a        0x4 /usr/bin/../lib/gcc/msp430/4.6.3/../../../../msp430/lib/mmpy-16/libc.a(rand.o)
                0x000000000000118e                . = ALIGN (0x2)
                0x000000000000118e                _edata = .
                0x0000000000009608                PROVIDE (__data_load_start, LOADADDR (.data))
                0x000000000000008e                PROVIDE (__data_size, SIZEOF (.data))

.bss            0x000000000000118e     0x138a load address 0x0000000000009696
                0x000000000000118e                PROVIDE (__bss_start, .)
 *(.bss .bss.*)
 .bss           0x000000000000118e       0x18 transmitter1.co
 .bss           0x00000000000011a6        0xc obj_sky/contiki-sky-main.o
 .bss           0x00000000000011b2        0x8 contiki-sky.a(button-sensor.o)
 .bss           0x00000000000011ba        0x2 contiki-sky.a(node-id.o)
                0x00000000000011ba                node_id
 .bss           0x00000000000011bc        0x6 contiki-sky.a(sensors.o)
 .bss           0x00000000000011c2        0x8 contiki-sky.a(cc2420.o)
 .bss           0x00000000000011ca       0x9a contiki-sky.a(uart1.o)
 .bss           0x0000000000001264        0xa contiki-sky.a(clock.o)
 .bss           0x000000000000126e        0x1 contiki-sky.a(leds.o)
 *fill*         0x000000000000126f        0x1 00
 .bss           0x0000000000001270        0x2 contiki-sky.a(watchdog.o)
 .bss           0x0000000000001272        0x4 contiki-sky.a(ctimer.o)
 .bss           0x0000000000001276        0x6 contiki-sky.a(etimer.o)
 .bss           0x000000000000127c       0x42 contiki-sky.a(process.o)
                0x000000000000127c                process_current
                0x000000000000127e                process_list
 .bss           0x00000000000012be        0x2 contiki-sky.a(rtimer.o)
 .bss           0x00000000000012c0      0x10a contiki-sky.a(serial-line.o)
 .bss           0x00000000000013ca        0x2 contiki-sky.a(channel.o)
 .bss           0x00000000000013cc        0x2 contiki-sky.a(rime.o)
 .bss           0x00000000000013ce      0x128 contiki-sky.a(csma.o)
 .bss           0x00000000000014f6       0xba contiki-sky.a(packetbuf.o)
 .bss           0x00000000000015b0      0xc4e contiki-sky.a(queuebuf.o)
 .bss           0x00000000000021fe       0x34 contiki-sky.a(contikimac.o)
 .bss           0x0000000000002232        0x8 contiki-sky.a(compower.o)
 .bss           0x000000000000223a        0x6 contiki-sky.a(announcement.o)
 .bss           0x0000000000002240       0x46 contiki-sky.a(broadcast-annou)
 .bss           0x0000000000002286        0x2 contiki-sky.a(framer-802154.o)
 .bss           0x0000000000002288       0x40 contiki-sky.a(mac-sequence.o)
 .bss           0x00000000000022c8      0x148 contiki-sky.a(phase.o)
 .bss           0x0000000000002410       0x4c contiki-sky.a(nbr-table.o)
 *(COMMON)
 COMMON         0x000000000000245c        0x2 contiki-sky.a(contiki-sky-pla)
                0x000000000000245c                sensors_flags
 COMMON         0x000000000000245e        0x8 contiki-sky.a(ds2411.o)
                0x000000000000245e                ds2411_id
 COMMON         0x0000000000002466        0x1 contiki-sky.a(sensors.o)
                0x0000000000002466                sensors_event
 *fill*         0x0000000000002467        0x1 00
 COMMON         0x0000000000002468       0x14 contiki-sky.a(cc2420.o)
                0x0000000000002468                cc2420_last_rssi
                0x000000000000246a                cc2420_packets_read
                0x000000000000246c                cc2420_packets_seen
                0x000000000000246e                cc2420_sfd_start_time
                0x0000000000002470                cc2420_time_of_departure
                0x0000000000002472                cc2420_time_of_arrival
                0x0000000000002474                cc2420_last_correlation
                0x0000000000002476                cc2420_authority_level_of_sender
                0x0000000000002478                cc2420_sfd_counter
                0x000000000000247a                cc2420_sfd_end_time
 COMMON         0x000000000000247c        0x2 contiki-sky.a(msp430.o)
                0x000000000000247c                msp430_dco_required
 COMMON         0x000000000000247e       0x56 contiki-sky.a(energest.o)
                0x000000000000247e                energest_total_time
                0x00000000000024ae                energest_total_count
                0x00000000000024b0                energest_current_mode
                0x00000000000024bc                energest_current_time
 COMMON         0x00000000000024d4        0x1 contiki-sky.a(process.o)
                0x00000000000024d4                process_maxevents
 COMMON         0x00000000000024d5        0x1 contiki-sky.a(serial-line.o)
                0x00000000000024d5                serial_line_event_message
 COMMON         0x00000000000024d6        0x2 contiki-sky.a(linkaddr.o)
                0x00000000000024d6                linkaddr_node_addr
 COMMON         0x00000000000024d8       0x38 contiki-sky.a(packetbuf.o)
                0x00000000000024d8                packetbuf_addrs
                0x00000000000024e0                packetbuf_attrs
 COMMON         0x0000000000002510        0x8 contiki-sky.a(compower.o)
                0x0000000000002510                compower_idle_activity
                0x0000000000002518                . = ALIGN (0x2)
                0x0000000000002518                PROVIDE (__bss_end, .)
                0x000000000000138a                PROVIDE (__bss_size, SIZEOF (.bss))

.noinit         0x0000000000002518        0x2 load address 0x0000000000009696
                0x0000000000002518                PROVIDE (__noinit_start, .)
 *(.noinit .noinit.*)
 .noinit.crt0   0x0000000000002518        0x2 /usr/bin/../lib/gcc/msp430/4.6.3/mmpy-16/libcrt0.a(__watchdog_support.o)
                0x0000000000002518                __wdt_clear_value
                0x000000000000251a                . = ALIGN (0x2)
                0x000000000000251a                PROVIDE (__noinit_end, .)
                0x000000000000251a                . = ALIGN (0x2)
                0x000000000000251a                _end = .

.infomem        0x0000000000001000        0x0
 *(.infomem)
                0x0000000000001000                . = ALIGN (0x2)
 *(.infomem.*)

.infomemnobits  0x0000000000001000        0x0
 *(.infomemnobits)
                0x0000000000001000                . = ALIGN (0x2)
 *(.infomemnobits.*)

.infoa
 *(.infoa .infoa.*)

.infob
 *(.infob .infob.*)

.infoc
 *(.infoc .infoc.*)

.infod
 *(.infod .infod.*)

.vectors        0x000000000000ffe0       0x20
                0x000000000000ffe0                PROVIDE (__vectors_start, .)
 *(.vectors*)
 .vectors       0x000000000000ffe0       0x20 /usr/bin/../lib/gcc/msp430/4.6.3/mmpy-16/crt0ivtbl16.o
                0x000000000000ffe0                __ivtbl_16
                0x0000000000010000                _vectors_end = .

.fartext        0x0000000000000000        0x0
                0x0000000000000000                . = ALIGN (0x2)
 *(.fartext)
                0x0000000000000000                . = ALIGN (0x2)
 *(.fartext.*)
                0x0000000000000000                _efartext = .

.profiler
 *(.profiler)

.stab
 *(.stab)

.stabstr
 *(.stabstr)

.stab.excl
 *(.stab.excl)

.stab.exclstr
 *(.stab.exclstr)

.stab.index
 *(.stab.index)

.stab.indexstr
 *(.stab.indexstr)

.comment
 *(.comment)

.debug
 *(.debug)

.line
 *(.line)

.debug_srcinfo
 *(.debug_srcinfo)

.debug_sfnames
 *(.debug_sfnames)

.debug_aranges  0x0000000000000000      0x17c
 *(.debug_aranges)
 .debug_aranges
                0x0000000000000000       0x14 /usr/bin/../lib/gcc/msp430/4.6.3/mmpy-16/libgcc.a(_mulsi3.o)
 .debug_aranges
                0x0000000000000014       0x14 /usr/bin/../lib/gcc/msp430/4.6.3/mmpy-16/libgcc.a(_udivmod16.o)
 .debug_aranges
                0x0000000000000028       0x14 /usr/bin/../lib/gcc/msp430/4.6.3/mmpy-16/libgcc.a(_divmod16.o)
 .debug_aranges
                0x000000000000003c       0x14 /usr/bin/../lib/gcc/msp430/4.6.3/mmpy-16/libgcc.a(_udivmod32.o)
 .debug_aranges
                0x0000000000000050       0x14 /usr/bin/../lib/gcc/msp430/4.6.3/../../../../msp430/lib/mmpy-16/libc.a(strncmp.o)
 .debug_aranges
                0x0000000000000064       0x14 /usr/bin/../lib/gcc/msp430/4.6.3/../../../../msp430/lib/mmpy-16/libc.a(memcmp.o)
 .debug_aranges
                0x0000000000000078       0x14 /usr/bin/../lib/gcc/msp430/4.6.3/../../../../msp430/lib/mmpy-16/libc.a(memcpy.o)
 .debug_aranges
                0x000000000000008c       0x14 /usr/bin/../lib/gcc/msp430/4.6.3/../../../../msp430/lib/mmpy-16/libc.a(memset.o)
 .debug_aranges
                0x00000000000000a0       0x14 /usr/bin/../lib/gcc/msp430/4.6.3/../../../../msp430/lib/mmpy-16/libc.a(printf.o)
 .debug_aranges
                0x00000000000000b4       0x14 /usr/bin/../lib/gcc/msp430/4.6.3/../../../../msp430/lib/mmpy-16/libc.a(vuprintf.o)
 .debug_aranges
                0x00000000000000c8       0x14 /usr/bin/../lib/gcc/msp430/4.6.3/../../../../msp430/lib/mmpy-16/libc.a(puts.o)
 .debug_aranges
                0x00000000000000dc       0x14 /usr/bin/../lib/gcc/msp430/4.6.3/../../../../msp430/lib/mmpy-16/libc.a(rand.o)
 .debug_aranges
                0x00000000000000f0       0x14 /usr/bin/../lib/gcc/msp430/4.6.3/mmpy-16/libgcc.a(_udivmod64.o)
 .debug_aranges
                0x0000000000000104       0x14 /usr/bin/../lib/gcc/msp430/4.6.3/mmpy-16/libcrt0.a(__watchdog_support.o)
 .debug_aranges
                0x0000000000000118       0x14 /usr/bin/../lib/gcc/msp430/4.6.3/mmpy-16/libcrt0.a(__init_stack.o)
 .debug_aranges
                0x000000000000012c       0x14 /usr/bin/../lib/gcc/msp430/4.6.3/mmpy-16/libcrt0.a(_copy_data.o)
 .debug_aranges
                0x0000000000000140       0x14 /usr/bin/../lib/gcc/msp430/4.6.3/mmpy-16/libcrt0.a(_clear_bss.o)
 .debug_aranges
                0x0000000000000154       0x14 /usr/bin/../lib/gcc/msp430/4.6.3/mmpy-16/libcrt0.a(_endless_loop__.o)
 .debug_aranges
                0x0000000000000168       0x14 /usr/bin/../lib/gcc/msp430/4.6.3/mmpy-16/libcrt0.a(_unexpected_.o)

.debug_pubnames
 *(.debug_pubnames)

.debug_info     0x0000000000000000     0x1319
 *(.debug_info)
 .debug_info    0x0000000000000000       0xba /usr/bin/../lib/gcc/msp430/4.6.3/mmpy-16/libgcc.a(_mulsi3.o)
 .debug_info    0x00000000000000ba       0xba /usr/bin/../lib/gcc/msp430/4.6.3/mmpy-16/libgcc.a(_udivmod16.o)
 .debug_info    0x0000000000000174       0xba /usr/bin/../lib/gcc/msp430/4.6.3/mmpy-16/libgcc.a(_divmod16.o)
 .debug_info    0x000000000000022e       0xba /usr/bin/../lib/gcc/msp430/4.6.3/mmpy-16/libgcc.a(_udivmod32.o)
 .debug_info    0x00000000000002e8       0xbb /usr/bin/../lib/gcc/msp430/4.6.3/../../../../msp430/lib/mmpy-16/libc.a(strncmp.o)
 .debug_info    0x00000000000003a3       0xe8 /usr/bin/../lib/gcc/msp430/4.6.3/../../../../msp430/lib/mmpy-16/libc.a(memcmp.o)
 .debug_info    0x000000000000048b      0x113 /usr/bin/../lib/gcc/msp430/4.6.3/../../../../msp430/lib/mmpy-16/libc.a(memcpy.o)
 .debug_info    0x000000000000059e       0xfe /usr/bin/../lib/gcc/msp430/4.6.3/../../../../msp430/lib/mmpy-16/libc.a(memset.o)
 .debug_info    0x000000000000069c      0x105 /usr/bin/../lib/gcc/msp430/4.6.3/../../../../msp430/lib/mmpy-16/libc.a(printf.o)
 .debug_info    0x00000000000007a1      0x565 /usr/bin/../lib/gcc/msp430/4.6.3/../../../../msp430/lib/mmpy-16/libc.a(vuprintf.o)
 .debug_info    0x0000000000000d06       0x96 /usr/bin/../lib/gcc/msp430/4.6.3/../../../../msp430/lib/mmpy-16/libc.a(puts.o)
 .debug_info    0x0000000000000d9c      0x13f /usr/bin/../lib/gcc/msp430/4.6.3/../../../../msp430/lib/mmpy-16/libc.a(rand.o)
 .debug_info    0x0000000000000edb       0xba /usr/bin/../lib/gcc/msp430/4.6.3/mmpy-16/libgcc.a(_udivmod64.o)
 .debug_info    0x0000000000000f95       0x96 /usr/bin/../lib/gcc/msp430/4.6.3/mmpy-16/libcrt0.a(__watchdog_support.o)
 .debug_info    0x000000000000102b       0x96 /usr/bin/../lib/gcc/msp430/4.6.3/mmpy-16/libcrt0.a(__init_stack.o)
 .debug_info    0x00000000000010c1       0x96 /usr/bin/../lib/gcc/msp430/4.6.3/mmpy-16/libcrt0.a(_copy_data.o)
 .debug_info    0x0000000000001157       0x96 /usr/bin/../lib/gcc/msp430/4.6.3/mmpy-16/libcrt0.a(_clear_bss.o)
 .debug_info    0x00000000000011ed       0x96 /usr/bin/../lib/gcc/msp430/4.6.3/mmpy-16/libcrt0.a(_endless_loop__.o)
 .debug_info    0x0000000000001283       0x96 /usr/bin/../lib/gcc/msp430/4.6.3/mmpy-16/libcrt0.a(_unexpected_.o)
 *(.gnu.linkonce.wi.*)

.debug_abbrev   0x0000000000000000      0x735
 *(.debug_abbrev)
 .debug_abbrev  0x0000000000000000       0x14 /usr/bin/../lib/gcc/msp430/4.6.3/mmpy-16/libgcc.a(_mulsi3.o)
 .debug_abbrev  0x0000000000000014       0x14 /usr/bin/../lib/gcc/msp430/4.6.3/mmpy-16/libgcc.a(_udivmod16.o)
 .debug_abbrev  0x0000000000000028       0x14 /usr/bin/../lib/gcc/msp430/4.6.3/mmpy-16/libgcc.a(_divmod16.o)
 .debug_abbrev  0x000000000000003c       0x14 /usr/bin/../lib/gcc/msp430/4.6.3/mmpy-16/libgcc.a(_udivmod32.o)
 .debug_abbrev  0x0000000000000050       0x7c /usr/bin/../lib/gcc/msp430/4.6.3/../../../../msp430/lib/mmpy-16/libc.a(strncmp.o)
 .debug_abbrev  0x00000000000000cc       0x9b /usr/bin/../lib/gcc/msp430/4.6.3/../../../../msp430/lib/mmpy-16/libc.a(memcmp.o)
 .debug_abbrev  0x0000000000000167       0x97 /usr/bin/../lib/gcc/msp430/4.6.3/../../../../msp430/lib/mmpy-16/libc.a(memcpy.o)
 .debug_abbrev  0x00000000000001fe       0x9c /usr/bin/../lib/gcc/msp430/4.6.3/../../../../msp430/lib/mmpy-16/libc.a(memset.o)
 .debug_abbrev  0x000000000000029a       0xd0 /usr/bin/../lib/gcc/msp430/4.6.3/../../../../msp430/lib/mmpy-16/libc.a(printf.o)
 .debug_abbrev  0x000000000000036a      0x1ef /usr/bin/../lib/gcc/msp430/4.6.3/../../../../msp430/lib/mmpy-16/libc.a(vuprintf.o)
 .debug_abbrev  0x0000000000000559       0x60 /usr/bin/../lib/gcc/msp430/4.6.3/../../../../msp430/lib/mmpy-16/libc.a(puts.o)
 .debug_abbrev  0x00000000000005b9       0xf0 /usr/bin/../lib/gcc/msp430/4.6.3/../../../../msp430/lib/mmpy-16/libc.a(rand.o)
 .debug_abbrev  0x00000000000006a9       0x14 /usr/bin/../lib/gcc/msp430/4.6.3/mmpy-16/libgcc.a(_udivmod64.o)
 .debug_abbrev  0x00000000000006bd       0x14 /usr/bin/../lib/gcc/msp430/4.6.3/mmpy-16/libcrt0.a(__watchdog_support.o)
 .debug_abbrev  0x00000000000006d1       0x14 /usr/bin/../lib/gcc/msp430/4.6.3/mmpy-16/libcrt0.a(__init_stack.o)
 .debug_abbrev  0x00000000000006e5       0x14 /usr/bin/../lib/gcc/msp430/4.6.3/mmpy-16/libcrt0.a(_copy_data.o)
 .debug_abbrev  0x00000000000006f9       0x14 /usr/bin/../lib/gcc/msp430/4.6.3/mmpy-16/libcrt0.a(_clear_bss.o)
 .debug_abbrev  0x000000000000070d       0x14 /usr/bin/../lib/gcc/msp430/4.6.3/mmpy-16/libcrt0.a(_endless_loop__.o)
 .debug_abbrev  0x0000000000000721       0x14 /usr/bin/../lib/gcc/msp430/4.6.3/mmpy-16/libcrt0.a(_unexpected_.o)

.debug_line     0x0000000000000000      0xc8b
 *(.debug_line)
 .debug_line    0x0000000000000000       0x74 /usr/bin/../lib/gcc/msp430/4.6.3/mmpy-16/libgcc.a(_mulsi3.o)
 .debug_line    0x0000000000000074       0x6d /usr/bin/../lib/gcc/msp430/4.6.3/mmpy-16/libgcc.a(_udivmod16.o)
 .debug_line    0x00000000000000e1       0x78 /usr/bin/../lib/gcc/msp430/4.6.3/mmpy-16/libgcc.a(_divmod16.o)
 .debug_line    0x0000000000000159       0x7c /usr/bin/../lib/gcc/msp430/4.6.3/mmpy-16/libgcc.a(_udivmod32.o)
 .debug_line    0x00000000000001d5       0xba /usr/bin/../lib/gcc/msp430/4.6.3/../../../../msp430/lib/mmpy-16/libc.a(strncmp.o)
 .debug_line    0x000000000000028f       0xb8 /usr/bin/../lib/gcc/msp430/4.6.3/../../../../msp430/lib/mmpy-16/libc.a(memcmp.o)
 .debug_line    0x0000000000000347      0x12e /usr/bin/../lib/gcc/msp430/4.6.3/../../../../msp430/lib/mmpy-16/libc.a(memcpy.o)
 .debug_line    0x0000000000000475      0x10d /usr/bin/../lib/gcc/msp430/4.6.3/../../../../msp430/lib/mmpy-16/libc.a(memset.o)
 .debug_line    0x0000000000000582       0xb7 /usr/bin/../lib/gcc/msp430/4.6.3/../../../../msp430/lib/mmpy-16/libc.a(printf.o)
 .debug_line    0x0000000000000639      0x317 /usr/bin/../lib/gcc/msp430/4.6.3/../../../../msp430/lib/mmpy-16/libc.a(vuprintf.o)
 .debug_line    0x0000000000000950       0x4d /usr/bin/../lib/gcc/msp430/4.6.3/../../../../msp430/lib/mmpy-16/libc.a(puts.o)
 .debug_line    0x000000000000099d       0x4f /usr/bin/../lib/gcc/msp430/4.6.3/../../../../msp430/lib/mmpy-16/libc.a(rand.o)
 .debug_line    0x00000000000009ec       0xc2 /usr/bin/../lib/gcc/msp430/4.6.3/mmpy-16/libgcc.a(_udivmod64.o)
 .debug_line    0x0000000000000aae       0x4f /usr/bin/../lib/gcc/msp430/4.6.3/mmpy-16/libcrt0.a(__watchdog_support.o)
 .debug_line    0x0000000000000afd       0x4d /usr/bin/../lib/gcc/msp430/4.6.3/mmpy-16/libcrt0.a(__init_stack.o)
 .debug_line    0x0000000000000b4a       0x53 /usr/bin/../lib/gcc/msp430/4.6.3/mmpy-16/libcrt0.a(_copy_data.o)
 .debug_line    0x0000000000000b9d       0x53 /usr/bin/../lib/gcc/msp430/4.6.3/mmpy-16/libcrt0.a(_clear_bss.o)
 .debug_line    0x0000000000000bf0       0x4e /usr/bin/../lib/gcc/msp430/4.6.3/mmpy-16/libcrt0.a(_endless_loop__.o)
 .debug_line    0x0000000000000c3e       0x4d /usr/bin/../lib/gcc/msp430/4.6.3/mmpy-16/libcrt0.a(_unexpected_.o)

.debug_frame    0x0000000000000000      0x1ec
 *(.debug_frame)
 .debug_frame   0x0000000000000000       0x24 /usr/bin/../lib/gcc/msp430/4.6.3/../../../../msp430/lib/mmpy-16/libc.a(strncmp.o)
 .debug_frame   0x0000000000000024       0x24 /usr/bin/../lib/gcc/msp430/4.6.3/../../../../msp430/lib/mmpy-16/libc.a(memcmp.o)
 .debug_frame   0x0000000000000048       0x38 /usr/bin/../lib/gcc/msp430/4.6.3/../../../../msp430/lib/mmpy-16/libc.a(memcpy.o)
 .debug_frame   0x0000000000000080       0x32 /usr/bin/../lib/gcc/msp430/4.6.3/../../../../msp430/lib/mmpy-16/libc.a(memset.o)
 .debug_frame   0x00000000000000b2       0x2a /usr/bin/../lib/gcc/msp430/4.6.3/../../../../msp430/lib/mmpy-16/libc.a(printf.o)
 .debug_frame   0x00000000000000dc       0xb0 /usr/bin/../lib/gcc/msp430/4.6.3/../../../../msp430/lib/mmpy-16/libc.a(vuprintf.o)
 .debug_frame   0x000000000000018c       0x24 /usr/bin/../lib/gcc/msp430/4.6.3/../../../../msp430/lib/mmpy-16/libc.a(puts.o)
 .debug_frame   0x00000000000001b0       0x3c /usr/bin/../lib/gcc/msp430/4.6.3/../../../../msp430/lib/mmpy-16/libc.a(rand.o)

.debug_str      0x0000000000000000      0x40d
 *(.debug_str)
 .debug_str     0x0000000000000000       0xf5 /usr/bin/../lib/gcc/msp430/4.6.3/../../../../msp430/lib/mmpy-16/libc.a(strncmp.o)
                                        0x12e (size before relaxing)
 .debug_str     0x00000000000000f5       0x19 /usr/bin/../lib/gcc/msp430/4.6.3/../../../../msp430/lib/mmpy-16/libc.a(memcmp.o)
                                        0x12c (size before relaxing)
 .debug_str     0x000000000000010e       0x34 /usr/bin/../lib/gcc/msp430/4.6.3/../../../../msp430/lib/mmpy-16/libc.a(memcpy.o)
                                        0x147 (size before relaxing)
 .debug_str     0x0000000000000142       0x26 /usr/bin/../lib/gcc/msp430/4.6.3/../../../../msp430/lib/mmpy-16/libc.a(memset.o)
                                        0x145 (size before relaxing)
 .debug_str     0x0000000000000168       0x40 /usr/bin/../lib/gcc/msp430/4.6.3/../../../../msp430/lib/mmpy-16/libc.a(printf.o)
                                        0x15b (size before relaxing)
 .debug_str     0x00000000000001a8      0x221 /usr/bin/../lib/gcc/msp430/4.6.3/../../../../msp430/lib/mmpy-16/libc.a(vuprintf.o)
                                        0x3a6 (size before relaxing)
 .debug_str     0x00000000000003c9       0x15 /usr/bin/../lib/gcc/msp430/4.6.3/../../../../msp430/lib/mmpy-16/libc.a(puts.o)
                                        0x121 (size before relaxing)
 .debug_str     0x00000000000003de       0x2f /usr/bin/../lib/gcc/msp430/4.6.3/../../../../msp430/lib/mmpy-16/libc.a(rand.o)
                                        0x140 (size before relaxing)

.debug_loc      0x0000000000000000      0xaf3
 *(.debug_loc)
 .debug_loc     0x0000000000000000       0x38 /usr/bin/../lib/gcc/msp430/4.6.3/../../../../msp430/lib/mmpy-16/libc.a(strncmp.o)
 .debug_loc     0x0000000000000038       0x5e /usr/bin/../lib/gcc/msp430/4.6.3/../../../../msp430/lib/mmpy-16/libc.a(memcmp.o)
 .debug_loc     0x0000000000000096      0x1f0 /usr/bin/../lib/gcc/msp430/4.6.3/../../../../msp430/lib/mmpy-16/libc.a(memcpy.o)
 .debug_loc     0x0000000000000286       0xdb /usr/bin/../lib/gcc/msp430/4.6.3/../../../../msp430/lib/mmpy-16/libc.a(memset.o)
 .debug_loc     0x0000000000000361       0x38 /usr/bin/../lib/gcc/msp430/4.6.3/../../../../msp430/lib/mmpy-16/libc.a(printf.o)
 .debug_loc     0x0000000000000399      0x705 /usr/bin/../lib/gcc/msp430/4.6.3/../../../../msp430/lib/mmpy-16/libc.a(vuprintf.o)
 .debug_loc     0x0000000000000a9e       0x26 /usr/bin/../lib/gcc/msp430/4.6.3/../../../../msp430/lib/mmpy-16/libc.a(puts.o)
 .debug_loc     0x0000000000000ac4       0x2f /usr/bin/../lib/gcc/msp430/4.6.3/../../../../msp430/lib/mmpy-16/libc.a(rand.o)

.debug_macinfo
 *(.debug_macinfo)

.debug_pubtypes
 *(.debug_pubtypes)

.debug_ranges   0x0000000000000000       0x18
 *(.debug_ranges)
 .debug_ranges  0x0000000000000000       0x18 /usr/bin/../lib/gcc/msp430/4.6.3/../../../../msp430/lib/mmpy-16/libc.a(vuprintf.o)
                0x0000000000003900                PROVIDE (__stack, (ORIGIN (ram) + 0x2800))
                0x0000000000009608                PROVIDE (__data_start_rom, _etext)
                0x0000000000009696                PROVIDE (__data_end_rom, (_etext + SIZEOF (.data)))
OUTPUT(transmitter1.sky elf32-msp430)
