Archive member included because of file (symbol)

contiki-sky.a(contiki-sky-pla)
                              obj_sky/contiki-sky-main.o (init_platform)
contiki-sky.a(button-sensor.o)
                              contiki-sky.a(contiki-sky-pla) (button_sensor)
contiki-sky.a(ds2411.o)       obj_sky/contiki-sky-main.o (ds2411_init)
contiki-sky.a(xmem.o)         obj_sky/contiki-sky-main.o (xmem_init)
contiki-sky.a(node-id.o)      obj_sky/contiki-sky-main.o (node_id_restore)
contiki-sky.a(sensors.o)      contiki-sky.a(button-sensor.o) (sensors_changed)
contiki-sky.a(cc2420.o)       interferer_example_micro.co (cc2420_set_channel)
contiki-sky.a(cc2420-arch.o)  contiki-sky.a(cc2420.o) (cc2420_arch_init)
contiki-sky.a(uart1.o)        obj_sky/contiki-sky-main.o (uart1_active)
contiki-sky.a(uart1-putchar.o)
                              obj_sky/contiki-sky-main.o (putchar)
contiki-sky.a(msp430.o)       contiki-sky.a(uart1.o) (msp430_add_lpm_req)
contiki-sky.a(clock.o)        obj_sky/contiki-sky-main.o (clock_init)
contiki-sky.a(leds.o)         obj_sky/contiki-sky-main.o (leds_init)
contiki-sky.a(leds-arch.o)    contiki-sky.a(leds.o) (leds_arch_init)
contiki-sky.a(watchdog.o)     obj_sky/contiki-sky-main.o (watchdog_start)
contiki-sky.a(rtimer-arch.o)  obj_sky/contiki-sky-main.o (rtimer_arch_now)
contiki-sky.a(autostart.o)    obj_sky/contiki-sky-main.o (autostart_start)
contiki-sky.a(ctimer.o)       obj_sky/contiki-sky-main.o (ctimer_init)
contiki-sky.a(energest.o)     obj_sky/contiki-sky-main.o (energest_init)
contiki-sky.a(etimer.o)       contiki-sky.a(clock.o) (etimer_request_poll)
contiki-sky.a(process.o)      contiki-sky.a(ctimer.o) (process_current)
contiki-sky.a(rtimer.o)       obj_sky/contiki-sky-main.o (rtimer_init)
contiki-sky.a(timer.o)        obj_sky/contiki-sky-main.o (timer_set)
contiki-sky.a(serial-line.o)  obj_sky/contiki-sky-main.o (serial_line_input_byte)
contiki-sky.a(list.o)         contiki-sky.a(ctimer.o) (list_init)
contiki-sky.a(random.o)       obj_sky/contiki-sky-main.o (random_init)
contiki-sky.a(ringbuf.o)      contiki-sky.a(serial-line.o) (ringbuf_init)
contiki-sky.a(rime.o)         obj_sky/contiki-sky-main.o (rime_driver)
contiki-sky.a(nullmac.o)      obj_sky/contiki-sky-main.o (nullmac_driver)
contiki-sky.a(nullrdc.o)      obj_sky/contiki-sky-main.o (nullrdc_driver)
contiki-sky.a(linkaddr.o)     obj_sky/contiki-sky-main.o (linkaddr_copy)
contiki-sky.a(packetbuf.o)    contiki-sky.a(cc2420.o) (packetbuf_set_datalen)
contiki-sky.a(queuebuf.o)     contiki-sky.a(rime.o) (queuebuf_init)
contiki-sky.a(powertrace.o)   interferer_example_micro.co (powertrace_start)
contiki-sky.a(spi.o)          contiki-sky.a(xmem.o) (spi_init)
contiki-sky.a(compower.o)     contiki-sky.a(powertrace.o) (compower_idle_activity)
contiki-sky.a(memb.o)         contiki-sky.a(queuebuf.o) (memb_init)
contiki-sky.a(abc.o)          contiki-sky.a(rime.o) (abc_input)
contiki-sky.a(announcement.o)
                              contiki-sky.a(rime.o) (announcement_init)
contiki-sky.a(broadcast-annou)
                              contiki-sky.a(rime.o) (broadcast_announcement_init)
contiki-sky.a(broadcast.o)    contiki-sky.a(broadcast-annou) (broadcast_open)
contiki-sky.a(chameleon.o)    contiki-sky.a(rime.o) (chameleon_init)
contiki-sky.a(channel.o)      contiki-sky.a(chameleon.o) (channel_init)
contiki-sky.a(framer-802154.o)
                              contiki-sky.a(nullrdc.o) (framer_802154)
contiki-sky.a(mac.o)          contiki-sky.a(nullrdc.o) (mac_call_sent_callback)
contiki-sky.a(chameleon-bitop)
                              contiki-sky.a(chameleon.o) (chameleon_bitopt)
contiki-sky.a(frame802154.o)  contiki-sky.a(framer-802154.o) (frame802154_hdrlen)
/usr/bin/../lib/gcc/msp430/4.6.3/mmpy-16/libgcc.a(_mulsi3.o)
                              contiki-sky.a(powertrace.o) (__mulsi3)
/usr/bin/../lib/gcc/msp430/4.6.3/mmpy-16/libgcc.a(_udivmod32.o)
                              obj_sky/contiki-sky-main.o (__udivsi3)
/usr/bin/../lib/gcc/msp430/4.6.3/../../../../msp430/lib/mmpy-16/libc.a(strncmp.o)
                              contiki-sky.a(sensors.o) (strncmp)
/usr/bin/../lib/gcc/msp430/4.6.3/../../../../msp430/lib/mmpy-16/libc.a(memcmp.o)
                              contiki-sky.a(linkaddr.o) (memcmp)
/usr/bin/../lib/gcc/msp430/4.6.3/../../../../msp430/lib/mmpy-16/libc.a(memcpy.o)
                              contiki-sky.a(packetbuf.o) (memcpy)
/usr/bin/../lib/gcc/msp430/4.6.3/../../../../msp430/lib/mmpy-16/libc.a(memset.o)
                              obj_sky/contiki-sky-main.o (memset)
/usr/bin/../lib/gcc/msp430/4.6.3/../../../../msp430/lib/mmpy-16/libc.a(printf.o)
                              obj_sky/contiki-sky-main.o (printf)
/usr/bin/../lib/gcc/msp430/4.6.3/../../../../msp430/lib/mmpy-16/libc.a(vuprintf.o)
                              /usr/bin/../lib/gcc/msp430/4.6.3/../../../../msp430/lib/mmpy-16/libc.a(printf.o) (vuprintf)
/usr/bin/../lib/gcc/msp430/4.6.3/../../../../msp430/lib/mmpy-16/libc.a(puts.o)
[...]
Memory Configuration

Name             Origin             Length             Attributes
sfr              0x0000000000000000 0x0000000000000010
peripheral_8bit  0x0000000000000010 0x00000000000000f0
peripheral_16bit 0x0000000000000100 0x0000000000000100
ram_mirror       0x0000000000000200 0x0000000000000800 xw
infomem          0x0000000000001000 0x0000000000000100
infob            0x0000000000001000 0x0000000000000080
infoa            0x0000000000001080 0x0000000000000080
ram              0x0000000000001100 0x0000000000002800 xw
rom              0x0000000000004000 0x000000000000bfe0 xr
vectors          0x000000000000ffe0 0x0000000000000020
bsl              0x0000000000000000 0x0000000000000000
infoc            0x0000000000000000 0x0000000000000000
infod            0x0000000000000000 0x0000000000000000
ram2             0x0000000000000000 0x0000000000000000 xw
usbram           0x0000000000000000 0x0000000000000000 xw
far_rom          0x0000000000000000 0x0000000000000000
*default*        0x0000000000000000 0xffffffffffffffff

Linker script and memory map

LOAD /usr/bin/../lib/gcc/msp430/4.6.3/mmpy-16/crt0ivtbl16.o
LOAD interferer_example_micro.co
LOAD obj_sky/contiki-sky-main.o
LOAD contiki-sky.a
LOAD /usr/bin/../lib/gcc/msp430/4.6.3/../../../../msp430/lib/mmpy-16/libm.a
LOAD /usr/bin/../lib/gcc/msp430/4.6.3/mmpy-16/libgcc.a
LOAD /usr/bin/../lib/gcc/msp430/4.6.3/../../../../msp430/lib/mmpy-16/libc.a
LOAD /usr/bin/../lib/gcc/msp430/4.6.3/mmpy-16/libgcc.a
LOAD /usr/bin/../lib/gcc/msp430/4.6.3/mmpy-16/libcrt0.a
                0x0000000000000080                PROVIDE (__info_segment_size, 0x80)
                0x0000000000001000                PROVIDE (__infob, 0x1000)
                0x0000000000001080                PROVIDE (__infoa, 0x1080)
                0x0000000000000000                __IE1 = 0x0
                0x0000000000000002                __IFG1 = 0x2
                0x0000000000000004                __ME1 = 0x4
                0x0000000000000001                __IE2 = 0x1
                0x0000000000000003                __IFG2 = 0x3
                0x0000000000000005                __ME2 = 0x5
                0x0000000000000120                __WDTCTL = 0x120
                0x0000000000000130                __MPY = 0x130
                0x0000000000000132                __MPYS = 0x132
                0x0000000000000134                __MAC = 0x134
                0x0000000000000136                __MACS = 0x136
                0x0000000000000138                __OP2 = 0x138
                0x000000000000013a                __RESLO = 0x13a
                0x000000000000013c                __RESHI = 0x13c
                0x000000000000013e                __SUMEXT = 0x13e
                0x0000000000000020                __P1IN = 0x20
                0x0000000000000021                __P1OUT = 0x21
                0x0000000000000022                __P1DIR = 0x22
                0x0000000000000023                __P1IFG = 0x23
                0x0000000000000024                __P1IES = 0x24
                0x0000000000000025                __P1IE = 0x25
                0x0000000000000026                __P1SEL = 0x26
                0x0000000000000028                __P2IN = 0x28
                0x0000000000000029                __P2OUT = 0x29
                0x000000000000002a                __P2DIR = 0x2a
                0x000000000000002b                __P2IFG = 0x2b
                0x000000000000002c                __P2IES = 0x2c
                0x000000000000002d                __P2IE = 0x2d
                0x000000000000002e                __P2SEL = 0x2e
                0x0000000000000018                __P3IN = 0x18
                0x0000000000000019                __P3OUT = 0x19
                0x000000000000001a                __P3DIR = 0x1a
                0x000000000000001b                __P3SEL = 0x1b
                0x000000000000001c                __P4IN = 0x1c
                0x000000000000001d                __P4OUT = 0x1d
                0x000000000000001e                __P4DIR = 0x1e
                0x000000000000001f                __P4SEL = 0x1f
                0x0000000000000030                __P5IN = 0x30
                0x0000000000000031                __P5OUT = 0x31
                0x0000000000000032                __P5DIR = 0x32
                0x0000000000000033                __P5SEL = 0x33
                0x0000000000000034                __P6IN = 0x34
                0x0000000000000035                __P6OUT = 0x35
                0x0000000000000036                __P6DIR = 0x36
                0x0000000000000037                __P6SEL = 0x37
                0x0000000000000070                __U0CTL = 0x70
                0x0000000000000071                __U0TCTL = 0x71
                0x0000000000000072                __U0RCTL = 0x72
                0x0000000000000073                __U0MCTL = 0x73
                0x0000000000000074                __U0BR0 = 0x74
                0x0000000000000075                __U0BR1 = 0x75
                0x0000000000000076                __U0RXBUF = 0x76
                0x0000000000000077                __U0TXBUF = 0x77
                0x0000000000000078                __U1CTL = 0x78
                0x0000000000000079                __U1TCTL = 0x79
                0x000000000000007a                __U1RCTL = 0x7a
                0x000000000000007b                __U1MCTL = 0x7b
                0x000000000000007c                __U1BR0 = 0x7c
                0x000000000000007d                __U1BR1 = 0x7d
                0x000000000000007e                __U1RXBUF = 0x7e
                0x000000000000007f                __U1TXBUF = 0x7f
                0x0000000000000050                __I2CIE = 0x50
                0x0000000000000051                __I2CIFG = 0x51
                0x0000000000000052                __I2CNDAT = 0x52
                0x0000000000000071                __I2CTCTL = 0x71
                0x0000000000000072                __I2CDCTL = 0x72
                0x0000000000000073                __I2CPSC = 0x73
                0x0000000000000074                __I2CSCLH = 0x74
                0x0000000000000075                __I2CSCLL = 0x75
                0x0000000000000076                __I2CDRB = 0x76
                0x0000000000000076                __I2CDRW = 0x76
                0x0000000000000118                __I2COA = 0x118
                0x000000000000011a                __I2CSA = 0x11a
                0x000000000000011c                __I2CIV = 0x11c
                0x000000000000012e                __TAIV = 0x12e
                0x0000000000000160                __TACTL = 0x160
                0x0000000000000162                __TACCTL0 = 0x162
                0x0000000000000164                __TACCTL1 = 0x164
                0x0000000000000166                __TACCTL2 = 0x166
                0x0000000000000170                __TAR = 0x170
                0x0000000000000172                __TACCR0 = 0x172
                0x0000000000000174                __TACCR1 = 0x174
                0x0000000000000176                __TACCR2 = 0x176
                0x000000000000011e                __TBIV = 0x11e
                0x0000000000000180                __TBCTL = 0x180
                0x0000000000000182                __TBCCTL0 = 0x182
                0x0000000000000184                __TBCCTL1 = 0x184
                0x0000000000000186                __TBCCTL2 = 0x186
                0x0000000000000188                __TBCCTL3 = 0x188
                0x000000000000018a                __TBCCTL4 = 0x18a
                0x000000000000018c                __TBCCTL5 = 0x18c
                0x000000000000018e                __TBCCTL6 = 0x18e
                0x0000000000000190                __TBR = 0x190
                0x0000000000000192                __TBCCR0 = 0x192
                0x0000000000000194                __TBCCR1 = 0x194
                0x0000000000000196                __TBCCR2 = 0x196
                0x0000000000000198                __TBCCR3 = 0x198
                0x000000000000019a                __TBCCR4 = 0x19a
                0x000000000000019c                __TBCCR5 = 0x19c
                0x000000000000019e                __TBCCR6 = 0x19e
                0x0000000000000056                __DCOCTL = 0x56
                0x0000000000000057                __BCSCTL1 = 0x57
                0x0000000000000058                __BCSCTL2 = 0x58
                0x0000000000000055                __SVSCTL = 0x55
                0x0000000000000128                __FCTL1 = 0x128
                0x000000000000012a                __FCTL2 = 0x12a
                0x000000000000012c                __FCTL3 = 0x12c
                0x0000000000000059                __CACTL1 = 0x59
                0x000000000000005a                __CACTL2 = 0x5a
                0x000000000000005b                __CAPD = 0x5b
                0x00000000000001a0                __ADC12CTL0 = 0x1a0
                0x00000000000001a2                __ADC12CTL1 = 0x1a2
                0x00000000000001a4                __ADC12IFG = 0x1a4
                0x00000000000001a6                __ADC12IE = 0x1a6
                0x00000000000001a8                __ADC12IV = 0x1a8
                0x0000000000000140                __ADC12MEM0 = 0x140
                0x0000000000000142                __ADC12MEM1 = 0x142
                0x0000000000000144                __ADC12MEM2 = 0x144
                0x0000000000000146                __ADC12MEM3 = 0x146
                0x0000000000000148                __ADC12MEM4 = 0x148
                0x000000000000014a                __ADC12MEM5 = 0x14a
                0x000000000000014c                __ADC12MEM6 = 0x14c
                0x000000000000014e                __ADC12MEM7 = 0x14e
                0x0000000000000150                __ADC12MEM8 = 0x150
                0x0000000000000152                __ADC12MEM9 = 0x152
                0x0000000000000154                __ADC12MEM10 = 0x154
                0x0000000000000156                __ADC12MEM11 = 0x156
                0x0000000000000158                __ADC12MEM12 = 0x158
                0x000000000000015a                __ADC12MEM13 = 0x15a
                0x000000000000015c                __ADC12MEM14 = 0x15c
                0x000000000000015e                __ADC12MEM15 = 0x15e
                0x0000000000000080                __ADC12MCTL0 = 0x80
                0x0000000000000081                __ADC12MCTL1 = 0x81
                0x0000000000000082                __ADC12MCTL2 = 0x82
                0x0000000000000083                __ADC12MCTL3 = 0x83
                0x0000000000000084                __ADC12MCTL4 = 0x84
                0x0000000000000085                __ADC12MCTL5 = 0x85
                0x0000000000000086                __ADC12MCTL6 = 0x86
                0x0000000000000087                __ADC12MCTL7 = 0x87
                0x0000000000000088                __ADC12MCTL8 = 0x88
                0x0000000000000089                __ADC12MCTL9 = 0x89
                0x000000000000008a                __ADC12MCTL10 = 0x8a
                0x000000000000008b                __ADC12MCTL11 = 0x8b
                0x000000000000008c                __ADC12MCTL12 = 0x8c
                0x000000000000008d                __ADC12MCTL13 = 0x8d
                0x000000000000008e                __ADC12MCTL14 = 0x8e
                0x000000000000008f                __ADC12MCTL15 = 0x8f
                0x00000000000001c0                __DAC12_0CTL = 0x1c0
                0x00000000000001c2                __DAC12_1CTL = 0x1c2
                0x00000000000001c8                __DAC12_0DAT = 0x1c8
                0x00000000000001ca                __DAC12_1DAT = 0x1ca
                0x0000000000000122                __DMACTL0 = 0x122
                0x0000000000000124                __DMACTL1 = 0x124
                0x00000000000001e0                __DMA0CTL = 0x1e0
                0x00000000000001e8                __DMA1CTL = 0x1e8
                0x00000000000001f0                __DMA2CTL = 0x1f0
                0x00000000000001e2                __DMA0SA = 0x1e2
                0x00000000000001e4                __DMA0DA = 0x1e4
                0x00000000000001e6                __DMA0SZ = 0x1e6
                0x00000000000001ea                __DMA1SA = 0x1ea
                0x00000000000001ec                __DMA1DA = 0x1ec
                0x00000000000001ee                __DMA1SZ = 0x1ee
                0x00000000000001f2                __DMA2SA = 0x1f2
                0x00000000000001f4                __DMA2DA = 0x1f4
                0x00000000000001f6                __DMA2SZ = 0x1f6

.hash
 *(.hash)

.dynsym
 *(.dynsym)

.dynstr
 *(.dynstr)

.gnu.version
 *(.gnu.version)

.gnu.version_d
 *(.gnu.version_d)

.gnu.version_r
 *(.gnu.version_r)

.rel.init
 *(.rel.init)

.rela.init
 *(.rela.init)

.rel.fini
 *(.rel.fini)

.rela.fini
 *(.rela.fini)

.rel.text
 *(.rel.text .rel.text.* .rel.gnu.linkonce.t.*)

.rela.text
 *(.rela.text .rela.text.* .rela.gnu.linkonce.t.*)

.rel.rodata
 *(.rel.rodata .rel.rodata.* .rel.gnu.linkonce.r.*)

.rela.rodata
 *(.rela.rodata .rela.rodata.* .rela.gnu.linkonce.r.*)

.rel.data
 *(.rel.data .rel.data.* .rel.gnu.linkonce.d.*)

.rela.data
 *(.rela.data .rela.data.* .rela.gnu.linkonce.d.*)

.rel.bss
 *(.rel.bss .rel.bss.* .rel.gnu.linkonce.b.*)

.rela.bss
 *(.rela.bss .rela.bss.* .rela.gnu.linkonce.b.*)

.rel.ctors
 *(.rel.ctors)

.rela.ctors
 *(.rela.ctors)

.rel.dtors
 *(.rel.dtors)

.rela.dtors
 *(.rela.dtors)

.rel.got
 *(.rel.got)

.rela.got
 *(.rela.got)

.rel.plt
 *(.rel.plt)

.rela.plt
 *(.rela.plt)

.text           0x0000000000004000     0x4dc4
                0x0000000000004000                . = ALIGN (0x2)
 *(.init .init.*)
 *(.init0)
 .init0         0x0000000000004000        0x0 /usr/bin/../lib/gcc/msp430/4.6.3/mmpy-16/libcrt0.a(_reset_vector__.o)
                0x0000000000004000                _reset_vector__
 *(.init1)
 .init1         0x0000000000004000        0xc /usr/bin/../lib/gcc/msp430/4.6.3/mmpy-16/libcrt0.a(__watchdog_support.o)
                0x0000000000004000                __watchdog_support
 *(.init2)
 .init2         0x000000000000400c        0x4 /usr/bin/../lib/gcc/msp430/4.6.3/mmpy-16/libcrt0.a(__init_stack.o)
                0x000000000000400c                __init_stack
 *(.init3)
 .init3         0x0000000000004010        0x0 /usr/bin/../lib/gcc/msp430/4.6.3/mmpy-16/libcrt0.a(__low_level_init.o)
                0x0000000000004010                __low_level_init
 *(.init4)
 .init4         0x0000000000004010       0x18 /usr/bin/../lib/gcc/msp430/4.6.3/mmpy-16/libcrt0.a(_copy_data.o)
                0x0000000000004010                __do_copy_data
 .init4         0x0000000000004028       0x16 /usr/bin/../lib/gcc/msp430/4.6.3/mmpy-16/libcrt0.a(_clear_bss.o)
                0x0000000000004028                __do_clear_bss
 *(.init5)
 *(.init6)
 *(.init7)
 *(.init8)
 *(.init9)
 .init9         0x000000000000403e      0x2fa obj_sky/contiki-sky-main.o
                0x000000000000403e                main
 *(.fini9)
 .fini9         0x0000000000004338        0x0 /usr/bin/../lib/gcc/msp430/4.6.3/mmpy-16/libcrt0.a(__stop_progExec__.o)
                0x0000000000004338                __stop_progExec__
 *(.fini8)
 *(.fini7)
 *(.fini6)
 *(.fini5)
 *(.fini4)
 *(.fini3)
 *(.fini2)
 *(.fini1)
 *(.fini0)
 .fini0         0x0000000000004338        0x6 /usr/bin/../lib/gcc/msp430/4.6.3/mmpy-16/libcrt0.a(_endless_loop__.o)
                0x0000000000004338                _endless_loop__
 *(.fini .fini.*)
                0x000000000000433e                . = ALIGN (0x2)
                0x000000000000433e                __ctors_start = .
 *(.ctors)
                0x000000000000433e                __ctors_end = .
                0x000000000000433e                __dtors_start = .
 *(.dtors)
                0x000000000000433e                __dtors_end = .
                0x000000000000433e                . = ALIGN (0x2)
 *(.text .text.* .gnu.linkonce.t.*)
 .text          0x000000000000433e        0x4 /usr/bin/../lib/gcc/msp430/4.6.3/mmpy-16/crt0ivtbl16.o
                0x000000000000433e                __isr_14
                0x000000000000433e                __isr_11
                0x000000000000433e                __isr_2
                0x000000000000433e                __isr_7
                0x000000000000433e                __isr_0
                0x000000000000433e                __isr_8
                0x000000000000433e                __isr_3
                0x000000000000433e                __isr_12
                0x000000000000433e                __isr_13
                0x000000000000433e                __isr_9
 .text.process_thread_interferer_example
                0x0000000000004342      0x366 interferer_example_micro.co
 .text.init_platform
                0x00000000000046a8        0xc contiki-sky.a(contiki-sky-pla)
                0x00000000000046a8                init_platform
 .text.status   0x00000000000046b4       0x16 contiki-sky.a(button-sensor.o)
 .text.configure
                0x00000000000046ca       0x52 contiki-sky.a(button-sensor.o)
 .text.value    0x000000000000471c       0x22 contiki-sky.a(button-sensor.o)
 .text.irq_p2   0x000000000000473e       0x8a contiki-sky.a(button-sensor.o)
                0x000000000000473e                irq_p2
                0x000000000000473e                __isr_1
 .text.owreadb  0x00000000000047c8       0x52 contiki-sky.a(ds2411.o)
 .text.ds2411_init
                0x000000000000481a      0x122 contiki-sky.a(ds2411.o)
                0x000000000000481a                ds2411_init
 .text.wait_ready
                0x000000000000493c       0x50 contiki-sky.a(xmem.o)
 .text.xmem_init
                0x000000000000498c       0x3e contiki-sky.a(xmem.o)
                0x000000000000498c                xmem_init
 .text.xmem_pread
                0x00000000000049ca       0xea contiki-sky.a(xmem.o)
                0x00000000000049ca                xmem_pread
 .text.node_id_restore
                0x0000000000004ab4       0x38 contiki-sky.a(node-id.o)
                0x0000000000004ab4                node_id_restore
 .text.process_thread_sensors_process
                0x0000000000004aec       0xbe contiki-sky.a(sensors.o)
 .text.sensors_changed
                0x0000000000004baa       0x2a contiki-sky.a(sensors.o)
                0x0000000000004baa                sensors_changed
 .text.get_object
                0x0000000000004bd4        0x4 contiki-sky.a(cc2420.o)
 .text.set_object
                0x0000000000004bd8        0x4 contiki-sky.a(cc2420.o)
 .text.strobe   0x0000000000004bdc       0x20 contiki-sky.a(cc2420.o)
 .text.status   0x0000000000004bfc       0x26 contiki-sky.a(cc2420.o)
 .text.getreg   0x0000000000004c22       0x54 contiki-sky.a(cc2420.o)
 .text.setreg   0x0000000000004c76       0x52 contiki-sky.a(cc2420.o)
 .text.write_ram
                0x0000000000004cc8       0x58 contiki-sky.a(cc2420.o)
 .text.set_txpower
                0x0000000000004d20       0x26 contiki-sky.a(cc2420.o)
 .text.cc2420_receiving_packet
                0x0000000000004d46        0xe contiki-sky.a(cc2420.o)
 .text.pending_packet
                0x0000000000004d54        0x8 contiki-sky.a(cc2420.o)
 .text.wait_for_status
                0x0000000000004d5c       0x2a contiki-sky.a(cc2420.o)
 .text.on       0x0000000000004d86       0x26 contiki-sky.a(cc2420.o)
 .text.getrxbyte
                0x0000000000004dac       0x40 contiki-sky.a(cc2420.o)
 .text.flushrx  0x0000000000004dec       0x18 contiki-sky.a(cc2420.o)
 .text.getrxdata
                0x0000000000004e04       0x56 contiki-sky.a(cc2420.o)
 .text.wait_for_not_status.constprop.6
                0x0000000000004e5a       0x22 contiki-sky.a(cc2420.o)
 .text.off      0x0000000000004e7c       0x5a contiki-sky.a(cc2420.o)
 .text.RELEASE_LOCK
                0x0000000000004ed6       0x28 contiki-sky.a(cc2420.o)
 .text.cc2420_prepare
                0x0000000000004efe       0x8a contiki-sky.a(cc2420.o)
 .text.cc2420_on
                0x0000000000004f88       0x22 contiki-sky.a(cc2420.o)
                0x0000000000004f88                cc2420_on
 .text.cc2420_read
                0x0000000000004faa       0xb6 contiki-sky.a(cc2420.o)
 .text.process_thread_cc2420_process
                0x0000000000005060       0x50 contiki-sky.a(cc2420.o)
 .text.cc2420_off
                0x00000000000050b0       0x30 contiki-sky.a(cc2420.o)
                0x00000000000050b0                cc2420_off
 .text.cc2420_cca
                0x00000000000050e0       0x5e contiki-sky.a(cc2420.o)
 .text.cc2420_set_channel
                0x000000000000513e       0x44 contiki-sky.a(cc2420.o)
                0x000000000000513e                cc2420_set_channel
 .text.cc2420_set_pan_addr
                0x0000000000005182       0x82 contiki-sky.a(cc2420.o)
                0x0000000000005182                cc2420_set_pan_addr
 .text.cc2420_interrupt
                0x0000000000005204       0x1c contiki-sky.a(cc2420.o)
                0x0000000000005204                cc2420_interrupt
 .text.cc2420_set_txpower
                0x0000000000005220        0xe contiki-sky.a(cc2420.o)
                0x0000000000005220                cc2420_set_txpower
 .text.set_value
                0x000000000000522e       0x78 contiki-sky.a(cc2420.o)
 .text.cc2420_get_txpower
                0x00000000000052a6       0x1e contiki-sky.a(cc2420.o)
                0x00000000000052a6                cc2420_get_txpower
 .text.cc2420_transmit
                0x00000000000052c4      0x128 contiki-sky.a(cc2420.o)
 .text.cc2420_send
                0x00000000000053ec       0x12 contiki-sky.a(cc2420.o)
 .text.cc2420_rssi
                0x00000000000053fe       0x48 contiki-sky.a(cc2420.o)
                0x00000000000053fe                cc2420_rssi
 .text.get_value
                0x0000000000005446       0x8e contiki-sky.a(cc2420.o)
 .text.cc2420_set_cca_threshold
                0x00000000000054d4       0x16 contiki-sky.a(cc2420.o)
                0x00000000000054d4                cc2420_set_cca_threshold
 .text.cc2420_init
                0x00000000000054ea       0xd8 contiki-sky.a(cc2420.o)
                0x00000000000054ea                cc2420_init
 .text.cc2420_port1_interrupt
                0x00000000000055c2       0x62 contiki-sky.a(cc2420-arch.o)
                0x00000000000055c2                __isr_4
                0x00000000000055c2                cc2420_port1_interrupt
 .text.cc2420_arch_init
                0x0000000000005624       0x1a contiki-sky.a(cc2420-arch.o)
                0x0000000000005624                cc2420_arch_init
 .text.handle_rxdma_timer
                0x000000000000563e       0x3a contiki-sky.a(uart1.o)
 .text.uart1_active
                0x0000000000005678       0x1a contiki-sky.a(uart1.o)
                0x0000000000005678                uart1_active
 .text.uart1_set_input
                0x0000000000005692       0x20 contiki-sky.a(uart1.o)
                0x0000000000005692                uart1_set_input
 .text.uart1_writeb
                0x00000000000056b2       0x1a contiki-sky.a(uart1.o)
                0x00000000000056b2                uart1_writeb
 .text.uart1_init
                0x00000000000056cc       0xf6 contiki-sky.a(uart1.o)
                0x00000000000056cc                uart1_init
 .text.putchar  0x00000000000057c2       0x10 contiki-sky.a(uart1-putchar.o)
                0x00000000000057c2                putchar
 .text.msp430_init_dco
                0x00000000000057d2       0x84 contiki-sky.a(msp430.o)
                0x00000000000057d2                msp430_init_dco
 .text.msp430_add_lpm_req
                0x0000000000005856        0xc contiki-sky.a(msp430.o)
                0x0000000000005856                msp430_add_lpm_req
 .text.msp430_cpu_init
                0x0000000000005862       0x2a contiki-sky.a(msp430.o)
                0x0000000000005862                msp430_cpu_init
 .text.splhigh_
                0x000000000000588c        0x8 contiki-sky.a(msp430.o)
                0x000000000000588c                splhigh_
 .text.msp430_sync_dco
                0x0000000000005894       0x68 contiki-sky.a(msp430.o)
                0x0000000000005894                msp430_sync_dco
 .text.timera1  0x00000000000058fc      0x11e contiki-sky.a(clock.o)
                0x00000000000058fc                __isr_5
                0x00000000000058fc                timera1
 .text.clock_time
                0x0000000000005a1a       0x1a contiki-sky.a(clock.o)
                0x0000000000005a1a                clock_time
 .text.clock_init
                0x0000000000005a34       0x28 contiki-sky.a(clock.o)
                0x0000000000005a34                clock_init
 .text.clock_delay
                0x0000000000005a5c        0xc contiki-sky.a(clock.o)
                0x0000000000005a5c                clock_delay
 .text.show_leds
                0x0000000000005a68       0xf6 contiki-sky.a(leds.o)
 .text.leds_init
                0x0000000000005b5e        0xa contiki-sky.a(leds.o)
                0x0000000000005b5e                leds_init
 .text.leds_on  0x0000000000005b68        0xa contiki-sky.a(leds.o)
                0x0000000000005b68                leds_on
 .text.leds_off
                0x0000000000005b72        0xe contiki-sky.a(leds.o)
                0x0000000000005b72                leds_off
 .text.leds_arch_init
                0x0000000000005b80        0xe contiki-sky.a(leds-arch.o)
                0x0000000000005b80                leds_arch_init
 .text.leds_arch_set
                0x0000000000005b8e       0x3a contiki-sky.a(leds-arch.o)
                0x0000000000005b8e                leds_arch_set
 .text.watchdog_interrupt
                0x0000000000005bc8        0x6 contiki-sky.a(watchdog.o)
                0x0000000000005bc8                __isr_10
                0x0000000000005bc8                watchdog_interrupt
 .text.watchdog_start
                0x0000000000005bce       0x14 contiki-sky.a(watchdog.o)
                0x0000000000005bce                watchdog_start
 .text.watchdog_periodic
                0x0000000000005be2       0x12 contiki-sky.a(watchdog.o)
                0x0000000000005be2                watchdog_periodic
 .text.watchdog_stop
                0x0000000000005bf4       0x16 contiki-sky.a(watchdog.o)
                0x0000000000005bf4                watchdog_stop
 .text.watchdog_init
                0x0000000000005c0a       0x14 contiki-sky.a(watchdog.o)
                0x0000000000005c0a                watchdog_init
 .text.rtimer_arch_init
                0x0000000000005c1e        0xe contiki-sky.a(rtimer-arch.o)
                0x0000000000005c1e                rtimer_arch_init
 .text.rtimer_arch_now
                0x0000000000005c2c        0xe contiki-sky.a(rtimer-arch.o)
                0x0000000000005c2c                rtimer_arch_now
 .text.timera0  0x0000000000005c3a       0x70 contiki-sky.a(rtimer-arch.o)
                0x0000000000005c3a                __isr_6
                0x0000000000005c3a                timera0
 .text.rtimer_arch_schedule
                0x0000000000005caa        0x6 contiki-sky.a(rtimer-arch.o)
                0x0000000000005caa                rtimer_arch_schedule
 .text.autostart_start
                0x0000000000005cb0       0x16 contiki-sky.a(autostart.o)
                0x0000000000005cb0                autostart_start
 .text.process_thread_ctimer_process
                0x0000000000005cc6       0xa4 contiki-sky.a(ctimer.o)
 .text.ctimer_init
                0x0000000000005d6a       0x18 contiki-sky.a(ctimer.o)
                0x0000000000005d6a                ctimer_init
 .text.ctimer_set
                0x0000000000005d82       0x5a contiki-sky.a(ctimer.o)
                0x0000000000005d82                ctimer_set
 .text.ctimer_reset
                0x0000000000005ddc       0x3a contiki-sky.a(ctimer.o)
                0x0000000000005ddc                ctimer_reset
 .text.energest_init
                0x0000000000005e16       0x28 contiki-sky.a(energest.o)
                0x0000000000005e16                energest_init
 .text.energest_type_time
                0x0000000000005e3e       0x46 contiki-sky.a(energest.o)
                0x0000000000005e3e                energest_type_time
 .text.energest_type_set
                0x0000000000005e84        0xe contiki-sky.a(energest.o)
                0x0000000000005e84                energest_type_set
 .text.energest_flush
                0x0000000000005e92       0x48 contiki-sky.a(energest.o)
                0x0000000000005e92                energest_flush
 .text.update_time
                0x0000000000005eda       0x78 contiki-sky.a(etimer.o)
 .text.etimer_request_poll
                0x0000000000005f52        0xa contiki-sky.a(etimer.o)
                0x0000000000005f52                etimer_request_poll
 .text.process_thread_etimer_process
                0x0000000000005f5c       0xc8 contiki-sky.a(etimer.o)
 .text.add_timer
                0x0000000000006024       0x40 contiki-sky.a(etimer.o)
 .text.etimer_set
                0x0000000000006064       0x12 contiki-sky.a(etimer.o)
                0x0000000000006064                etimer_set
 .text.etimer_reset
                0x0000000000006076       0x12 contiki-sky.a(etimer.o)
                0x0000000000006076                etimer_reset
 .text.etimer_expired
                0x0000000000006088        0xe contiki-sky.a(etimer.o)
                0x0000000000006088                etimer_expired
 .text.etimer_pending
                0x0000000000006096        0xc contiki-sky.a(etimer.o)
                0x0000000000006096                etimer_pending
 .text.etimer_next_expiration_time
                0x00000000000060a2       0x16 contiki-sky.a(etimer.o)
                0x00000000000060a2                etimer_next_expiration_time
 .text.call_process
                0x00000000000060b8       0x4a contiki-sky.a(process.o)
 .text.exit_process
                0x0000000000006102       0x96 contiki-sky.a(process.o)
 .text.do_poll  0x0000000000006198       0x30 contiki-sky.a(process.o)
 .text.process_alloc_event
                0x00000000000061c8        0xe contiki-sky.a(process.o)
                0x00000000000061c8                process_alloc_event
 .text.process_init
                0x00000000000061d6       0x1c contiki-sky.a(process.o)
                0x00000000000061d6                process_init
 .text.process_run
                0x00000000000061f2       0xa2 contiki-sky.a(process.o)
                0x00000000000061f2                process_run
 .text.process_nevents
                0x0000000000006294        0xe contiki-sky.a(process.o)
                0x0000000000006294                process_nevents
 .text.process_post
                0x00000000000062a2       0x54 contiki-sky.a(process.o)
                0x00000000000062a2                process_post
 .text.process_post_synch
                0x00000000000062f6       0x12 contiki-sky.a(process.o)
                0x00000000000062f6                process_post_synch
 .text.process_start
                0x0000000000006308       0x32 contiki-sky.a(process.o)
                0x0000000000006308                process_start
 .text.process_poll
                0x000000000000633a       0x18 contiki-sky.a(process.o)
                0x000000000000633a                process_poll
 .text.rtimer_init
                0x0000000000006352        0x6 contiki-sky.a(rtimer.o)
                0x0000000000006352                rtimer_init
 .text.rtimer_run_next
                0x0000000000006358       0x26 contiki-sky.a(rtimer.o)
                0x0000000000006358                rtimer_run_next
 .text.timer_set
                0x000000000000637e       0x1c contiki-sky.a(timer.o)
                0x000000000000637e                timer_set
 .text.timer_reset
                0x000000000000639a        0xe contiki-sky.a(timer.o)
                0x000000000000639a                timer_reset
 .text.timer_expired
                0x00000000000063a8       0x2a contiki-sky.a(timer.o)
                0x00000000000063a8                timer_expired
 .text.process_thread_serial_line_process
                0x00000000000063d2       0x9c contiki-sky.a(serial-line.o)
 .text.serial_line_input_byte
                0x000000000000646e       0x4a contiki-sky.a(serial-line.o)
                0x000000000000646e                serial_line_input_byte
 .text.serial_line_init
                0x00000000000064b8       0x1c contiki-sky.a(serial-line.o)
                0x00000000000064b8                serial_line_init
 .text.list_init
                0x00000000000064d4        0x6 contiki-sky.a(list.o)
                0x00000000000064d4                list_init
 .text.list_head
                0x00000000000064da        0x4 contiki-sky.a(list.o)
                0x00000000000064da                list_head
 .text.list_tail
                0x00000000000064de       0x12 contiki-sky.a(list.o)
                0x00000000000064de                list_tail
 .text.list_remove
                0x00000000000064f0       0x34 contiki-sky.a(list.o)
                0x00000000000064f0                list_remove
 .text.list_add
                0x0000000000006524       0x2a contiki-sky.a(list.o)
                0x0000000000006524                list_add
 .text.list_item_next
                0x000000000000654e        0xc contiki-sky.a(list.o)
                0x000000000000654e                list_item_next
 .text.random_init
                0x000000000000655a        0x6 contiki-sky.a(random.o)
                0x000000000000655a                random_init
 .text.random_rand
                0x0000000000006560        0x6 contiki-sky.a(random.o)
                0x0000000000006560                random_rand
 .text.ringbuf_init
                0x0000000000006566       0x14 contiki-sky.a(ringbuf.o)
                0x0000000000006566                ringbuf_init
 .text.ringbuf_put
                0x000000000000657a       0x38 contiki-sky.a(ringbuf.o)
                0x000000000000657a                ringbuf_put
 .text.ringbuf_get
                0x00000000000065b2       0x32 contiki-sky.a(ringbuf.o)
                0x00000000000065b2                ringbuf_get
 .text.input    0x00000000000065e4       0x3a contiki-sky.a(rime.o)
 .text.init     0x000000000000661e       0x2e contiki-sky.a(rime.o)
 .text.packet_sent
                0x000000000000664c       0x44 contiki-sky.a(rime.o)
 .text.rime_output
                0x0000000000006690       0x24 contiki-sky.a(rime.o)
                0x0000000000006690                rime_output
 .text.send_packet
                0x00000000000066b4        0x6 contiki-sky.a(nullmac.o)
 .text.packet_input
                0x00000000000066ba        0x6 contiki-sky.a(nullmac.o)
 .text.on       0x00000000000066c0        0x6 contiki-sky.a(nullmac.o)
 .text.off      0x00000000000066c6        0x6 contiki-sky.a(nullmac.o)
 .text.channel_check_interval
                0x00000000000066cc        0x4 contiki-sky.a(nullmac.o)
 .text.init     0x00000000000066d0        0x2 contiki-sky.a(nullmac.o)
 .text.on       0x00000000000066d2        0x6 contiki-sky.a(nullrdc.o)
 .text.channel_check_interval
                0x00000000000066d8        0x4 contiki-sky.a(nullrdc.o)
 .text.init     0x00000000000066dc        0x6 contiki-sky.a(nullrdc.o)
 .text.send_one_packet
                0x00000000000066e2       0x6a contiki-sky.a(nullrdc.o)
 .text.send_list
                0x000000000000674c       0x30 contiki-sky.a(nullrdc.o)
 .text.send_packet
                0x000000000000677c        0x6 contiki-sky.a(nullrdc.o)
 .text.off      0x0000000000006782       0x10 contiki-sky.a(nullrdc.o)
 .text.packet_input
                0x0000000000006792       0x36 contiki-sky.a(nullrdc.o)
 .text.linkaddr_copy
                0x00000000000067c8        0xc contiki-sky.a(linkaddr.o)
                0x00000000000067c8                linkaddr_copy
 .text.linkaddr_cmp
                0x00000000000067d4       0x12 contiki-sky.a(linkaddr.o)
                0x00000000000067d4                linkaddr_cmp
 .text.linkaddr_set_node_addr
                0x00000000000067e6        0xc contiki-sky.a(linkaddr.o)
                0x00000000000067e6                linkaddr_set_node_addr
 .text.packetbuf_hdrreduce
                0x00000000000067f2       0x1a contiki-sky.a(packetbuf.o)
                0x00000000000067f2                packetbuf_hdrreduce
 .text.packetbuf_set_datalen
                0x000000000000680c        0x6 contiki-sky.a(packetbuf.o)
                0x000000000000680c                packetbuf_set_datalen
 .text.packetbuf_dataptr
                0x0000000000006812        0xe contiki-sky.a(packetbuf.o)
                0x0000000000006812                packetbuf_dataptr
 .text.packetbuf_hdrptr
                0x0000000000006820        0xa contiki-sky.a(packetbuf.o)
                0x0000000000006820                packetbuf_hdrptr
 .text.packetbuf_is_reference
                0x000000000000682a        0xe contiki-sky.a(packetbuf.o)
                0x000000000000682a                packetbuf_is_reference
 .text.packetbuf_compact
                0x0000000000006838       0x48 contiki-sky.a(packetbuf.o)
                0x0000000000006838                packetbuf_compact
 .text.packetbuf_datalen
                0x0000000000006880        0x6 contiki-sky.a(packetbuf.o)
                0x0000000000006880                packetbuf_datalen
 .text.packetbuf_totlen
                0x0000000000006886       0x10 contiki-sky.a(packetbuf.o)
                0x0000000000006886                packetbuf_totlen
 .text.packetbuf_hdralloc
                0x0000000000006896       0x2e contiki-sky.a(packetbuf.o)
                0x0000000000006896                packetbuf_hdralloc
 .text.packetbuf_attr_clear
                0x00000000000068c4       0x2c contiki-sky.a(packetbuf.o)
                0x00000000000068c4                packetbuf_attr_clear
 .text.packetbuf_clear
                0x00000000000068f0       0x1a contiki-sky.a(packetbuf.o)
                0x00000000000068f0                packetbuf_clear
 .text.packetbuf_copyfrom
                0x000000000000690a       0x2e contiki-sky.a(packetbuf.o)
                0x000000000000690a                packetbuf_copyfrom
 .text.packetbuf_attr_copyfrom
                0x0000000000006938       0x22 contiki-sky.a(packetbuf.o)
                0x0000000000006938                packetbuf_attr_copyfrom
 .text.queuebuf_init
                0x000000000000695a       0x1a contiki-sky.a(queuebuf.o)
                0x000000000000695a                queuebuf_init
 .text.queuebuf_to_packetbuf
                0x0000000000006974       0x6e contiki-sky.a(queuebuf.o)
                0x0000000000006974                queuebuf_to_packetbuf
 .text.sniffprint
                0x00000000000069e2       0x72 contiki-sky.a(powertrace.o)
 .text.output_printsniffer
                0x0000000000006a54       0x16 contiki-sky.a(powertrace.o)
 .text.add_stats
                0x0000000000006a6a       0x54 contiki-sky.a(powertrace.o)
 .text.add_packet_stats
                0x0000000000006abe       0x5e contiki-sky.a(powertrace.o)
 .text.output_sniffer
                0x0000000000006b1c        0x8 contiki-sky.a(powertrace.o)
 .text.input_sniffer
                0x0000000000006b24        0x8 contiki-sky.a(powertrace.o)
 .text.input_printsniffer
                0x0000000000006b2c       0x70 contiki-sky.a(powertrace.o)
 .text.powertrace_print
                0x0000000000006b9c      0x820 contiki-sky.a(powertrace.o)
                0x0000000000006b9c                powertrace_print
 .text.process_thread_powertrace_process
                0x00000000000073bc       0x5c contiki-sky.a(powertrace.o)
 .text.powertrace_start
                0x0000000000007418       0x18 contiki-sky.a(powertrace.o)
                0x0000000000007418                powertrace_start
 .text.spi_init
                0x0000000000007430       0x32 contiki-sky.a(spi.o)
                0x0000000000007430                spi_init
 .text.memb_init
                0x0000000000007462       0x36 contiki-sky.a(memb.o)
                0x0000000000007462                memb_init
 .text.memb_alloc
                0x0000000000007498       0x3e contiki-sky.a(memb.o)
                0x0000000000007498                memb_alloc
 .text.memb_inmemb
                0x00000000000074d6       0x2e contiki-sky.a(memb.o)
                0x00000000000074d6                memb_inmemb
 .text.abc_open
                0x0000000000007504       0x26 contiki-sky.a(abc.o)
                0x0000000000007504                abc_open
 .text.abc_send
                0x000000000000752a        0x6 contiki-sky.a(abc.o)
                0x000000000000752a                abc_send
 .text.abc_input
                0x0000000000007530        0xe contiki-sky.a(abc.o)
                0x0000000000007530                abc_input
 .text.abc_sent
                0x000000000000753e       0x10 contiki-sky.a(abc.o)
                0x000000000000753e                abc_sent
 .text.announcement_init
                0x000000000000754e        0xa contiki-sky.a(announcement.o)
                0x000000000000754e                announcement_init
 .text.announcement_register_observer_callback
                0x0000000000007558        0x6 contiki-sky.a(announcement.o)
                0x0000000000007558                announcement_register_observer_callback
 .text.announcement_list
                0x000000000000755e        0xa contiki-sky.a(announcement.o)
                0x000000000000755e                announcement_list
 .text.announcement_heard
                0x0000000000007568       0x42 contiki-sky.a(announcement.o)
                0x0000000000007568                announcement_heard
 .text.adv_packet_sent
                0x00000000000075aa        0x2 contiki-sky.a(broadcast-annou)
 .text.adv_packet_received
                0x00000000000075ac       0x66 contiki-sky.a(broadcast-annou)
 .text.set_timers
                0x0000000000007612       0x4a contiki-sky.a(broadcast-annou)
 .text.send_timer
                0x000000000000765c       0x36 contiki-sky.a(broadcast-annou)
 .text.new_announcement
                0x0000000000007692       0x18 contiki-sky.a(broadcast-annou)
 .text.send_adv
                0x00000000000076aa       0x66 contiki-sky.a(broadcast-annou)
 .text.broadcast_announcement_init
                0x0000000000007710       0x48 contiki-sky.a(broadcast-annou)
                0x0000000000007710                broadcast_announcement_init
 .text.sent_by_abc
                0x0000000000007758       0x10 contiki-sky.a(broadcast.o)
 .text.recv_from_abc
                0x0000000000007768       0x26 contiki-sky.a(broadcast.o)
 .text.broadcast_open
                0x000000000000778e       0x2a contiki-sky.a(broadcast.o)
                0x000000000000778e                broadcast_open
 .text.broadcast_send
                0x00000000000077b8       0x1a contiki-sky.a(broadcast.o)
                0x00000000000077b8                broadcast_send
 .text.chameleon_init
                0x00000000000077d2        0x6 contiki-sky.a(chameleon.o)
                0x00000000000077d2                chameleon_init
 .text.chameleon_parse
                0x00000000000077d8       0x10 contiki-sky.a(chameleon.o)
                0x00000000000077d8                chameleon_parse
 .text.chameleon_create
                0x00000000000077e8       0x1c contiki-sky.a(chameleon.o)
                0x00000000000077e8                chameleon_create
 .text.chameleon_hdrsize
                0x0000000000007804        0x6 contiki-sky.a(chameleon.o)
                0x0000000000007804                chameleon_hdrsize
 .text.channel_init
                0x000000000000780a        0xa contiki-sky.a(channel.o)
                0x000000000000780a                channel_init
 .text.channel_open
                0x0000000000007814       0x10 contiki-sky.a(channel.o)
                0x0000000000007814                channel_open
 .text.channel_lookup
                0x0000000000007824       0x20 contiki-sky.a(channel.o)
                0x0000000000007824                channel_lookup
 .text.channel_set_attributes
                0x0000000000007844       0x24 contiki-sky.a(channel.o)
                0x0000000000007844                channel_set_attributes
 .text.parse    0x0000000000007868       0xa4 contiki-sky.a(framer-802154.o)
 .text.create_frame.isra.0
                0x000000000000790c      0x118 contiki-sky.a(framer-802154.o)
 .text.create   0x0000000000007a24        0x8 contiki-sky.a(framer-802154.o)
 .text.hdr_length
                0x0000000000007a2c        0x8 contiki-sky.a(framer-802154.o)
 .text.mac_call_sent_callback
                0x0000000000007a34       0x14 contiki-sky.a(mac.o)
                0x0000000000007a34                mac_call_sent_callback
 .text.header_size
                0x0000000000007a48       0x16 contiki-sky.a(chameleon-bitop)
 .text.get_bits_in_byte
                0x0000000000007a5e       0x3a contiki-sky.a(chameleon-bitop)
                0x0000000000007a5e                get_bits_in_byte
 .text.get_bits
                0x0000000000007a98       0xa4 contiki-sky.a(chameleon-bitop)
                0x0000000000007a98                get_bits
 .text.unpack_header
                0x0000000000007b3c       0xd6 contiki-sky.a(chameleon-bitop)
 .text.set_bits_in_byte
                0x0000000000007c12       0x2c contiki-sky.a(chameleon-bitop)
                0x0000000000007c12                set_bits_in_byte
 .text.set_bits
                0x0000000000007c3e       0xd2 contiki-sky.a(chameleon-bitop)
                0x0000000000007c3e                set_bits
 .text.pack_header
                0x0000000000007d10       0xbc contiki-sky.a(chameleon-bitop)
 .text.field_len
                0x0000000000007dcc       0x98 contiki-sky.a(frame802154.o)
 .text.frame802154_hdrlen
                0x0000000000007e64       0x2e contiki-sky.a(frame802154.o)
                0x0000000000007e64                frame802154_hdrlen
 .text.frame802154_create
                0x0000000000007e92      0x172 contiki-sky.a(frame802154.o)
                0x0000000000007e92                frame802154_create
 .text.frame802154_parse
                0x0000000000008004      0x1e8 contiki-sky.a(frame802154.o)
                0x0000000000008004                frame802154_parse
 .text.libgcc   0x00000000000081ec       0x2c /usr/bin/../lib/gcc/msp430/4.6.3/mmpy-16/libgcc.a(_mulsi3.o)
                0x00000000000081ec                __mulsi3
 .text.libgcc   0x0000000000008218       0x40 /usr/bin/../lib/gcc/msp430/4.6.3/mmpy-16/libgcc.a(_udivmod32.o)
                0x0000000000008218                __udivsi3
                0x0000000000008218                __ext_udivmod32
                0x000000000000824e                __umodsi3
 .text          0x0000000000008258       0x20 /usr/bin/../lib/gcc/msp430/4.6.3/../../../../msp430/lib/mmpy-16/libc.a(memcmp.o)
                0x0000000000008258                memcmp
 .text          0x0000000000008278       0xfa /usr/bin/../lib/gcc/msp430/4.6.3/../../../../msp430/lib/mmpy-16/libc.a(memcpy.o)
                0x0000000000008278                memcpy
 .text          0x0000000000008372       0x6a /usr/bin/../lib/gcc/msp430/4.6.3/../../../../msp430/lib/mmpy-16/libc.a(memset.o)
                0x0000000000008372                memset
 .text          0x00000000000083dc       0x1e /usr/bin/../lib/gcc/msp430/4.6.3/../../../../msp430/lib/mmpy-16/libc.a(printf.o)
                0x00000000000083dc                printf
                0x00000000000083ec                vprintf
 .text          0x00000000000083fa      0x836 /usr/bin/../lib/gcc/msp430/4.6.3/../../../../msp430/lib/mmpy-16/libc.a(vuprintf.o)
                0x0000000000008592                vuprintf
 .text          0x0000000000008c30       0x2c /usr/bin/../lib/gcc/msp430/4.6.3/../../../../msp430/lib/mmpy-16/libc.a(puts.o)
                0x0000000000008c30                puts
 .text          0x0000000000008c5c       0x54 /usr/bin/../lib/gcc/msp430/4.6.3/../../../../msp430/lib/mmpy-16/libc.a(rand.o)
                0x0000000000008c5c                rand_r
                0x0000000000008c80                rand
                0x0000000000008ca6                srand
 .text.libgcc   0x0000000000008cb0       0x22 /usr/bin/../lib/gcc/msp430/4.6.3/mmpy-16/libgcc.a(_udivmod16.o)
                0x0000000000008cb0                __udivhi3
                0x0000000000008cb0                __ext_udivmod16
                0x0000000000008cca                __umodhi3
 .text.libgcc   0x0000000000008cd2       0xf0 /usr/bin/../lib/gcc/msp430/4.6.3/mmpy-16/libgcc.a(_udivmod64.o)
                0x0000000000008cd2                __xabi_udivmod64
                0x0000000000008d30                __udivdi3
                0x0000000000008d56                __umoddi3
                0x0000000000008d84                __udivmoddi4
 .text.crt0     0x0000000000008dc2        0x2 /usr/bin/../lib/gcc/msp430/4.6.3/mmpy-16/libcrt0.a(_unexpected_.o)
                0x0000000000008dc2                _unexpected_
                0x0000000000008dc4                . = ALIGN (0x2)

.rodata         0x0000000000008dc4      0x33e
                0x0000000000008dc4                . = ALIGN (0x2)
 *(.rodata .rodata.* .gnu.linkonce.r.*)
 .rodata        0x0000000000008dc4       0x12 interferer_example_micro.co
                0x0000000000008dc4                autostart_processes
 .rodata        0x0000000000008dd6       0xe2 obj_sky/contiki-sky-main.o
 .rodata        0x0000000000008eb8       0x10 contiki-sky.a(button-sensor.o)
                0x0000000000008ec0                button_sensor
 .rodata        0x0000000000008ec8        0x8 contiki-sky.a(sensors.o)
 .rodata        0x0000000000008ed0       0x56 contiki-sky.a(cc2420.o)
                0x0000000000008eec                cc2420_driver
 .rodata        0x0000000000008f26        0xf contiki-sky.a(ctimer.o)
 .rodata        0x0000000000008f35        0xc contiki-sky.a(etimer.o)
 .rodata        0x0000000000008f41        0xe contiki-sky.a(serial-line.o)
 *fill*         0x0000000000008f4f        0x1 00
 .rodata        0x0000000000008f50        0xc contiki-sky.a(rime.o)
                0x0000000000008f56                rime_driver
 .rodata        0x0000000000008f5c       0x16 contiki-sky.a(nullmac.o)
                0x0000000000008f64                nullmac_driver
 .rodata        0x0000000000008f72       0x18 contiki-sky.a(nullrdc.o)
                0x0000000000008f7a                nullrdc_driver
 .rodata        0x0000000000008f8a        0x2 contiki-sky.a(linkaddr.o)
                0x0000000000008f8a                linkaddr_null
 .rodata        0x0000000000008f8c      0x148 contiki-sky.a(powertrace.o)
 .rodata        0x00000000000090d4        0x2 contiki-sky.a(abc.o)
 .rodata        0x00000000000090d6        0x4 contiki-sky.a(broadcast-annou)
 .rodata        0x00000000000090da        0x8 contiki-sky.a(broadcast.o)
 .rodata        0x00000000000090e2        0x6 contiki-sky.a(framer-802154.o)
                0x00000000000090e2                framer_802154
 .rodata        0x00000000000090e8       0x10 contiki-sky.a(chameleon-bitop)
                0x00000000000090e8                chameleon_bitopt
 .rodata        0x00000000000090f8        0x2 contiki-sky.a(frame802154.o)
 .rodata        0x00000000000090fa        0x7 /usr/bin/../lib/gcc/msp430/4.6.3/../../../../msp430/lib/mmpy-16/libc.a(vuprintf.o)
                0x0000000000009102                . = ALIGN (0x2)
 *fill*         0x0000000000009101        0x1 00
                0x0000000000009102                _etext = .

.data           0x0000000000001100       0x7e load address 0x0000000000009102
                0x0000000000001100                . = ALIGN (0x2)
                0x0000000000001100                PROVIDE (__data_start, .)
 *(.data .data.* .gnu.linkonce.d.*)
 .data          0x0000000000001100        0xc interferer_example_micro.co
                0x0000000000001100                interferer_example
                0x000000000000110a                power
 .data          0x000000000000110c        0x4 contiki-sky.a(contiki-sky-pla)
                0x000000000000110c                sensors
 .data          0x0000000000001110        0xa contiki-sky.a(sensors.o)
                0x0000000000001110                sensors_process
 .data          0x000000000000111a        0xa contiki-sky.a(cc2420.o)
                0x000000000000111a                cc2420_process
 .data          0x0000000000001124        0x2 contiki-sky.a(msp430.o)
 .data          0x0000000000001126        0xa contiki-sky.a(ctimer.o)
                0x0000000000001126                ctimer_process
 .data          0x0000000000001130        0xa contiki-sky.a(etimer.o)
                0x0000000000001130                etimer_process
 .data          0x000000000000113a        0xa contiki-sky.a(serial-line.o)
                0x000000000000113a                serial_line_process
 .data          0x0000000000001144       0x18 contiki-sky.a(queuebuf.o)
 .data          0x000000000000115c       0x1e contiki-sky.a(powertrace.o)
                0x000000000000115c                powertrace_process
 .data          0x000000000000117a        0x4 /usr/bin/../lib/gcc/msp430/4.6.3/../../../../msp430/lib/mmpy-16/libc.a(rand.o)
                0x000000000000117e                . = ALIGN (0x2)
                0x000000000000117e                _edata = .
                0x0000000000009102                PROVIDE (__data_load_start, LOADADDR (.data))
                0x000000000000007e                PROVIDE (__data_size, SIZEOF (.data))

.bss            0x000000000000117e     0x1344 load address 0x0000000000009180
                0x000000000000117e                PROVIDE (__bss_start, .)
 *(.bss .bss.*)
 .bss           0x000000000000117e        0xc interferer_example_micro.co
 .bss           0x000000000000118a        0xc obj_sky/contiki-sky-main.o
 .bss           0x0000000000001196        0x8 contiki-sky.a(button-sensor.o)
 .bss           0x000000000000119e        0x2 contiki-sky.a(node-id.o)
                0x000000000000119e                node_id
 .bss           0x00000000000011a0        0x6 contiki-sky.a(sensors.o)
 .bss           0x00000000000011a6        0x8 contiki-sky.a(cc2420.o)
 .bss           0x00000000000011ae       0x9a contiki-sky.a(uart1.o)
 .bss           0x0000000000001248        0xa contiki-sky.a(clock.o)
 .bss           0x0000000000001252        0x1 contiki-sky.a(leds.o)
 *fill*         0x0000000000001253        0x1 00
 .bss           0x0000000000001254        0x2 contiki-sky.a(watchdog.o)
 .bss           0x0000000000001256        0x4 contiki-sky.a(ctimer.o)
 .bss           0x000000000000125a        0x6 contiki-sky.a(etimer.o)
 .bss           0x0000000000001260       0x42 contiki-sky.a(process.o)
                0x0000000000001260                process_current
                0x0000000000001262                process_list
 .bss           0x00000000000012a2        0x2 contiki-sky.a(rtimer.o)
 .bss           0x00000000000012a4      0x10a contiki-sky.a(serial-line.o)
 .bss           0x00000000000013ae        0x2 contiki-sky.a(rime.o)
 .bss           0x00000000000013b0       0xba contiki-sky.a(packetbuf.o)
 .bss           0x000000000000146a      0xc4e contiki-sky.a(queuebuf.o)
 .bss           0x00000000000020b8      0x2fe contiki-sky.a(powertrace.o)
 .bss           0x00000000000023b6        0x6 contiki-sky.a(announcement.o)
 .bss           0x00000000000023bc       0x46 contiki-sky.a(broadcast-annou)
 .bss           0x0000000000002402        0x2 contiki-sky.a(channel.o)
 .bss           0x0000000000002404        0x2 contiki-sky.a(framer-802154.o)
 *(COMMON)
 COMMON         0x0000000000002406        0x2 contiki-sky.a(contiki-sky-pla)
                0x0000000000002406                sensors_flags
 COMMON         0x0000000000002408        0x8 contiki-sky.a(ds2411.o)
                0x0000000000002408                ds2411_id
 COMMON         0x0000000000002410        0x1 contiki-sky.a(sensors.o)
                0x0000000000002410                sensors_event
 *fill*         0x0000000000002411        0x1 00
 COMMON         0x0000000000002412       0x14 contiki-sky.a(cc2420.o)
                0x0000000000002412                cc2420_last_rssi
                0x0000000000002414                cc2420_packets_read
                0x0000000000002416                cc2420_packets_seen
                0x0000000000002418                cc2420_sfd_start_time
                0x000000000000241a                cc2420_time_of_departure
                0x000000000000241c                cc2420_time_of_arrival
                0x000000000000241e                cc2420_last_correlation
                0x0000000000002420                cc2420_authority_level_of_sender
                0x0000000000002422                cc2420_sfd_counter
                0x0000000000002424                cc2420_sfd_end_time
 COMMON         0x0000000000002426        0x2 contiki-sky.a(msp430.o)
                0x0000000000002426                msp430_dco_required
 COMMON         0x0000000000002428       0x56 contiki-sky.a(energest.o)
                0x0000000000002428                energest_total_time
                0x0000000000002458                energest_total_count
                0x000000000000245a                energest_current_mode
                0x0000000000002466                energest_current_time
 COMMON         0x000000000000247e        0x1 contiki-sky.a(process.o)
                0x000000000000247e                process_maxevents
 COMMON         0x000000000000247f        0x1 contiki-sky.a(serial-line.o)
                0x000000000000247f                serial_line_event_message
 COMMON         0x0000000000002480        0x2 contiki-sky.a(linkaddr.o)
                0x0000000000002480                linkaddr_node_addr
 COMMON         0x0000000000002482       0x38 contiki-sky.a(packetbuf.o)
                0x0000000000002482                packetbuf_addrs
                0x000000000000248a                packetbuf_attrs
 COMMON         0x00000000000024ba        0x8 contiki-sky.a(compower.o)
                0x00000000000024ba                compower_idle_activity
                0x00000000000024c2                . = ALIGN (0x2)
                0x00000000000024c2                PROVIDE (__bss_end, .)
                0x0000000000001344                PROVIDE (__bss_size, SIZEOF (.bss))

.noinit         0x00000000000024c2        0x2 load address 0x0000000000009180
                0x00000000000024c2                PROVIDE (__noinit_start, .)
 *(.noinit .noinit.*)
 .noinit.crt0   0x00000000000024c2        0x2 /usr/bin/../lib/gcc/msp430/4.6.3/mmpy-16/libcrt0.a(__watchdog_support.o)
                0x00000000000024c2                __wdt_clear_value
                0x00000000000024c4                . = ALIGN (0x2)
                0x00000000000024c4                PROVIDE (__noinit_end, .)
                0x00000000000024c4                . = ALIGN (0x2)
                0x00000000000024c4                _end = .

.infomem        0x0000000000001000        0x0
 *(.infomem)
                0x0000000000001000                . = ALIGN (0x2)
 *(.infomem.*)

.infomemnobits  0x0000000000001000        0x0
 *(.infomemnobits)
                0x0000000000001000                . = ALIGN (0x2)
 *(.infomemnobits.*)

.infoa
 *(.infoa .infoa.*)

.infob
 *(.infob .infob.*)

.infoc
 *(.infoc .infoc.*)

.infod
 *(.infod .infod.*)

.vectors        0x000000000000ffe0       0x20
                0x000000000000ffe0                PROVIDE (__vectors_start, .)
 *(.vectors*)
 .vectors       0x000000000000ffe0       0x20 /usr/bin/../lib/gcc/msp430/4.6.3/mmpy-16/crt0ivtbl16.o
                0x000000000000ffe0                __ivtbl_16
                0x0000000000010000                _vectors_end = .

.fartext        0x0000000000000000        0x0
                0x0000000000000000                . = ALIGN (0x2)
 *(.fartext)
                0x0000000000000000                . = ALIGN (0x2)
 *(.fartext.*)
                0x0000000000000000                _efartext = .

.profiler
 *(.profiler)

.stab
 *(.stab)

.stabstr
 *(.stabstr)

.stab.excl
 *(.stab.excl)

.stab.exclstr
 *(.stab.exclstr)

.stab.index
 *(.stab.index)

.stab.indexstr
 *(.stab.indexstr)

.comment
 *(.comment)

.debug
 *(.debug)

.line
 *(.line)

.debug_srcinfo
 *(.debug_srcinfo)

.debug_sfnames
 *(.debug_sfnames)

.debug_aranges  0x0000000000000000      0x168
 *(.debug_aranges)
 .debug_aranges
                0x0000000000000000       0x14 /usr/bin/../lib/gcc/msp430/4.6.3/mmpy-16/libgcc.a(_mulsi3.o)
 .debug_aranges
                0x0000000000000014       0x14 /usr/bin/../lib/gcc/msp430/4.6.3/mmpy-16/libgcc.a(_udivmod32.o)
 .debug_aranges
                0x0000000000000028       0x14 /usr/bin/../lib/gcc/msp430/4.6.3/../../../../msp430/lib/mmpy-16/libc.a(strncmp.o)
 .debug_aranges
                0x000000000000003c       0x14 /usr/bin/../lib/gcc/msp430/4.6.3/../../../../msp430/lib/mmpy-16/libc.a(memcmp.o)
 .debug_aranges
                0x0000000000000050       0x14 /usr/bin/../lib/gcc/msp430/4.6.3/../../../../msp430/lib/mmpy-16/libc.a(memcpy.o)
 .debug_aranges
                0x0000000000000064       0x14 /usr/bin/../lib/gcc/msp430/4.6.3/../../../../msp430/lib/mmpy-16/libc.a(memset.o)
 .debug_aranges
                0x0000000000000078       0x14 /usr/bin/../lib/gcc/msp430/4.6.3/../../../../msp430/lib/mmpy-16/libc.a(printf.o)
 .debug_aranges
                0x000000000000008c       0x14 /usr/bin/../lib/gcc/msp430/4.6.3/../../../../msp430/lib/mmpy-16/libc.a(vuprintf.o)
 .debug_aranges
                0x00000000000000a0       0x14 /usr/bin/../lib/gcc/msp430/4.6.3/../../../../msp430/lib/mmpy-16/libc.a(puts.o)
 .debug_aranges
                0x00000000000000b4       0x14 /usr/bin/../lib/gcc/msp430/4.6.3/../../../../msp430/lib/mmpy-16/libc.a(rand.o)
 .debug_aranges
                0x00000000000000c8       0x14 /usr/bin/../lib/gcc/msp430/4.6.3/mmpy-16/libgcc.a(_udivmod16.o)
 .debug_aranges
                0x00000000000000dc       0x14 /usr/bin/../lib/gcc/msp430/4.6.3/mmpy-16/libgcc.a(_udivmod64.o)
 .debug_aranges
                0x00000000000000f0       0x14 /usr/bin/../lib/gcc/msp430/4.6.3/mmpy-16/libcrt0.a(__watchdog_support.o)
 .debug_aranges
                0x0000000000000104       0x14 /usr/bin/../lib/gcc/msp430/4.6.3/mmpy-16/libcrt0.a(__init_stack.o)
 .debug_aranges
                0x0000000000000118       0x14 /usr/bin/../lib/gcc/msp430/4.6.3/mmpy-16/libcrt0.a(_copy_data.o)
 .debug_aranges
                0x000000000000012c       0x14 /usr/bin/../lib/gcc/msp430/4.6.3/mmpy-16/libcrt0.a(_clear_bss.o)
 .debug_aranges
                0x0000000000000140       0x14 /usr/bin/../lib/gcc/msp430/4.6.3/mmpy-16/libcrt0.a(_endless_loop__.o)
 .debug_aranges
                0x0000000000000154       0x14 /usr/bin/../lib/gcc/msp430/4.6.3/mmpy-16/libcrt0.a(_unexpected_.o)

.debug_pubnames
 *(.debug_pubnames)

.debug_info     0x0000000000000000     0x125f
 *(.debug_info)
 .debug_info    0x0000000000000000       0xba /usr/bin/../lib/gcc/msp430/4.6.3/mmpy-16/libgcc.a(_mulsi3.o)
 .debug_info    0x00000000000000ba       0xba /usr/bin/../lib/gcc/msp430/4.6.3/mmpy-16/libgcc.a(_udivmod32.o)
 .debug_info    0x0000000000000174       0xbb /usr/bin/../lib/gcc/msp430/4.6.3/../../../../msp430/lib/mmpy-16/libc.a(strncmp.o)
 .debug_info    0x000000000000022f       0xe8 /usr/bin/../lib/gcc/msp430/4.6.3/../../../../msp430/lib/mmpy-16/libc.a(memcmp.o)
 .debug_info    0x0000000000000317      0x113 /usr/bin/../lib/gcc/msp430/4.6.3/../../../../msp430/lib/mmpy-16/libc.a(memcpy.o)
 .debug_info    0x000000000000042a       0xfe /usr/bin/../lib/gcc/msp430/4.6.3/../../../../msp430/lib/mmpy-16/libc.a(memset.o)
 .debug_info    0x0000000000000528      0x105 /usr/bin/../lib/gcc/msp430/4.6.3/../../../../msp430/lib/mmpy-16/libc.a(printf.o)
 .debug_info    0x000000000000062d      0x565 /usr/bin/../lib/gcc/msp430/4.6.3/../../../../msp430/lib/mmpy-16/libc.a(vuprintf.o)
 .debug_info    0x0000000000000b92       0x96 /usr/bin/../lib/gcc/msp430/4.6.3/../../../../msp430/lib/mmpy-16/libc.a(puts.o)
 .debug_info    0x0000000000000c28      0x13f /usr/bin/../lib/gcc/msp430/4.6.3/../../../../msp430/lib/mmpy-16/libc.a(rand.o)
 .debug_info    0x0000000000000d67       0xba /usr/bin/../lib/gcc/msp430/4.6.3/mmpy-16/libgcc.a(_udivmod16.o)
 .debug_info    0x0000000000000e21       0xba /usr/bin/../lib/gcc/msp430/4.6.3/mmpy-16/libgcc.a(_udivmod64.o)
 .debug_info    0x0000000000000edb       0x96 /usr/bin/../lib/gcc/msp430/4.6.3/mmpy-16/libcrt0.a(__watchdog_support.o)
 .debug_info    0x0000000000000f71       0x96 /usr/bin/../lib/gcc/msp430/4.6.3/mmpy-16/libcrt0.a(__init_stack.o)
 .debug_info    0x0000000000001007       0x96 /usr/bin/../lib/gcc/msp430/4.6.3/mmpy-16/libcrt0.a(_copy_data.o)
 .debug_info    0x000000000000109d       0x96 /usr/bin/../lib/gcc/msp430/4.6.3/mmpy-16/libcrt0.a(_clear_bss.o)
 .debug_info    0x0000000000001133       0x96 /usr/bin/../lib/gcc/msp430/4.6.3/mmpy-16/libcrt0.a(_endless_loop__.o)
 .debug_info    0x00000000000011c9       0x96 /usr/bin/../lib/gcc/msp430/4.6.3/mmpy-16/libcrt0.a(_unexpected_.o)
 *(.gnu.linkonce.wi.*)

.debug_abbrev   0x0000000000000000      0x721
 *(.debug_abbrev)
 .debug_abbrev  0x0000000000000000       0x14 /usr/bin/../lib/gcc/msp430/4.6.3/mmpy-16/libgcc.a(_mulsi3.o)
 .debug_abbrev  0x0000000000000014       0x14 /usr/bin/../lib/gcc/msp430/4.6.3/mmpy-16/libgcc.a(_udivmod32.o)
 .debug_abbrev  0x0000000000000028       0x7c /usr/bin/../lib/gcc/msp430/4.6.3/../../../../msp430/lib/mmpy-16/libc.a(strncmp.o)
 .debug_abbrev  0x00000000000000a4       0x9b /usr/bin/../lib/gcc/msp430/4.6.3/../../../../msp430/lib/mmpy-16/libc.a(memcmp.o)
 .debug_abbrev  0x000000000000013f       0x97 /usr/bin/../lib/gcc/msp430/4.6.3/../../../../msp430/lib/mmpy-16/libc.a(memcpy.o)
 .debug_abbrev  0x00000000000001d6       0x9c /usr/bin/../lib/gcc/msp430/4.6.3/../../../../msp430/lib/mmpy-16/libc.a(memset.o)
 .debug_abbrev  0x0000000000000272       0xd0 /usr/bin/../lib/gcc/msp430/4.6.3/../../../../msp430/lib/mmpy-16/libc.a(printf.o)
 .debug_abbrev  0x0000000000000342      0x1ef /usr/bin/../lib/gcc/msp430/4.6.3/../../../../msp430/lib/mmpy-16/libc.a(vuprintf.o)
 .debug_abbrev  0x0000000000000531       0x60 /usr/bin/../lib/gcc/msp430/4.6.3/../../../../msp430/lib/mmpy-16/libc.a(puts.o)
 .debug_abbrev  0x0000000000000591       0xf0 /usr/bin/../lib/gcc/msp430/4.6.3/../../../../msp430/lib/mmpy-16/libc.a(rand.o)
 .debug_abbrev  0x0000000000000681       0x14 /usr/bin/../lib/gcc/msp430/4.6.3/mmpy-16/libgcc.a(_udivmod16.o)
 .debug_abbrev  0x0000000000000695       0x14 /usr/bin/../lib/gcc/msp430/4.6.3/mmpy-16/libgcc.a(_udivmod64.o)
 .debug_abbrev  0x00000000000006a9       0x14 /usr/bin/../lib/gcc/msp430/4.6.3/mmpy-16/libcrt0.a(__watchdog_support.o)
 .debug_abbrev  0x00000000000006bd       0x14 /usr/bin/../lib/gcc/msp430/4.6.3/mmpy-16/libcrt0.a(__init_stack.o)
 .debug_abbrev  0x00000000000006d1       0x14 /usr/bin/../lib/gcc/msp430/4.6.3/mmpy-16/libcrt0.a(_copy_data.o)
 .debug_abbrev  0x00000000000006e5       0x14 /usr/bin/../lib/gcc/msp430/4.6.3/mmpy-16/libcrt0.a(_clear_bss.o)
 .debug_abbrev  0x00000000000006f9       0x14 /usr/bin/../lib/gcc/msp430/4.6.3/mmpy-16/libcrt0.a(_endless_loop__.o)
 .debug_abbrev  0x000000000000070d       0x14 /usr/bin/../lib/gcc/msp430/4.6.3/mmpy-16/libcrt0.a(_unexpected_.o)

.debug_line     0x0000000000000000      0xc13
 *(.debug_line)
 .debug_line    0x0000000000000000       0x74 /usr/bin/../lib/gcc/msp430/4.6.3/mmpy-16/libgcc.a(_mulsi3.o)
 .debug_line    0x0000000000000074       0x7c /usr/bin/../lib/gcc/msp430/4.6.3/mmpy-16/libgcc.a(_udivmod32.o)
 .debug_line    0x00000000000000f0       0xba /usr/bin/../lib/gcc/msp430/4.6.3/../../../../msp430/lib/mmpy-16/libc.a(strncmp.o)
 .debug_line    0x00000000000001aa       0xb8 /usr/bin/../lib/gcc/msp430/4.6.3/../../../../msp430/lib/mmpy-16/libc.a(memcmp.o)
 .debug_line    0x0000000000000262      0x12e /usr/bin/../lib/gcc/msp430/4.6.3/../../../../msp430/lib/mmpy-16/libc.a(memcpy.o)
 .debug_line    0x0000000000000390      0x10d /usr/bin/../lib/gcc/msp430/4.6.3/../../../../msp430/lib/mmpy-16/libc.a(memset.o)
 .debug_line    0x000000000000049d       0xb7 /usr/bin/../lib/gcc/msp430/4.6.3/../../../../msp430/lib/mmpy-16/libc.a(printf.o)
 .debug_line    0x0000000000000554      0x317 /usr/bin/../lib/gcc/msp430/4.6.3/../../../../msp430/lib/mmpy-16/libc.a(vuprintf.o)
 .debug_line    0x000000000000086b       0x4d /usr/bin/../lib/gcc/msp430/4.6.3/../../../../msp430/lib/mmpy-16/libc.a(puts.o)
 .debug_line    0x00000000000008b8       0x4f /usr/bin/../lib/gcc/msp430/4.6.3/../../../../msp430/lib/mmpy-16/libc.a(rand.o)
 .debug_line    0x0000000000000907       0x6d /usr/bin/../lib/gcc/msp430/4.6.3/mmpy-16/libgcc.a(_udivmod16.o)
 .debug_line    0x0000000000000974       0xc2 /usr/bin/../lib/gcc/msp430/4.6.3/mmpy-16/libgcc.a(_udivmod64.o)
 .debug_line    0x0000000000000a36       0x4f /usr/bin/../lib/gcc/msp430/4.6.3/mmpy-16/libcrt0.a(__watchdog_support.o)
 .debug_line    0x0000000000000a85       0x4d /usr/bin/../lib/gcc/msp430/4.6.3/mmpy-16/libcrt0.a(__init_stack.o)
 .debug_line    0x0000000000000ad2       0x53 /usr/bin/../lib/gcc/msp430/4.6.3/mmpy-16/libcrt0.a(_copy_data.o)
 .debug_line    0x0000000000000b25       0x53 /usr/bin/../lib/gcc/msp430/4.6.3/mmpy-16/libcrt0.a(_clear_bss.o)
 .debug_line    0x0000000000000b78       0x4e /usr/bin/../lib/gcc/msp430/4.6.3/mmpy-16/libcrt0.a(_endless_loop__.o)
 .debug_line    0x0000000000000bc6       0x4d /usr/bin/../lib/gcc/msp430/4.6.3/mmpy-16/libcrt0.a(_unexpected_.o)

.debug_frame    0x0000000000000000      0x1ec
 *(.debug_frame)
 .debug_frame   0x0000000000000000       0x24 /usr/bin/../lib/gcc/msp430/4.6.3/../../../../msp430/lib/mmpy-16/libc.a(strncmp.o)
 .debug_frame   0x0000000000000024       0x24 /usr/bin/../lib/gcc/msp430/4.6.3/../../../../msp430/lib/mmpy-16/libc.a(memcmp.o)
 .debug_frame   0x0000000000000048       0x38 /usr/bin/../lib/gcc/msp430/4.6.3/../../../../msp430/lib/mmpy-16/libc.a(memcpy.o)
 .debug_frame   0x0000000000000080       0x32 /usr/bin/../lib/gcc/msp430/4.6.3/../../../../msp430/lib/mmpy-16/libc.a(memset.o)
 .debug_frame   0x00000000000000b2       0x2a /usr/bin/../lib/gcc/msp430/4.6.3/../../../../msp430/lib/mmpy-16/libc.a(printf.o)
 .debug_frame   0x00000000000000dc       0xb0 /usr/bin/../lib/gcc/msp430/4.6.3/../../../../msp430/lib/mmpy-16/libc.a(vuprintf.o)
 .debug_frame   0x000000000000018c       0x24 /usr/bin/../lib/gcc/msp430/4.6.3/../../../../msp430/lib/mmpy-16/libc.a(puts.o)
 .debug_frame   0x00000000000001b0       0x3c /usr/bin/../lib/gcc/msp430/4.6.3/../../../../msp430/lib/mmpy-16/libc.a(rand.o)

.debug_str      0x0000000000000000      0x40d
 *(.debug_str)
 .debug_str     0x0000000000000000       0xf5 /usr/bin/../lib/gcc/msp430/4.6.3/../../../../msp430/lib/mmpy-16/libc.a(strncmp.o)
                                        0x12e (size before relaxing)
 .debug_str     0x00000000000000f5       0x19 /usr/bin/../lib/gcc/msp430/4.6.3/../../../../msp430/lib/mmpy-16/libc.a(memcmp.o)
                                        0x12c (size before relaxing)
 .debug_str     0x000000000000010e       0x34 /usr/bin/../lib/gcc/msp430/4.6.3/../../../../msp430/lib/mmpy-16/libc.a(memcpy.o)
                                        0x147 (size before relaxing)
 .debug_str     0x0000000000000142       0x26 /usr/bin/../lib/gcc/msp430/4.6.3/../../../../msp430/lib/mmpy-16/libc.a(memset.o)
                                        0x145 (size before relaxing)
 .debug_str     0x0000000000000168       0x40 /usr/bin/../lib/gcc/msp430/4.6.3/../../../../msp430/lib/mmpy-16/libc.a(printf.o)
                                        0x15b (size before relaxing)
 .debug_str     0x00000000000001a8      0x221 /usr/bin/../lib/gcc/msp430/4.6.3/../../../../msp430/lib/mmpy-16/libc.a(vuprintf.o)
                                        0x3a6 (size before relaxing)
 .debug_str     0x00000000000003c9       0x15 /usr/bin/../lib/gcc/msp430/4.6.3/../../../../msp430/lib/mmpy-16/libc.a(puts.o)
                                        0x121 (size before relaxing)
 .debug_str     0x00000000000003de       0x2f /usr/bin/../lib/gcc/msp430/4.6.3/../../../../msp430/lib/mmpy-16/libc.a(rand.o)
                                        0x140 (size before relaxing)

.debug_loc      0x0000000000000000      0xaf3
 *(.debug_loc)
 .debug_loc     0x0000000000000000       0x38 /usr/bin/../lib/gcc/msp430/4.6.3/../../../../msp430/lib/mmpy-16/libc.a(strncmp.o)
 .debug_loc     0x0000000000000038       0x5e /usr/bin/../lib/gcc/msp430/4.6.3/../../../../msp430/lib/mmpy-16/libc.a(memcmp.o)
 .debug_loc     0x0000000000000096      0x1f0 /usr/bin/../lib/gcc/msp430/4.6.3/../../../../msp430/lib/mmpy-16/libc.a(memcpy.o)
 .debug_loc     0x0000000000000286       0xdb /usr/bin/../lib/gcc/msp430/4.6.3/../../../../msp430/lib/mmpy-16/libc.a(memset.o)
 .debug_loc     0x0000000000000361       0x38 /usr/bin/../lib/gcc/msp430/4.6.3/../../../../msp430/lib/mmpy-16/libc.a(printf.o)
 .debug_loc     0x0000000000000399      0x705 /usr/bin/../lib/gcc/msp430/4.6.3/../../../../msp430/lib/mmpy-16/libc.a(vuprintf.o)
 .debug_loc     0x0000000000000a9e       0x26 /usr/bin/../lib/gcc/msp430/4.6.3/../../../../msp430/lib/mmpy-16/libc.a(puts.o)
 .debug_loc     0x0000000000000ac4       0x2f /usr/bin/../lib/gcc/msp430/4.6.3/../../../../msp430/lib/mmpy-16/libc.a(rand.o)

.debug_macinfo
 *(.debug_macinfo)

.debug_pubtypes
 *(.debug_pubtypes)

.debug_ranges   0x0000000000000000       0x18
 *(.debug_ranges)
 .debug_ranges  0x0000000000000000       0x18 /usr/bin/../lib/gcc/msp430/4.6.3/../../../../msp430/lib/mmpy-16/libc.a(vuprintf.o)
                0x0000000000003900                PROVIDE (__stack, (ORIGIN (ram) + 0x2800))
                0x0000000000009102                PROVIDE (__data_start_rom, _etext)
                0x0000000000009180                PROVIDE (__data_end_rom, (_etext + SIZEOF (.data)))
OUTPUT(interferer_example_micro.sky elf32-msp430)
