Archive member included because of file (symbol)

contiki-sky.a(contiki-sky-pla)
                              obj_sky/contiki-sky-main.o (init_platform)
contiki-sky.a(button-sensor.o)
                              contiki-sky.a(contiki-sky-pla) (button_sensor)
contiki-sky.a(ds2411.o)       obj_sky/contiki-sky-main.o (ds2411_init)
contiki-sky.a(xmem.o)         obj_sky/contiki-sky-main.o (xmem_init)
contiki-sky.a(node-id.o)      obj_sky/contiki-sky-main.o (node_id_restore)
contiki-sky.a(sensors.o)      contiki-sky.a(button-sensor.o) (sensors_changed)
contiki-sky.a(cc2420.o)       interferer_example_8.co (cc2420_set_channel)
contiki-sky.a(cc2420-arch.o)  contiki-sky.a(cc2420.o) (cc2420_arch_init)
contiki-sky.a(uart1.o)        obj_sky/contiki-sky-main.o (uart1_active)
contiki-sky.a(uart1-putchar.o)
                              obj_sky/contiki-sky-main.o (putchar)
contiki-sky.a(msp430.o)       contiki-sky.a(uart1.o) (msp430_add_lpm_req)
contiki-sky.a(clock.o)        obj_sky/contiki-sky-main.o (clock_init)
contiki-sky.a(leds.o)         obj_sky/contiki-sky-main.o (leds_init)
contiki-sky.a(leds-arch.o)    contiki-sky.a(leds.o) (leds_arch_init)
contiki-sky.a(watchdog.o)     obj_sky/contiki-sky-main.o (watchdog_start)
contiki-sky.a(rtimer-arch.o)  obj_sky/contiki-sky-main.o (rtimer_arch_now)
contiki-sky.a(autostart.o)    obj_sky/contiki-sky-main.o (autostart_start)
contiki-sky.a(ctimer.o)       obj_sky/contiki-sky-main.o (ctimer_init)
contiki-sky.a(energest.o)     obj_sky/contiki-sky-main.o (energest_init)
contiki-sky.a(etimer.o)       contiki-sky.a(clock.o) (etimer_request_poll)
contiki-sky.a(process.o)      contiki-sky.a(ctimer.o) (process_current)
contiki-sky.a(rtimer.o)       obj_sky/contiki-sky-main.o (rtimer_init)
contiki-sky.a(timer.o)        obj_sky/contiki-sky-main.o (timer_set)
contiki-sky.a(serial-line.o)  obj_sky/contiki-sky-main.o (serial_line_input_byte)
contiki-sky.a(list.o)         contiki-sky.a(ctimer.o) (list_init)
contiki-sky.a(random.o)       obj_sky/contiki-sky-main.o (random_init)
contiki-sky.a(ringbuf.o)      contiki-sky.a(serial-line.o) (ringbuf_init)
contiki-sky.a(rime.o)         obj_sky/contiki-sky-main.o (rime_driver)
contiki-sky.a(nullmac.o)      obj_sky/contiki-sky-main.o (nullmac_driver)
contiki-sky.a(nullrdc.o)      obj_sky/contiki-sky-main.o (nullrdc_driver)
contiki-sky.a(linkaddr.o)     obj_sky/contiki-sky-main.o (linkaddr_copy)
contiki-sky.a(packetbuf.o)    contiki-sky.a(cc2420.o) (packetbuf_set_datalen)
contiki-sky.a(queuebuf.o)     contiki-sky.a(rime.o) (queuebuf_init)
contiki-sky.a(spi.o)          contiki-sky.a(xmem.o) (spi_init)
contiki-sky.a(memb.o)         contiki-sky.a(queuebuf.o) (memb_init)
contiki-sky.a(abc.o)          contiki-sky.a(rime.o) (abc_input)
contiki-sky.a(announcement.o)
                              contiki-sky.a(rime.o) (announcement_init)
contiki-sky.a(broadcast-annou)
                              contiki-sky.a(rime.o) (broadcast_announcement_init)
contiki-sky.a(broadcast.o)    contiki-sky.a(broadcast-annou) (broadcast_open)
contiki-sky.a(chameleon.o)    contiki-sky.a(rime.o) (chameleon_init)
contiki-sky.a(channel.o)      contiki-sky.a(chameleon.o) (channel_init)
contiki-sky.a(framer-802154.o)
                              contiki-sky.a(nullrdc.o) (framer_802154)
contiki-sky.a(mac.o)          contiki-sky.a(nullrdc.o) (mac_call_sent_callback)
contiki-sky.a(chameleon-bitop)
                              contiki-sky.a(chameleon.o) (chameleon_bitopt)
contiki-sky.a(frame802154.o)  contiki-sky.a(framer-802154.o) (frame802154_hdrlen)
/usr/bin/../lib/gcc/msp430/4.6.3/mmpy-16/libgcc.a(_udivmod16.o)
                              interferer_example_8.co (__umodhi3)
/usr/bin/../lib/gcc/msp430/4.6.3/mmpy-16/libgcc.a(_udivmod32.o)
                              obj_sky/contiki-sky-main.o (__udivsi3)
/usr/bin/../lib/gcc/msp430/4.6.3/../../../../msp430/lib/mmpy-16/libc.a(strncmp.o)
                              contiki-sky.a(sensors.o) (strncmp)
/usr/bin/../lib/gcc/msp430/4.6.3/../../../../msp430/lib/mmpy-16/libc.a(memcmp.o)
                              contiki-sky.a(linkaddr.o) (memcmp)
/usr/bin/../lib/gcc/msp430/4.6.3/../../../../msp430/lib/mmpy-16/libc.a(memcpy.o)
                              contiki-sky.a(packetbuf.o) (memcpy)
/usr/bin/../lib/gcc/msp430/4.6.3/../../../../msp430/lib/mmpy-16/libc.a(memset.o)
                              obj_sky/contiki-sky-main.o (memset)
/usr/bin/../lib/gcc/msp430/4.6.3/../../../../msp430/lib/mmpy-16/libc.a(printf.o)
                              obj_sky/contiki-sky-main.o (printf)
/usr/bin/../lib/gcc/msp430/4.6.3/../../../../msp430/lib/mmpy-16/libc.a(vuprintf.o)
                              /usr/bin/../lib/gcc/msp430/4.6.3/../../../../msp430/lib/mmpy-16/libc.a(printf.o) (vuprintf)
/usr/bin/../lib/gcc/msp430/4.6.3/../../../../msp430/lib/mmpy-16/libc.a(puts.o)
                              obj_sky/contiki-sky-main.o (puts)
/usr/bin/../lib/gcc/msp430/4.6.3/../../../../msp430/lib/mmpy-16/libc.a(rand.o)
[...]
Memory Configuration

Name             Origin             Length             Attributes
sfr              0x0000000000000000 0x0000000000000010
peripheral_8bit  0x0000000000000010 0x00000000000000f0
peripheral_16bit 0x0000000000000100 0x0000000000000100
ram_mirror       0x0000000000000200 0x0000000000000800 xw
infomem          0x0000000000001000 0x0000000000000100
infob            0x0000000000001000 0x0000000000000080
infoa            0x0000000000001080 0x0000000000000080
ram              0x0000000000001100 0x0000000000002800 xw
rom              0x0000000000004000 0x000000000000bfe0 xr
vectors          0x000000000000ffe0 0x0000000000000020
bsl              0x0000000000000000 0x0000000000000000
infoc            0x0000000000000000 0x0000000000000000
infod            0x0000000000000000 0x0000000000000000
ram2             0x0000000000000000 0x0000000000000000 xw
usbram           0x0000000000000000 0x0000000000000000 xw
far_rom          0x0000000000000000 0x0000000000000000
*default*        0x0000000000000000 0xffffffffffffffff

Linker script and memory map

LOAD /usr/bin/../lib/gcc/msp430/4.6.3/mmpy-16/crt0ivtbl16.o
LOAD interferer_example_8.co
LOAD obj_sky/contiki-sky-main.o
LOAD contiki-sky.a
LOAD /usr/bin/../lib/gcc/msp430/4.6.3/../../../../msp430/lib/mmpy-16/libm.a
LOAD /usr/bin/../lib/gcc/msp430/4.6.3/mmpy-16/libgcc.a
LOAD /usr/bin/../lib/gcc/msp430/4.6.3/../../../../msp430/lib/mmpy-16/libc.a
LOAD /usr/bin/../lib/gcc/msp430/4.6.3/mmpy-16/libgcc.a
LOAD /usr/bin/../lib/gcc/msp430/4.6.3/mmpy-16/libcrt0.a
                0x0000000000000080                PROVIDE (__info_segment_size, 0x80)
                0x0000000000001000                PROVIDE (__infob, 0x1000)
                0x0000000000001080                PROVIDE (__infoa, 0x1080)
                0x0000000000000000                __IE1 = 0x0
                0x0000000000000002                __IFG1 = 0x2
                0x0000000000000004                __ME1 = 0x4
                0x0000000000000001                __IE2 = 0x1
                0x0000000000000003                __IFG2 = 0x3
                0x0000000000000005                __ME2 = 0x5
                0x0000000000000120                __WDTCTL = 0x120
                0x0000000000000130                __MPY = 0x130
                0x0000000000000132                __MPYS = 0x132
                0x0000000000000134                __MAC = 0x134
                0x0000000000000136                __MACS = 0x136
                0x0000000000000138                __OP2 = 0x138
                0x000000000000013a                __RESLO = 0x13a
                0x000000000000013c                __RESHI = 0x13c
                0x000000000000013e                __SUMEXT = 0x13e
                0x0000000000000020                __P1IN = 0x20
                0x0000000000000021                __P1OUT = 0x21
                0x0000000000000022                __P1DIR = 0x22
                0x0000000000000023                __P1IFG = 0x23
                0x0000000000000024                __P1IES = 0x24
                0x0000000000000025                __P1IE = 0x25
                0x0000000000000026                __P1SEL = 0x26
                0x0000000000000028                __P2IN = 0x28
                0x0000000000000029                __P2OUT = 0x29
                0x000000000000002a                __P2DIR = 0x2a
                0x000000000000002b                __P2IFG = 0x2b
                0x000000000000002c                __P2IES = 0x2c
                0x000000000000002d                __P2IE = 0x2d
                0x000000000000002e                __P2SEL = 0x2e
                0x0000000000000018                __P3IN = 0x18
                0x0000000000000019                __P3OUT = 0x19
                0x000000000000001a                __P3DIR = 0x1a
                0x000000000000001b                __P3SEL = 0x1b
                0x000000000000001c                __P4IN = 0x1c
                0x000000000000001d                __P4OUT = 0x1d
                0x000000000000001e                __P4DIR = 0x1e
                0x000000000000001f                __P4SEL = 0x1f
                0x0000000000000030                __P5IN = 0x30
                0x0000000000000031                __P5OUT = 0x31
                0x0000000000000032                __P5DIR = 0x32
                0x0000000000000033                __P5SEL = 0x33
                0x0000000000000034                __P6IN = 0x34
                0x0000000000000035                __P6OUT = 0x35
                0x0000000000000036                __P6DIR = 0x36
                0x0000000000000037                __P6SEL = 0x37
                0x0000000000000070                __U0CTL = 0x70
                0x0000000000000071                __U0TCTL = 0x71
                0x0000000000000072                __U0RCTL = 0x72
                0x0000000000000073                __U0MCTL = 0x73
                0x0000000000000074                __U0BR0 = 0x74
                0x0000000000000075                __U0BR1 = 0x75
                0x0000000000000076                __U0RXBUF = 0x76
                0x0000000000000077                __U0TXBUF = 0x77
                0x0000000000000078                __U1CTL = 0x78
                0x0000000000000079                __U1TCTL = 0x79
                0x000000000000007a                __U1RCTL = 0x7a
                0x000000000000007b                __U1MCTL = 0x7b
                0x000000000000007c                __U1BR0 = 0x7c
                0x000000000000007d                __U1BR1 = 0x7d
                0x000000000000007e                __U1RXBUF = 0x7e
                0x000000000000007f                __U1TXBUF = 0x7f
                0x0000000000000050                __I2CIE = 0x50
                0x0000000000000051                __I2CIFG = 0x51
                0x0000000000000052                __I2CNDAT = 0x52
                0x0000000000000071                __I2CTCTL = 0x71
                0x0000000000000072                __I2CDCTL = 0x72
                0x0000000000000073                __I2CPSC = 0x73
                0x0000000000000074                __I2CSCLH = 0x74
                0x0000000000000075                __I2CSCLL = 0x75
                0x0000000000000076                __I2CDRB = 0x76
                0x0000000000000076                __I2CDRW = 0x76
                0x0000000000000118                __I2COA = 0x118
                0x000000000000011a                __I2CSA = 0x11a
                0x000000000000011c                __I2CIV = 0x11c
                0x000000000000012e                __TAIV = 0x12e
                0x0000000000000160                __TACTL = 0x160
                0x0000000000000162                __TACCTL0 = 0x162
                0x0000000000000164                __TACCTL1 = 0x164
                0x0000000000000166                __TACCTL2 = 0x166
                0x0000000000000170                __TAR = 0x170
                0x0000000000000172                __TACCR0 = 0x172
                0x0000000000000174                __TACCR1 = 0x174
                0x0000000000000176                __TACCR2 = 0x176
                0x000000000000011e                __TBIV = 0x11e
                0x0000000000000180                __TBCTL = 0x180
                0x0000000000000182                __TBCCTL0 = 0x182
                0x0000000000000184                __TBCCTL1 = 0x184
                0x0000000000000186                __TBCCTL2 = 0x186
                0x0000000000000188                __TBCCTL3 = 0x188
                0x000000000000018a                __TBCCTL4 = 0x18a
                0x000000000000018c                __TBCCTL5 = 0x18c
                0x000000000000018e                __TBCCTL6 = 0x18e
                0x0000000000000190                __TBR = 0x190
                0x0000000000000192                __TBCCR0 = 0x192
                0x0000000000000194                __TBCCR1 = 0x194
                0x0000000000000196                __TBCCR2 = 0x196
                0x0000000000000198                __TBCCR3 = 0x198
                0x000000000000019a                __TBCCR4 = 0x19a
                0x000000000000019c                __TBCCR5 = 0x19c
                0x000000000000019e                __TBCCR6 = 0x19e
                0x0000000000000056                __DCOCTL = 0x56
                0x0000000000000057                __BCSCTL1 = 0x57
                0x0000000000000058                __BCSCTL2 = 0x58
                0x0000000000000055                __SVSCTL = 0x55
                0x0000000000000128                __FCTL1 = 0x128
                0x000000000000012a                __FCTL2 = 0x12a
                0x000000000000012c                __FCTL3 = 0x12c
                0x0000000000000059                __CACTL1 = 0x59
                0x000000000000005a                __CACTL2 = 0x5a
                0x000000000000005b                __CAPD = 0x5b
                0x00000000000001a0                __ADC12CTL0 = 0x1a0
                0x00000000000001a2                __ADC12CTL1 = 0x1a2
                0x00000000000001a4                __ADC12IFG = 0x1a4
                0x00000000000001a6                __ADC12IE = 0x1a6
                0x00000000000001a8                __ADC12IV = 0x1a8
                0x0000000000000140                __ADC12MEM0 = 0x140
                0x0000000000000142                __ADC12MEM1 = 0x142
                0x0000000000000144                __ADC12MEM2 = 0x144
                0x0000000000000146                __ADC12MEM3 = 0x146
                0x0000000000000148                __ADC12MEM4 = 0x148
                0x000000000000014a                __ADC12MEM5 = 0x14a
                0x000000000000014c                __ADC12MEM6 = 0x14c
                0x000000000000014e                __ADC12MEM7 = 0x14e
                0x0000000000000150                __ADC12MEM8 = 0x150
                0x0000000000000152                __ADC12MEM9 = 0x152
                0x0000000000000154                __ADC12MEM10 = 0x154
                0x0000000000000156                __ADC12MEM11 = 0x156
                0x0000000000000158                __ADC12MEM12 = 0x158
                0x000000000000015a                __ADC12MEM13 = 0x15a
                0x000000000000015c                __ADC12MEM14 = 0x15c
                0x000000000000015e                __ADC12MEM15 = 0x15e
                0x0000000000000080                __ADC12MCTL0 = 0x80
                0x0000000000000081                __ADC12MCTL1 = 0x81
                0x0000000000000082                __ADC12MCTL2 = 0x82
                0x0000000000000083                __ADC12MCTL3 = 0x83
                0x0000000000000084                __ADC12MCTL4 = 0x84
                0x0000000000000085                __ADC12MCTL5 = 0x85
                0x0000000000000086                __ADC12MCTL6 = 0x86
                0x0000000000000087                __ADC12MCTL7 = 0x87
                0x0000000000000088                __ADC12MCTL8 = 0x88
                0x0000000000000089                __ADC12MCTL9 = 0x89
                0x000000000000008a                __ADC12MCTL10 = 0x8a
                0x000000000000008b                __ADC12MCTL11 = 0x8b
                0x000000000000008c                __ADC12MCTL12 = 0x8c
                0x000000000000008d                __ADC12MCTL13 = 0x8d
                0x000000000000008e                __ADC12MCTL14 = 0x8e
                0x000000000000008f                __ADC12MCTL15 = 0x8f
                0x00000000000001c0                __DAC12_0CTL = 0x1c0
                0x00000000000001c2                __DAC12_1CTL = 0x1c2
                0x00000000000001c8                __DAC12_0DAT = 0x1c8
                0x00000000000001ca                __DAC12_1DAT = 0x1ca
                0x0000000000000122                __DMACTL0 = 0x122
                0x0000000000000124                __DMACTL1 = 0x124
                0x00000000000001e0                __DMA0CTL = 0x1e0
                0x00000000000001e8                __DMA1CTL = 0x1e8
                0x00000000000001f0                __DMA2CTL = 0x1f0
                0x00000000000001e2                __DMA0SA = 0x1e2
                0x00000000000001e4                __DMA0DA = 0x1e4
                0x00000000000001e6                __DMA0SZ = 0x1e6
                0x00000000000001ea                __DMA1SA = 0x1ea
                0x00000000000001ec                __DMA1DA = 0x1ec
                0x00000000000001ee                __DMA1SZ = 0x1ee
                0x00000000000001f2                __DMA2SA = 0x1f2
                0x00000000000001f4                __DMA2DA = 0x1f4
                0x00000000000001f6                __DMA2SZ = 0x1f6

.hash
 *(.hash)

.dynsym
 *(.dynsym)

.dynstr
 *(.dynstr)

.gnu.version
 *(.gnu.version)

.gnu.version_d
 *(.gnu.version_d)

.gnu.version_r
 *(.gnu.version_r)

.rel.init
 *(.rel.init)

.rela.init
 *(.rela.init)

.rel.fini
 *(.rel.fini)

.rela.fini
 *(.rela.fini)

.rel.text
 *(.rel.text .rel.text.* .rel.gnu.linkonce.t.*)

.rela.text
 *(.rela.text .rela.text.* .rela.gnu.linkonce.t.*)

.rel.rodata
 *(.rel.rodata .rel.rodata.* .rel.gnu.linkonce.r.*)

.rela.rodata
 *(.rela.rodata .rela.rodata.* .rela.gnu.linkonce.r.*)

.rel.data
 *(.rel.data .rel.data.* .rel.gnu.linkonce.d.*)

.rela.data
 *(.rela.data .rela.data.* .rela.gnu.linkonce.d.*)

.rel.bss
 *(.rel.bss .rel.bss.* .rel.gnu.linkonce.b.*)

.rela.bss
 *(.rela.bss .rela.bss.* .rela.gnu.linkonce.b.*)

.rel.ctors
 *(.rel.ctors)

.rela.ctors
 *(.rela.ctors)

.rel.dtors
 *(.rel.dtors)

.rela.dtors
 *(.rela.dtors)

.rel.got
 *(.rel.got)

.rela.got
 *(.rela.got)

.rel.plt
 *(.rel.plt)

.rela.plt
 *(.rela.plt)

.text           0x0000000000004000     0x4202
                0x0000000000004000                . = ALIGN (0x2)
 *(.init .init.*)
 *(.init0)
 .init0         0x0000000000004000        0x0 /usr/bin/../lib/gcc/msp430/4.6.3/mmpy-16/libcrt0.a(_reset_vector__.o)
                0x0000000000004000                _reset_vector__
 *(.init1)
 .init1         0x0000000000004000        0xc /usr/bin/../lib/gcc/msp430/4.6.3/mmpy-16/libcrt0.a(__watchdog_support.o)
                0x0000000000004000                __watchdog_support
 *(.init2)
 .init2         0x000000000000400c        0x4 /usr/bin/../lib/gcc/msp430/4.6.3/mmpy-16/libcrt0.a(__init_stack.o)
                0x000000000000400c                __init_stack
 *(.init3)
 .init3         0x0000000000004010        0x0 /usr/bin/../lib/gcc/msp430/4.6.3/mmpy-16/libcrt0.a(__low_level_init.o)
                0x0000000000004010                __low_level_init
 *(.init4)
 .init4         0x0000000000004010       0x18 /usr/bin/../lib/gcc/msp430/4.6.3/mmpy-16/libcrt0.a(_copy_data.o)
                0x0000000000004010                __do_copy_data
 .init4         0x0000000000004028       0x16 /usr/bin/../lib/gcc/msp430/4.6.3/mmpy-16/libcrt0.a(_clear_bss.o)
                0x0000000000004028                __do_clear_bss
 *(.init5)
 *(.init6)
 *(.init7)
 *(.init8)
 *(.init9)
 .init9         0x000000000000403e      0x2fa obj_sky/contiki-sky-main.o
                0x000000000000403e                main
 *(.fini9)
 .fini9         0x0000000000004338        0x0 /usr/bin/../lib/gcc/msp430/4.6.3/mmpy-16/libcrt0.a(__stop_progExec__.o)
                0x0000000000004338                __stop_progExec__
 *(.fini8)
 *(.fini7)
 *(.fini6)
 *(.fini5)
 *(.fini4)
 *(.fini3)
 *(.fini2)
 *(.fini1)
 *(.fini0)
 .fini0         0x0000000000004338        0x6 /usr/bin/../lib/gcc/msp430/4.6.3/mmpy-16/libcrt0.a(_endless_loop__.o)
                0x0000000000004338                _endless_loop__
 *(.fini .fini.*)
                0x000000000000433e                . = ALIGN (0x2)
                0x000000000000433e                __ctors_start = .
 *(.ctors)
                0x000000000000433e                __ctors_end = .
                0x000000000000433e                __dtors_start = .
 *(.dtors)
                0x000000000000433e                __dtors_end = .
                0x000000000000433e                . = ALIGN (0x2)
 *(.text .text.* .gnu.linkonce.t.*)
 .text          0x000000000000433e        0x4 /usr/bin/../lib/gcc/msp430/4.6.3/mmpy-16/crt0ivtbl16.o
                0x000000000000433e                __isr_14
                0x000000000000433e                __isr_11
                0x000000000000433e                __isr_2
                0x000000000000433e                __isr_7
                0x000000000000433e                __isr_0
                0x000000000000433e                __isr_8
                0x000000000000433e                __isr_3
                0x000000000000433e                __isr_12
                0x000000000000433e                __isr_13
                0x000000000000433e                __isr_9
 .text.random   0x0000000000004342       0x26 interferer_example_8.co
                0x0000000000004342                random
 .text.boost_cpu
                0x0000000000004368       0x20 interferer_example_8.co
                0x0000000000004368                boost_cpu
 .text.process_thread_interferer_example
                0x0000000000004388      0x1ea interferer_example_8.co
 .text.init_platform
                0x0000000000004572        0xc contiki-sky.a(contiki-sky-pla)
                0x0000000000004572                init_platform
 .text.status   0x000000000000457e       0x16 contiki-sky.a(button-sensor.o)
 .text.configure
                0x0000000000004594       0x52 contiki-sky.a(button-sensor.o)
 .text.value    0x00000000000045e6       0x22 contiki-sky.a(button-sensor.o)
 .text.irq_p2   0x0000000000004608       0x8a contiki-sky.a(button-sensor.o)
                0x0000000000004608                irq_p2
                0x0000000000004608                __isr_1
 .text.owreadb  0x0000000000004692       0x52 contiki-sky.a(ds2411.o)
 .text.ds2411_init
                0x00000000000046e4      0x122 contiki-sky.a(ds2411.o)
                0x00000000000046e4                ds2411_init
 .text.wait_ready
                0x0000000000004806       0x50 contiki-sky.a(xmem.o)
 .text.xmem_init
                0x0000000000004856       0x3e contiki-sky.a(xmem.o)
                0x0000000000004856                xmem_init
 .text.xmem_pread
                0x0000000000004894       0xea contiki-sky.a(xmem.o)
                0x0000000000004894                xmem_pread
 .text.node_id_restore
                0x000000000000497e       0x38 contiki-sky.a(node-id.o)
                0x000000000000497e                node_id_restore
 .text.process_thread_sensors_process
                0x00000000000049b6       0xbe contiki-sky.a(sensors.o)
 .text.sensors_changed
                0x0000000000004a74       0x2a contiki-sky.a(sensors.o)
                0x0000000000004a74                sensors_changed
 .text.get_object
                0x0000000000004a9e        0x4 contiki-sky.a(cc2420.o)
 .text.set_object
                0x0000000000004aa2        0x4 contiki-sky.a(cc2420.o)
 .text.strobe   0x0000000000004aa6       0x20 contiki-sky.a(cc2420.o)
 .text.status   0x0000000000004ac6       0x26 contiki-sky.a(cc2420.o)
 .text.getreg   0x0000000000004aec       0x54 contiki-sky.a(cc2420.o)
 .text.setreg   0x0000000000004b40       0x52 contiki-sky.a(cc2420.o)
 .text.write_ram
                0x0000000000004b92       0x58 contiki-sky.a(cc2420.o)
 .text.set_txpower
                0x0000000000004bea       0x26 contiki-sky.a(cc2420.o)
 .text.cc2420_receiving_packet
                0x0000000000004c10        0xe contiki-sky.a(cc2420.o)
 .text.pending_packet
                0x0000000000004c1e        0x8 contiki-sky.a(cc2420.o)
 .text.wait_for_status
                0x0000000000004c26       0x2a contiki-sky.a(cc2420.o)
 .text.on       0x0000000000004c50       0x26 contiki-sky.a(cc2420.o)
 .text.getrxbyte
                0x0000000000004c76       0x40 contiki-sky.a(cc2420.o)
 .text.flushrx  0x0000000000004cb6       0x18 contiki-sky.a(cc2420.o)
 .text.getrxdata
                0x0000000000004cce       0x56 contiki-sky.a(cc2420.o)
 .text.wait_for_not_status.constprop.6
                0x0000000000004d24       0x22 contiki-sky.a(cc2420.o)
 .text.off      0x0000000000004d46       0x5a contiki-sky.a(cc2420.o)
 .text.RELEASE_LOCK
                0x0000000000004da0       0x28 contiki-sky.a(cc2420.o)
 .text.cc2420_prepare
                0x0000000000004dc8       0x8a contiki-sky.a(cc2420.o)
 .text.cc2420_on
                0x0000000000004e52       0x22 contiki-sky.a(cc2420.o)
                0x0000000000004e52                cc2420_on
 .text.cc2420_read
                0x0000000000004e74       0xb6 contiki-sky.a(cc2420.o)
 .text.process_thread_cc2420_process
                0x0000000000004f2a       0x50 contiki-sky.a(cc2420.o)
 .text.cc2420_off
                0x0000000000004f7a       0x30 contiki-sky.a(cc2420.o)
                0x0000000000004f7a                cc2420_off
 .text.cc2420_cca
                0x0000000000004faa       0x5e contiki-sky.a(cc2420.o)
 .text.cc2420_set_channel
                0x0000000000005008       0x44 contiki-sky.a(cc2420.o)
                0x0000000000005008                cc2420_set_channel
 .text.cc2420_set_pan_addr
                0x000000000000504c       0x82 contiki-sky.a(cc2420.o)
                0x000000000000504c                cc2420_set_pan_addr
 .text.cc2420_interrupt
                0x00000000000050ce       0x1c contiki-sky.a(cc2420.o)
                0x00000000000050ce                cc2420_interrupt
 .text.cc2420_set_txpower
                0x00000000000050ea        0xe contiki-sky.a(cc2420.o)
                0x00000000000050ea                cc2420_set_txpower
 .text.set_value
                0x00000000000050f8       0x78 contiki-sky.a(cc2420.o)
 .text.cc2420_get_txpower
                0x0000000000005170       0x1e contiki-sky.a(cc2420.o)
                0x0000000000005170                cc2420_get_txpower
 .text.cc2420_transmit
                0x000000000000518e      0x128 contiki-sky.a(cc2420.o)
 .text.cc2420_send
                0x00000000000052b6       0x12 contiki-sky.a(cc2420.o)
 .text.cc2420_rssi
                0x00000000000052c8       0x48 contiki-sky.a(cc2420.o)
                0x00000000000052c8                cc2420_rssi
 .text.get_value
                0x0000000000005310       0x8e contiki-sky.a(cc2420.o)
 .text.cc2420_set_cca_threshold
                0x000000000000539e       0x16 contiki-sky.a(cc2420.o)
                0x000000000000539e                cc2420_set_cca_threshold
 .text.cc2420_init
                0x00000000000053b4       0xd8 contiki-sky.a(cc2420.o)
                0x00000000000053b4                cc2420_init
 .text.cc2420_port1_interrupt
                0x000000000000548c       0x62 contiki-sky.a(cc2420-arch.o)
                0x000000000000548c                __isr_4
                0x000000000000548c                cc2420_port1_interrupt
 .text.cc2420_arch_init
                0x00000000000054ee       0x1a contiki-sky.a(cc2420-arch.o)
                0x00000000000054ee                cc2420_arch_init
 .text.handle_rxdma_timer
                0x0000000000005508       0x3a contiki-sky.a(uart1.o)
 .text.uart1_active
                0x0000000000005542       0x1a contiki-sky.a(uart1.o)
                0x0000000000005542                uart1_active
 .text.uart1_set_input
                0x000000000000555c       0x20 contiki-sky.a(uart1.o)
                0x000000000000555c                uart1_set_input
 .text.uart1_writeb
                0x000000000000557c       0x1a contiki-sky.a(uart1.o)
                0x000000000000557c                uart1_writeb
 .text.uart1_init
                0x0000000000005596       0xf6 contiki-sky.a(uart1.o)
                0x0000000000005596                uart1_init
 .text.putchar  0x000000000000568c       0x10 contiki-sky.a(uart1-putchar.o)
                0x000000000000568c                putchar
 .text.msp430_init_dco
                0x000000000000569c       0x84 contiki-sky.a(msp430.o)
                0x000000000000569c                msp430_init_dco
 .text.msp430_add_lpm_req
                0x0000000000005720        0xc contiki-sky.a(msp430.o)
                0x0000000000005720                msp430_add_lpm_req
 .text.msp430_cpu_init
                0x000000000000572c       0x2a contiki-sky.a(msp430.o)
                0x000000000000572c                msp430_cpu_init
 .text.splhigh_
                0x0000000000005756        0x8 contiki-sky.a(msp430.o)
                0x0000000000005756                splhigh_
 .text.msp430_sync_dco
                0x000000000000575e       0x68 contiki-sky.a(msp430.o)
                0x000000000000575e                msp430_sync_dco
 .text.timera1  0x00000000000057c6      0x11e contiki-sky.a(clock.o)
                0x00000000000057c6                __isr_5
                0x00000000000057c6                timera1
 .text.clock_time
                0x00000000000058e4       0x1a contiki-sky.a(clock.o)
                0x00000000000058e4                clock_time
 .text.clock_init
                0x00000000000058fe       0x28 contiki-sky.a(clock.o)
                0x00000000000058fe                clock_init
 .text.clock_delay
                0x0000000000005926        0xc contiki-sky.a(clock.o)
                0x0000000000005926                clock_delay
 .text.show_leds
                0x0000000000005932       0xf6 contiki-sky.a(leds.o)
 .text.leds_init
                0x0000000000005a28        0xa contiki-sky.a(leds.o)
                0x0000000000005a28                leds_init
 .text.leds_on  0x0000000000005a32        0xa contiki-sky.a(leds.o)
                0x0000000000005a32                leds_on
 .text.leds_off
                0x0000000000005a3c        0xe contiki-sky.a(leds.o)
                0x0000000000005a3c                leds_off
 .text.leds_arch_init
                0x0000000000005a4a        0xe contiki-sky.a(leds-arch.o)
                0x0000000000005a4a                leds_arch_init
 .text.leds_arch_set
                0x0000000000005a58       0x3a contiki-sky.a(leds-arch.o)
                0x0000000000005a58                leds_arch_set
 .text.watchdog_interrupt
                0x0000000000005a92        0x6 contiki-sky.a(watchdog.o)
                0x0000000000005a92                __isr_10
                0x0000000000005a92                watchdog_interrupt
 .text.watchdog_start
                0x0000000000005a98       0x14 contiki-sky.a(watchdog.o)
                0x0000000000005a98                watchdog_start
 .text.watchdog_periodic
                0x0000000000005aac       0x12 contiki-sky.a(watchdog.o)
                0x0000000000005aac                watchdog_periodic
 .text.watchdog_stop
                0x0000000000005abe       0x16 contiki-sky.a(watchdog.o)
                0x0000000000005abe                watchdog_stop
 .text.watchdog_init
                0x0000000000005ad4       0x14 contiki-sky.a(watchdog.o)
                0x0000000000005ad4                watchdog_init
 .text.rtimer_arch_init
                0x0000000000005ae8        0xe contiki-sky.a(rtimer-arch.o)
                0x0000000000005ae8                rtimer_arch_init
 .text.rtimer_arch_now
                0x0000000000005af6        0xe contiki-sky.a(rtimer-arch.o)
                0x0000000000005af6                rtimer_arch_now
 .text.timera0  0x0000000000005b04       0x70 contiki-sky.a(rtimer-arch.o)
                0x0000000000005b04                __isr_6
                0x0000000000005b04                timera0
 .text.rtimer_arch_schedule
                0x0000000000005b74        0x6 contiki-sky.a(rtimer-arch.o)
                0x0000000000005b74                rtimer_arch_schedule
 .text.autostart_start
                0x0000000000005b7a       0x16 contiki-sky.a(autostart.o)
                0x0000000000005b7a                autostart_start
 .text.process_thread_ctimer_process
                0x0000000000005b90       0xa4 contiki-sky.a(ctimer.o)
 .text.ctimer_init
                0x0000000000005c34       0x18 contiki-sky.a(ctimer.o)
                0x0000000000005c34                ctimer_init
 .text.ctimer_set
                0x0000000000005c4c       0x5a contiki-sky.a(ctimer.o)
                0x0000000000005c4c                ctimer_set
 .text.ctimer_reset
                0x0000000000005ca6       0x3a contiki-sky.a(ctimer.o)
                0x0000000000005ca6                ctimer_reset
 .text.energest_init
                0x0000000000005ce0       0x28 contiki-sky.a(energest.o)
                0x0000000000005ce0                energest_init
 .text.energest_type_time
                0x0000000000005d08       0x46 contiki-sky.a(energest.o)
                0x0000000000005d08                energest_type_time
 .text.energest_type_set
                0x0000000000005d4e        0xe contiki-sky.a(energest.o)
                0x0000000000005d4e                energest_type_set
 .text.energest_flush
                0x0000000000005d5c       0x48 contiki-sky.a(energest.o)
                0x0000000000005d5c                energest_flush
 .text.update_time
                0x0000000000005da4       0x78 contiki-sky.a(etimer.o)
 .text.etimer_request_poll
                0x0000000000005e1c        0xa contiki-sky.a(etimer.o)
                0x0000000000005e1c                etimer_request_poll
 .text.process_thread_etimer_process
                0x0000000000005e26       0xc8 contiki-sky.a(etimer.o)
 .text.add_timer
                0x0000000000005eee       0x40 contiki-sky.a(etimer.o)
 .text.etimer_set
                0x0000000000005f2e       0x12 contiki-sky.a(etimer.o)
                0x0000000000005f2e                etimer_set
 .text.etimer_reset
                0x0000000000005f40       0x12 contiki-sky.a(etimer.o)
                0x0000000000005f40                etimer_reset
 .text.etimer_expired
                0x0000000000005f52        0xe contiki-sky.a(etimer.o)
                0x0000000000005f52                etimer_expired
 .text.etimer_pending
                0x0000000000005f60        0xc contiki-sky.a(etimer.o)
                0x0000000000005f60                etimer_pending
 .text.etimer_next_expiration_time
                0x0000000000005f6c       0x16 contiki-sky.a(etimer.o)
                0x0000000000005f6c                etimer_next_expiration_time
 .text.call_process
                0x0000000000005f82       0x4a contiki-sky.a(process.o)
 .text.exit_process
                0x0000000000005fcc       0x96 contiki-sky.a(process.o)
 .text.do_poll  0x0000000000006062       0x30 contiki-sky.a(process.o)
 .text.process_alloc_event
                0x0000000000006092        0xe contiki-sky.a(process.o)
                0x0000000000006092                process_alloc_event
 .text.process_init
                0x00000000000060a0       0x1c contiki-sky.a(process.o)
                0x00000000000060a0                process_init
 .text.process_run
                0x00000000000060bc       0xa2 contiki-sky.a(process.o)
                0x00000000000060bc                process_run
 .text.process_nevents
                0x000000000000615e        0xe contiki-sky.a(process.o)
                0x000000000000615e                process_nevents
 .text.process_post
                0x000000000000616c       0x54 contiki-sky.a(process.o)
                0x000000000000616c                process_post
 .text.process_post_synch
                0x00000000000061c0       0x12 contiki-sky.a(process.o)
                0x00000000000061c0                process_post_synch
 .text.process_start
                0x00000000000061d2       0x32 contiki-sky.a(process.o)
                0x00000000000061d2                process_start
 .text.process_poll
                0x0000000000006204       0x18 contiki-sky.a(process.o)
                0x0000000000006204                process_poll
 .text.rtimer_init
                0x000000000000621c        0x6 contiki-sky.a(rtimer.o)
                0x000000000000621c                rtimer_init
 .text.rtimer_run_next
                0x0000000000006222       0x26 contiki-sky.a(rtimer.o)
                0x0000000000006222                rtimer_run_next
 .text.timer_set
                0x0000000000006248       0x1c contiki-sky.a(timer.o)
                0x0000000000006248                timer_set
 .text.timer_reset
                0x0000000000006264        0xe contiki-sky.a(timer.o)
                0x0000000000006264                timer_reset
 .text.timer_expired
                0x0000000000006272       0x2a contiki-sky.a(timer.o)
                0x0000000000006272                timer_expired
 .text.process_thread_serial_line_process
                0x000000000000629c       0x9c contiki-sky.a(serial-line.o)
 .text.serial_line_input_byte
                0x0000000000006338       0x4a contiki-sky.a(serial-line.o)
                0x0000000000006338                serial_line_input_byte
 .text.serial_line_init
                0x0000000000006382       0x1c contiki-sky.a(serial-line.o)
                0x0000000000006382                serial_line_init
 .text.list_init
                0x000000000000639e        0x6 contiki-sky.a(list.o)
                0x000000000000639e                list_init
 .text.list_head
                0x00000000000063a4        0x4 contiki-sky.a(list.o)
                0x00000000000063a4                list_head
 .text.list_tail
                0x00000000000063a8       0x12 contiki-sky.a(list.o)
                0x00000000000063a8                list_tail
 .text.list_remove
                0x00000000000063ba       0x34 contiki-sky.a(list.o)
                0x00000000000063ba                list_remove
 .text.list_add
                0x00000000000063ee       0x2a contiki-sky.a(list.o)
                0x00000000000063ee                list_add
 .text.list_item_next
                0x0000000000006418        0xc contiki-sky.a(list.o)
                0x0000000000006418                list_item_next
 .text.random_init
                0x0000000000006424        0x6 contiki-sky.a(random.o)
                0x0000000000006424                random_init
 .text.random_rand
                0x000000000000642a        0x6 contiki-sky.a(random.o)
                0x000000000000642a                random_rand
 .text.ringbuf_init
                0x0000000000006430       0x14 contiki-sky.a(ringbuf.o)
                0x0000000000006430                ringbuf_init
 .text.ringbuf_put
                0x0000000000006444       0x38 contiki-sky.a(ringbuf.o)
                0x0000000000006444                ringbuf_put
 .text.ringbuf_get
                0x000000000000647c       0x32 contiki-sky.a(ringbuf.o)
                0x000000000000647c                ringbuf_get
 .text.input    0x00000000000064ae       0x3a contiki-sky.a(rime.o)
 .text.init     0x00000000000064e8       0x2e contiki-sky.a(rime.o)
 .text.packet_sent
                0x0000000000006516       0x44 contiki-sky.a(rime.o)
 .text.rime_output
                0x000000000000655a       0x24 contiki-sky.a(rime.o)
                0x000000000000655a                rime_output
 .text.send_packet
                0x000000000000657e        0x6 contiki-sky.a(nullmac.o)
 .text.packet_input
                0x0000000000006584        0x6 contiki-sky.a(nullmac.o)
 .text.on       0x000000000000658a        0x6 contiki-sky.a(nullmac.o)
 .text.off      0x0000000000006590        0x6 contiki-sky.a(nullmac.o)
 .text.channel_check_interval
                0x0000000000006596        0x4 contiki-sky.a(nullmac.o)
 .text.init     0x000000000000659a        0x2 contiki-sky.a(nullmac.o)
 .text.on       0x000000000000659c        0x6 contiki-sky.a(nullrdc.o)
 .text.channel_check_interval
                0x00000000000065a2        0x4 contiki-sky.a(nullrdc.o)
 .text.init     0x00000000000065a6        0x6 contiki-sky.a(nullrdc.o)
 .text.send_one_packet
                0x00000000000065ac       0x6a contiki-sky.a(nullrdc.o)
 .text.send_list
                0x0000000000006616       0x30 contiki-sky.a(nullrdc.o)
 .text.send_packet
                0x0000000000006646        0x6 contiki-sky.a(nullrdc.o)
 .text.off      0x000000000000664c       0x10 contiki-sky.a(nullrdc.o)
 .text.packet_input
                0x000000000000665c       0x36 contiki-sky.a(nullrdc.o)
 .text.linkaddr_copy
                0x0000000000006692        0xc contiki-sky.a(linkaddr.o)
                0x0000000000006692                linkaddr_copy
 .text.linkaddr_cmp
                0x000000000000669e       0x12 contiki-sky.a(linkaddr.o)
                0x000000000000669e                linkaddr_cmp
 .text.linkaddr_set_node_addr
                0x00000000000066b0        0xc contiki-sky.a(linkaddr.o)
                0x00000000000066b0                linkaddr_set_node_addr
 .text.packetbuf_hdrreduce
                0x00000000000066bc       0x1a contiki-sky.a(packetbuf.o)
                0x00000000000066bc                packetbuf_hdrreduce
 .text.packetbuf_set_datalen
                0x00000000000066d6        0x6 contiki-sky.a(packetbuf.o)
                0x00000000000066d6                packetbuf_set_datalen
 .text.packetbuf_dataptr
                0x00000000000066dc        0xe contiki-sky.a(packetbuf.o)
                0x00000000000066dc                packetbuf_dataptr
 .text.packetbuf_hdrptr
                0x00000000000066ea        0xa contiki-sky.a(packetbuf.o)
                0x00000000000066ea                packetbuf_hdrptr
 .text.packetbuf_is_reference
                0x00000000000066f4        0xe contiki-sky.a(packetbuf.o)
                0x00000000000066f4                packetbuf_is_reference
 .text.packetbuf_compact
                0x0000000000006702       0x48 contiki-sky.a(packetbuf.o)
                0x0000000000006702                packetbuf_compact
 .text.packetbuf_datalen
                0x000000000000674a        0x6 contiki-sky.a(packetbuf.o)
                0x000000000000674a                packetbuf_datalen
 .text.packetbuf_totlen
                0x0000000000006750       0x10 contiki-sky.a(packetbuf.o)
                0x0000000000006750                packetbuf_totlen
 .text.packetbuf_hdralloc
                0x0000000000006760       0x2e contiki-sky.a(packetbuf.o)
                0x0000000000006760                packetbuf_hdralloc
 .text.packetbuf_attr_clear
                0x000000000000678e       0x2c contiki-sky.a(packetbuf.o)
                0x000000000000678e                packetbuf_attr_clear
 .text.packetbuf_clear
                0x00000000000067ba       0x1a contiki-sky.a(packetbuf.o)
                0x00000000000067ba                packetbuf_clear
 .text.packetbuf_copyfrom
                0x00000000000067d4       0x2e contiki-sky.a(packetbuf.o)
                0x00000000000067d4                packetbuf_copyfrom
 .text.packetbuf_attr_copyfrom
                0x0000000000006802       0x22 contiki-sky.a(packetbuf.o)
                0x0000000000006802                packetbuf_attr_copyfrom
 .text.queuebuf_init
                0x0000000000006824       0x1a contiki-sky.a(queuebuf.o)
                0x0000000000006824                queuebuf_init
 .text.queuebuf_to_packetbuf
                0x000000000000683e       0x6e contiki-sky.a(queuebuf.o)
                0x000000000000683e                queuebuf_to_packetbuf
 .text.spi_init
                0x00000000000068ac       0x32 contiki-sky.a(spi.o)
                0x00000000000068ac                spi_init
 .text.memb_init
                0x00000000000068de       0x36 contiki-sky.a(memb.o)
                0x00000000000068de                memb_init
 .text.memb_inmemb
                0x0000000000006914       0x2e contiki-sky.a(memb.o)
                0x0000000000006914                memb_inmemb
 .text.abc_open
                0x0000000000006942       0x26 contiki-sky.a(abc.o)
                0x0000000000006942                abc_open
 .text.abc_send
                0x0000000000006968        0x6 contiki-sky.a(abc.o)
                0x0000000000006968                abc_send
 .text.abc_input
                0x000000000000696e        0xe contiki-sky.a(abc.o)
                0x000000000000696e                abc_input
 .text.abc_sent
                0x000000000000697c       0x10 contiki-sky.a(abc.o)
                0x000000000000697c                abc_sent
 .text.announcement_init
                0x000000000000698c        0xa contiki-sky.a(announcement.o)
                0x000000000000698c                announcement_init
 .text.announcement_register_observer_callback
                0x0000000000006996        0x6 contiki-sky.a(announcement.o)
                0x0000000000006996                announcement_register_observer_callback
 .text.announcement_list
                0x000000000000699c        0xa contiki-sky.a(announcement.o)
                0x000000000000699c                announcement_list
 .text.announcement_heard
                0x00000000000069a6       0x42 contiki-sky.a(announcement.o)
                0x00000000000069a6                announcement_heard
 .text.adv_packet_sent
                0x00000000000069e8        0x2 contiki-sky.a(broadcast-annou)
 .text.adv_packet_received
                0x00000000000069ea       0x66 contiki-sky.a(broadcast-annou)
 .text.set_timers
                0x0000000000006a50       0x4a contiki-sky.a(broadcast-annou)
 .text.send_timer
                0x0000000000006a9a       0x36 contiki-sky.a(broadcast-annou)
 .text.new_announcement
                0x0000000000006ad0       0x18 contiki-sky.a(broadcast-annou)
 .text.send_adv
                0x0000000000006ae8       0x66 contiki-sky.a(broadcast-annou)
 .text.broadcast_announcement_init
                0x0000000000006b4e       0x48 contiki-sky.a(broadcast-annou)
                0x0000000000006b4e                broadcast_announcement_init
 .text.sent_by_abc
                0x0000000000006b96       0x10 contiki-sky.a(broadcast.o)
 .text.recv_from_abc
                0x0000000000006ba6       0x26 contiki-sky.a(broadcast.o)
 .text.broadcast_open
                0x0000000000006bcc       0x2a contiki-sky.a(broadcast.o)
                0x0000000000006bcc                broadcast_open
 .text.broadcast_send
                0x0000000000006bf6       0x1a contiki-sky.a(broadcast.o)
                0x0000000000006bf6                broadcast_send
 .text.chameleon_init
                0x0000000000006c10        0x6 contiki-sky.a(chameleon.o)
                0x0000000000006c10                chameleon_init
 .text.chameleon_parse
                0x0000000000006c16       0x10 contiki-sky.a(chameleon.o)
                0x0000000000006c16                chameleon_parse
 .text.chameleon_create
                0x0000000000006c26       0x1c contiki-sky.a(chameleon.o)
                0x0000000000006c26                chameleon_create
 .text.chameleon_hdrsize
                0x0000000000006c42        0x6 contiki-sky.a(chameleon.o)
                0x0000000000006c42                chameleon_hdrsize
 .text.channel_init
                0x0000000000006c48        0xa contiki-sky.a(channel.o)
                0x0000000000006c48                channel_init
 .text.channel_open
                0x0000000000006c52       0x10 contiki-sky.a(channel.o)
                0x0000000000006c52                channel_open
 .text.channel_lookup
                0x0000000000006c62       0x20 contiki-sky.a(channel.o)
                0x0000000000006c62                channel_lookup
 .text.channel_set_attributes
                0x0000000000006c82       0x24 contiki-sky.a(channel.o)
                0x0000000000006c82                channel_set_attributes
 .text.parse    0x0000000000006ca6       0xa4 contiki-sky.a(framer-802154.o)
 .text.create_frame.isra.0
                0x0000000000006d4a      0x118 contiki-sky.a(framer-802154.o)
 .text.create   0x0000000000006e62        0x8 contiki-sky.a(framer-802154.o)
 .text.hdr_length
                0x0000000000006e6a        0x8 contiki-sky.a(framer-802154.o)
 .text.mac_call_sent_callback
                0x0000000000006e72       0x14 contiki-sky.a(mac.o)
                0x0000000000006e72                mac_call_sent_callback
 .text.header_size
                0x0000000000006e86       0x16 contiki-sky.a(chameleon-bitop)
 .text.get_bits_in_byte
                0x0000000000006e9c       0x3a contiki-sky.a(chameleon-bitop)
                0x0000000000006e9c                get_bits_in_byte
 .text.get_bits
                0x0000000000006ed6       0xa4 contiki-sky.a(chameleon-bitop)
                0x0000000000006ed6                get_bits
 .text.unpack_header
                0x0000000000006f7a       0xd6 contiki-sky.a(chameleon-bitop)
 .text.set_bits_in_byte
                0x0000000000007050       0x2c contiki-sky.a(chameleon-bitop)
                0x0000000000007050                set_bits_in_byte
 .text.set_bits
                0x000000000000707c       0xd2 contiki-sky.a(chameleon-bitop)
                0x000000000000707c                set_bits
 .text.pack_header
                0x000000000000714e       0xbc contiki-sky.a(chameleon-bitop)
 .text.field_len
                0x000000000000720a       0x98 contiki-sky.a(frame802154.o)
 .text.frame802154_hdrlen
                0x00000000000072a2       0x2e contiki-sky.a(frame802154.o)
                0x00000000000072a2                frame802154_hdrlen
 .text.frame802154_create
                0x00000000000072d0      0x172 contiki-sky.a(frame802154.o)
                0x00000000000072d0                frame802154_create
 .text.frame802154_parse
                0x0000000000007442      0x1e8 contiki-sky.a(frame802154.o)
                0x0000000000007442                frame802154_parse
 .text.libgcc   0x000000000000762a       0x22 /usr/bin/../lib/gcc/msp430/4.6.3/mmpy-16/libgcc.a(_udivmod16.o)
                0x000000000000762a                __udivhi3
                0x000000000000762a                __ext_udivmod16
                0x0000000000007644                __umodhi3
 .text.libgcc   0x000000000000764c       0x40 /usr/bin/../lib/gcc/msp430/4.6.3/mmpy-16/libgcc.a(_udivmod32.o)
                0x000000000000764c                __udivsi3
                0x000000000000764c                __ext_udivmod32
                0x0000000000007682                __umodsi3
 .text          0x000000000000768c       0x20 /usr/bin/../lib/gcc/msp430/4.6.3/../../../../msp430/lib/mmpy-16/libc.a(memcmp.o)
                0x000000000000768c                memcmp
 .text          0x00000000000076ac       0xfa /usr/bin/../lib/gcc/msp430/4.6.3/../../../../msp430/lib/mmpy-16/libc.a(memcpy.o)
                0x00000000000076ac                memcpy
 .text          0x00000000000077a6       0x6a /usr/bin/../lib/gcc/msp430/4.6.3/../../../../msp430/lib/mmpy-16/libc.a(memset.o)
                0x00000000000077a6                memset
 .text          0x0000000000007810       0x1e /usr/bin/../lib/gcc/msp430/4.6.3/../../../../msp430/lib/mmpy-16/libc.a(printf.o)
                0x0000000000007810                printf
                0x0000000000007820                vprintf
 .text          0x000000000000782e      0x836 /usr/bin/../lib/gcc/msp430/4.6.3/../../../../msp430/lib/mmpy-16/libc.a(vuprintf.o)
                0x00000000000079c6                vuprintf
 .text          0x0000000000008064       0x2c /usr/bin/../lib/gcc/msp430/4.6.3/../../../../msp430/lib/mmpy-16/libc.a(puts.o)
                0x0000000000008064                puts
 .text          0x0000000000008090       0x54 /usr/bin/../lib/gcc/msp430/4.6.3/../../../../msp430/lib/mmpy-16/libc.a(rand.o)
                0x0000000000008090                rand_r
                0x00000000000080b4                rand
                0x00000000000080da                srand
 .text.libgcc   0x00000000000080e4       0x2c /usr/bin/../lib/gcc/msp430/4.6.3/mmpy-16/libgcc.a(_mulsi3.o)
                0x00000000000080e4                __mulsi3
 .text.libgcc   0x0000000000008110       0xf0 /usr/bin/../lib/gcc/msp430/4.6.3/mmpy-16/libgcc.a(_udivmod64.o)
                0x0000000000008110                __xabi_udivmod64
                0x000000000000816e                __udivdi3
                0x0000000000008194                __umoddi3
                0x00000000000081c2                __udivmoddi4
 .text.crt0     0x0000000000008200        0x2 /usr/bin/../lib/gcc/msp430/4.6.3/mmpy-16/libcrt0.a(_unexpected_.o)
                0x0000000000008200                _unexpected_
                0x0000000000008202                . = ALIGN (0x2)

.rodata         0x0000000000008202      0x1f6
                0x0000000000008202                . = ALIGN (0x2)
 *(.rodata .rodata.* .gnu.linkonce.r.*)
 .rodata        0x0000000000008202       0x12 interferer_example_8.co
                0x0000000000008202                autostart_processes
 .rodata        0x0000000000008214       0xe2 obj_sky/contiki-sky-main.o
 .rodata        0x00000000000082f6       0x10 contiki-sky.a(button-sensor.o)
                0x00000000000082fe                button_sensor
 .rodata        0x0000000000008306        0x8 contiki-sky.a(sensors.o)
 .rodata        0x000000000000830e       0x56 contiki-sky.a(cc2420.o)
                0x000000000000832a                cc2420_driver
 .rodata        0x0000000000008364        0xf contiki-sky.a(ctimer.o)
 .rodata        0x0000000000008373        0xc contiki-sky.a(etimer.o)
 .rodata        0x000000000000837f        0xe contiki-sky.a(serial-line.o)
 *fill*         0x000000000000838d        0x1 00
 .rodata        0x000000000000838e        0xc contiki-sky.a(rime.o)
                0x0000000000008394                rime_driver
 .rodata        0x000000000000839a       0x16 contiki-sky.a(nullmac.o)
                0x00000000000083a2                nullmac_driver
 .rodata        0x00000000000083b0       0x18 contiki-sky.a(nullrdc.o)
                0x00000000000083b8                nullrdc_driver
 .rodata        0x00000000000083c8        0x2 contiki-sky.a(linkaddr.o)
                0x00000000000083c8                linkaddr_null
 .rodata        0x00000000000083ca        0x2 contiki-sky.a(abc.o)
 .rodata        0x00000000000083cc        0x4 contiki-sky.a(broadcast-annou)
 .rodata        0x00000000000083d0        0x8 contiki-sky.a(broadcast.o)
 .rodata        0x00000000000083d8        0x6 contiki-sky.a(framer-802154.o)
                0x00000000000083d8                framer_802154
 .rodata        0x00000000000083de       0x10 contiki-sky.a(chameleon-bitop)
                0x00000000000083de                chameleon_bitopt
 .rodata        0x00000000000083ee        0x2 contiki-sky.a(frame802154.o)
 .rodata        0x00000000000083f0        0x7 /usr/bin/../lib/gcc/msp430/4.6.3/../../../../msp430/lib/mmpy-16/libc.a(vuprintf.o)
                0x00000000000083f8                . = ALIGN (0x2)
 *fill*         0x00000000000083f7        0x1 00
                0x00000000000083f8                _etext = .

.data           0x0000000000001100       0x5e load address 0x00000000000083f8
                0x0000000000001100                . = ALIGN (0x2)
                0x0000000000001100                PROVIDE (__data_start, .)
 *(.data .data.* .gnu.linkonce.d.*)
 .data          0x0000000000001100        0xa interferer_example_8.co
                0x0000000000001100                interferer_example
 .data          0x000000000000110a        0x4 contiki-sky.a(contiki-sky-pla)
                0x000000000000110a                sensors
 .data          0x000000000000110e        0xa contiki-sky.a(sensors.o)
                0x000000000000110e                sensors_process
 .data          0x0000000000001118        0xa contiki-sky.a(cc2420.o)
                0x0000000000001118                cc2420_process
 .data          0x0000000000001122        0x2 contiki-sky.a(msp430.o)
 .data          0x0000000000001124        0xa contiki-sky.a(ctimer.o)
                0x0000000000001124                ctimer_process
 .data          0x000000000000112e        0xa contiki-sky.a(etimer.o)
                0x000000000000112e                etimer_process
 .data          0x0000000000001138        0xa contiki-sky.a(serial-line.o)
                0x0000000000001138                serial_line_process
 .data          0x0000000000001142       0x18 contiki-sky.a(queuebuf.o)
 .data          0x000000000000115a        0x4 /usr/bin/../lib/gcc/msp430/4.6.3/../../../../msp430/lib/mmpy-16/libc.a(rand.o)
                0x000000000000115e                . = ALIGN (0x2)
                0x000000000000115e                _edata = .
                0x00000000000083f8                PROVIDE (__data_load_start, LOADADDR (.data))
                0x000000000000005e                PROVIDE (__data_size, SIZEOF (.data))

.bss            0x000000000000115e     0x1042 load address 0x0000000000008456
                0x000000000000115e                PROVIDE (__bss_start, .)
 *(.bss .bss.*)
 .bss           0x000000000000115e        0xc interferer_example_8.co
 .bss           0x000000000000116a        0xc obj_sky/contiki-sky-main.o
 .bss           0x0000000000001176        0x8 contiki-sky.a(button-sensor.o)
 .bss           0x000000000000117e        0x2 contiki-sky.a(node-id.o)
                0x000000000000117e                node_id
 .bss           0x0000000000001180        0x6 contiki-sky.a(sensors.o)
 .bss           0x0000000000001186        0x8 contiki-sky.a(cc2420.o)
 .bss           0x000000000000118e       0x9a contiki-sky.a(uart1.o)
 .bss           0x0000000000001228        0xa contiki-sky.a(clock.o)
 .bss           0x0000000000001232        0x1 contiki-sky.a(leds.o)
 *fill*         0x0000000000001233        0x1 00
 .bss           0x0000000000001234        0x2 contiki-sky.a(watchdog.o)
 .bss           0x0000000000001236        0x4 contiki-sky.a(ctimer.o)
 .bss           0x000000000000123a        0x6 contiki-sky.a(etimer.o)
 .bss           0x0000000000001240       0x42 contiki-sky.a(process.o)
                0x0000000000001240                process_current
                0x0000000000001242                process_list
 .bss           0x0000000000001282        0x2 contiki-sky.a(rtimer.o)
 .bss           0x0000000000001284      0x10a contiki-sky.a(serial-line.o)
 .bss           0x000000000000138e        0x2 contiki-sky.a(rime.o)
 .bss           0x0000000000001390       0xba contiki-sky.a(packetbuf.o)
 .bss           0x000000000000144a      0xc4e contiki-sky.a(queuebuf.o)
 .bss           0x0000000000002098        0x6 contiki-sky.a(announcement.o)
 .bss           0x000000000000209e       0x46 contiki-sky.a(broadcast-annou)
 .bss           0x00000000000020e4        0x2 contiki-sky.a(channel.o)
 .bss           0x00000000000020e6        0x2 contiki-sky.a(framer-802154.o)
 *(COMMON)
 COMMON         0x00000000000020e8        0x4 interferer_example_8.co
                0x00000000000020e8                cpu2
                0x00000000000020ea                cpu1
 COMMON         0x00000000000020ec        0x2 contiki-sky.a(contiki-sky-pla)
                0x00000000000020ec                sensors_flags
 COMMON         0x00000000000020ee        0x8 contiki-sky.a(ds2411.o)
                0x00000000000020ee                ds2411_id
 COMMON         0x00000000000020f6        0x1 contiki-sky.a(sensors.o)
                0x00000000000020f6                sensors_event
 *fill*         0x00000000000020f7        0x1 00
 COMMON         0x00000000000020f8       0x14 contiki-sky.a(cc2420.o)
                0x00000000000020f8                cc2420_last_rssi
                0x00000000000020fa                cc2420_packets_read
                0x00000000000020fc                cc2420_packets_seen
                0x00000000000020fe                cc2420_sfd_start_time
                0x0000000000002100                cc2420_time_of_departure
                0x0000000000002102                cc2420_time_of_arrival
                0x0000000000002104                cc2420_last_correlation
                0x0000000000002106                cc2420_authority_level_of_sender
                0x0000000000002108                cc2420_sfd_counter
                0x000000000000210a                cc2420_sfd_end_time
 COMMON         0x000000000000210c        0x2 contiki-sky.a(msp430.o)
                0x000000000000210c                msp430_dco_required
 COMMON         0x000000000000210e       0x56 contiki-sky.a(energest.o)
                0x000000000000210e                energest_total_time
                0x000000000000213e                energest_total_count
                0x0000000000002140                energest_current_mode
                0x000000000000214c                energest_current_time
 COMMON         0x0000000000002164        0x1 contiki-sky.a(process.o)
                0x0000000000002164                process_maxevents
 COMMON         0x0000000000002165        0x1 contiki-sky.a(serial-line.o)
                0x0000000000002165                serial_line_event_message
 COMMON         0x0000000000002166        0x2 contiki-sky.a(linkaddr.o)
                0x0000000000002166                linkaddr_node_addr
 COMMON         0x0000000000002168       0x38 contiki-sky.a(packetbuf.o)
                0x0000000000002168                packetbuf_addrs
                0x0000000000002170                packetbuf_attrs
                0x00000000000021a0                . = ALIGN (0x2)
                0x00000000000021a0                PROVIDE (__bss_end, .)
                0x0000000000001042                PROVIDE (__bss_size, SIZEOF (.bss))

.noinit         0x00000000000021a0        0x2 load address 0x0000000000008456
                0x00000000000021a0                PROVIDE (__noinit_start, .)
 *(.noinit .noinit.*)
 .noinit.crt0   0x00000000000021a0        0x2 /usr/bin/../lib/gcc/msp430/4.6.3/mmpy-16/libcrt0.a(__watchdog_support.o)
                0x00000000000021a0                __wdt_clear_value
                0x00000000000021a2                . = ALIGN (0x2)
                0x00000000000021a2                PROVIDE (__noinit_end, .)
                0x00000000000021a2                . = ALIGN (0x2)
                0x00000000000021a2                _end = .

.infomem        0x0000000000001000        0x0
 *(.infomem)
                0x0000000000001000                . = ALIGN (0x2)
 *(.infomem.*)

.infomemnobits  0x0000000000001000        0x0
 *(.infomemnobits)
                0x0000000000001000                . = ALIGN (0x2)
 *(.infomemnobits.*)

.infoa
 *(.infoa .infoa.*)

.infob
 *(.infob .infob.*)

.infoc
 *(.infoc .infoc.*)

.infod
 *(.infod .infod.*)

.vectors        0x000000000000ffe0       0x20
                0x000000000000ffe0                PROVIDE (__vectors_start, .)
 *(.vectors*)
 .vectors       0x000000000000ffe0       0x20 /usr/bin/../lib/gcc/msp430/4.6.3/mmpy-16/crt0ivtbl16.o
                0x000000000000ffe0                __ivtbl_16
                0x0000000000010000                _vectors_end = .

.fartext        0x0000000000000000        0x0
                0x0000000000000000                . = ALIGN (0x2)
 *(.fartext)
                0x0000000000000000                . = ALIGN (0x2)
 *(.fartext.*)
                0x0000000000000000                _efartext = .

.profiler
 *(.profiler)

.stab
 *(.stab)

.stabstr
 *(.stabstr)

.stab.excl
 *(.stab.excl)

.stab.exclstr
 *(.stab.exclstr)

.stab.index
 *(.stab.index)

.stab.indexstr
 *(.stab.indexstr)

.comment
 *(.comment)

.debug
 *(.debug)

.line
 *(.line)

.debug_srcinfo
 *(.debug_srcinfo)

.debug_sfnames
 *(.debug_sfnames)

.debug_aranges  0x0000000000000000      0x168
 *(.debug_aranges)
 .debug_aranges
                0x0000000000000000       0x14 /usr/bin/../lib/gcc/msp430/4.6.3/mmpy-16/libgcc.a(_udivmod16.o)
 .debug_aranges
                0x0000000000000014       0x14 /usr/bin/../lib/gcc/msp430/4.6.3/mmpy-16/libgcc.a(_udivmod32.o)
 .debug_aranges
                0x0000000000000028       0x14 /usr/bin/../lib/gcc/msp430/4.6.3/../../../../msp430/lib/mmpy-16/libc.a(strncmp.o)
 .debug_aranges
                0x000000000000003c       0x14 /usr/bin/../lib/gcc/msp430/4.6.3/../../../../msp430/lib/mmpy-16/libc.a(memcmp.o)
 .debug_aranges
                0x0000000000000050       0x14 /usr/bin/../lib/gcc/msp430/4.6.3/../../../../msp430/lib/mmpy-16/libc.a(memcpy.o)
 .debug_aranges
                0x0000000000000064       0x14 /usr/bin/../lib/gcc/msp430/4.6.3/../../../../msp430/lib/mmpy-16/libc.a(memset.o)
 .debug_aranges
                0x0000000000000078       0x14 /usr/bin/../lib/gcc/msp430/4.6.3/../../../../msp430/lib/mmpy-16/libc.a(printf.o)
 .debug_aranges
                0x000000000000008c       0x14 /usr/bin/../lib/gcc/msp430/4.6.3/../../../../msp430/lib/mmpy-16/libc.a(vuprintf.o)
 .debug_aranges
                0x00000000000000a0       0x14 /usr/bin/../lib/gcc/msp430/4.6.3/../../../../msp430/lib/mmpy-16/libc.a(puts.o)
 .debug_aranges
                0x00000000000000b4       0x14 /usr/bin/../lib/gcc/msp430/4.6.3/../../../../msp430/lib/mmpy-16/libc.a(rand.o)
 .debug_aranges
                0x00000000000000c8       0x14 /usr/bin/../lib/gcc/msp430/4.6.3/mmpy-16/libgcc.a(_mulsi3.o)
 .debug_aranges
                0x00000000000000dc       0x14 /usr/bin/../lib/gcc/msp430/4.6.3/mmpy-16/libgcc.a(_udivmod64.o)
 .debug_aranges
                0x00000000000000f0       0x14 /usr/bin/../lib/gcc/msp430/4.6.3/mmpy-16/libcrt0.a(__watchdog_support.o)
 .debug_aranges
                0x0000000000000104       0x14 /usr/bin/../lib/gcc/msp430/4.6.3/mmpy-16/libcrt0.a(__init_stack.o)
 .debug_aranges
                0x0000000000000118       0x14 /usr/bin/../lib/gcc/msp430/4.6.3/mmpy-16/libcrt0.a(_copy_data.o)
 .debug_aranges
                0x000000000000012c       0x14 /usr/bin/../lib/gcc/msp430/4.6.3/mmpy-16/libcrt0.a(_clear_bss.o)
 .debug_aranges
                0x0000000000000140       0x14 /usr/bin/../lib/gcc/msp430/4.6.3/mmpy-16/libcrt0.a(_endless_loop__.o)
 .debug_aranges
                0x0000000000000154       0x14 /usr/bin/../lib/gcc/msp430/4.6.3/mmpy-16/libcrt0.a(_unexpected_.o)

.debug_pubnames
 *(.debug_pubnames)

.debug_info     0x0000000000000000     0x125f
 *(.debug_info)
 .debug_info    0x0000000000000000       0xba /usr/bin/../lib/gcc/msp430/4.6.3/mmpy-16/libgcc.a(_udivmod16.o)
 .debug_info    0x00000000000000ba       0xba /usr/bin/../lib/gcc/msp430/4.6.3/mmpy-16/libgcc.a(_udivmod32.o)
 .debug_info    0x0000000000000174       0xbb /usr/bin/../lib/gcc/msp430/4.6.3/../../../../msp430/lib/mmpy-16/libc.a(strncmp.o)
 .debug_info    0x000000000000022f       0xe8 /usr/bin/../lib/gcc/msp430/4.6.3/../../../../msp430/lib/mmpy-16/libc.a(memcmp.o)
 .debug_info    0x0000000000000317      0x113 /usr/bin/../lib/gcc/msp430/4.6.3/../../../../msp430/lib/mmpy-16/libc.a(memcpy.o)
 .debug_info    0x000000000000042a       0xfe /usr/bin/../lib/gcc/msp430/4.6.3/../../../../msp430/lib/mmpy-16/libc.a(memset.o)
 .debug_info    0x0000000000000528      0x105 /usr/bin/../lib/gcc/msp430/4.6.3/../../../../msp430/lib/mmpy-16/libc.a(printf.o)
 .debug_info    0x000000000000062d      0x565 /usr/bin/../lib/gcc/msp430/4.6.3/../../../../msp430/lib/mmpy-16/libc.a(vuprintf.o)
 .debug_info    0x0000000000000b92       0x96 /usr/bin/../lib/gcc/msp430/4.6.3/../../../../msp430/lib/mmpy-16/libc.a(puts.o)
 .debug_info    0x0000000000000c28      0x13f /usr/bin/../lib/gcc/msp430/4.6.3/../../../../msp430/lib/mmpy-16/libc.a(rand.o)
 .debug_info    0x0000000000000d67       0xba /usr/bin/../lib/gcc/msp430/4.6.3/mmpy-16/libgcc.a(_mulsi3.o)
 .debug_info    0x0000000000000e21       0xba /usr/bin/../lib/gcc/msp430/4.6.3/mmpy-16/libgcc.a(_udivmod64.o)
 .debug_info    0x0000000000000edb       0x96 /usr/bin/../lib/gcc/msp430/4.6.3/mmpy-16/libcrt0.a(__watchdog_support.o)
 .debug_info    0x0000000000000f71       0x96 /usr/bin/../lib/gcc/msp430/4.6.3/mmpy-16/libcrt0.a(__init_stack.o)
 .debug_info    0x0000000000001007       0x96 /usr/bin/../lib/gcc/msp430/4.6.3/mmpy-16/libcrt0.a(_copy_data.o)
 .debug_info    0x000000000000109d       0x96 /usr/bin/../lib/gcc/msp430/4.6.3/mmpy-16/libcrt0.a(_clear_bss.o)
 .debug_info    0x0000000000001133       0x96 /usr/bin/../lib/gcc/msp430/4.6.3/mmpy-16/libcrt0.a(_endless_loop__.o)
 .debug_info    0x00000000000011c9       0x96 /usr/bin/../lib/gcc/msp430/4.6.3/mmpy-16/libcrt0.a(_unexpected_.o)
 *(.gnu.linkonce.wi.*)

.debug_abbrev   0x0000000000000000      0x721
 *(.debug_abbrev)
 .debug_abbrev  0x0000000000000000       0x14 /usr/bin/../lib/gcc/msp430/4.6.3/mmpy-16/libgcc.a(_udivmod16.o)
 .debug_abbrev  0x0000000000000014       0x14 /usr/bin/../lib/gcc/msp430/4.6.3/mmpy-16/libgcc.a(_udivmod32.o)
 .debug_abbrev  0x0000000000000028       0x7c /usr/bin/../lib/gcc/msp430/4.6.3/../../../../msp430/lib/mmpy-16/libc.a(strncmp.o)
 .debug_abbrev  0x00000000000000a4       0x9b /usr/bin/../lib/gcc/msp430/4.6.3/../../../../msp430/lib/mmpy-16/libc.a(memcmp.o)
 .debug_abbrev  0x000000000000013f       0x97 /usr/bin/../lib/gcc/msp430/4.6.3/../../../../msp430/lib/mmpy-16/libc.a(memcpy.o)
 .debug_abbrev  0x00000000000001d6       0x9c /usr/bin/../lib/gcc/msp430/4.6.3/../../../../msp430/lib/mmpy-16/libc.a(memset.o)
 .debug_abbrev  0x0000000000000272       0xd0 /usr/bin/../lib/gcc/msp430/4.6.3/../../../../msp430/lib/mmpy-16/libc.a(printf.o)
 .debug_abbrev  0x0000000000000342      0x1ef /usr/bin/../lib/gcc/msp430/4.6.3/../../../../msp430/lib/mmpy-16/libc.a(vuprintf.o)
 .debug_abbrev  0x0000000000000531       0x60 /usr/bin/../lib/gcc/msp430/4.6.3/../../../../msp430/lib/mmpy-16/libc.a(puts.o)
 .debug_abbrev  0x0000000000000591       0xf0 /usr/bin/../lib/gcc/msp430/4.6.3/../../../../msp430/lib/mmpy-16/libc.a(rand.o)
 .debug_abbrev  0x0000000000000681       0x14 /usr/bin/../lib/gcc/msp430/4.6.3/mmpy-16/libgcc.a(_mulsi3.o)
 .debug_abbrev  0x0000000000000695       0x14 /usr/bin/../lib/gcc/msp430/4.6.3/mmpy-16/libgcc.a(_udivmod64.o)
 .debug_abbrev  0x00000000000006a9       0x14 /usr/bin/../lib/gcc/msp430/4.6.3/mmpy-16/libcrt0.a(__watchdog_support.o)
 .debug_abbrev  0x00000000000006bd       0x14 /usr/bin/../lib/gcc/msp430/4.6.3/mmpy-16/libcrt0.a(__init_stack.o)
 .debug_abbrev  0x00000000000006d1       0x14 /usr/bin/../lib/gcc/msp430/4.6.3/mmpy-16/libcrt0.a(_copy_data.o)
 .debug_abbrev  0x00000000000006e5       0x14 /usr/bin/../lib/gcc/msp430/4.6.3/mmpy-16/libcrt0.a(_clear_bss.o)
 .debug_abbrev  0x00000000000006f9       0x14 /usr/bin/../lib/gcc/msp430/4.6.3/mmpy-16/libcrt0.a(_endless_loop__.o)
 .debug_abbrev  0x000000000000070d       0x14 /usr/bin/../lib/gcc/msp430/4.6.3/mmpy-16/libcrt0.a(_unexpected_.o)

.debug_line     0x0000000000000000      0xc13
 *(.debug_line)
 .debug_line    0x0000000000000000       0x6d /usr/bin/../lib/gcc/msp430/4.6.3/mmpy-16/libgcc.a(_udivmod16.o)
 .debug_line    0x000000000000006d       0x7c /usr/bin/../lib/gcc/msp430/4.6.3/mmpy-16/libgcc.a(_udivmod32.o)
 .debug_line    0x00000000000000e9       0xba /usr/bin/../lib/gcc/msp430/4.6.3/../../../../msp430/lib/mmpy-16/libc.a(strncmp.o)
 .debug_line    0x00000000000001a3       0xb8 /usr/bin/../lib/gcc/msp430/4.6.3/../../../../msp430/lib/mmpy-16/libc.a(memcmp.o)
 .debug_line    0x000000000000025b      0x12e /usr/bin/../lib/gcc/msp430/4.6.3/../../../../msp430/lib/mmpy-16/libc.a(memcpy.o)
 .debug_line    0x0000000000000389      0x10d /usr/bin/../lib/gcc/msp430/4.6.3/../../../../msp430/lib/mmpy-16/libc.a(memset.o)
 .debug_line    0x0000000000000496       0xb7 /usr/bin/../lib/gcc/msp430/4.6.3/../../../../msp430/lib/mmpy-16/libc.a(printf.o)
 .debug_line    0x000000000000054d      0x317 /usr/bin/../lib/gcc/msp430/4.6.3/../../../../msp430/lib/mmpy-16/libc.a(vuprintf.o)
 .debug_line    0x0000000000000864       0x4d /usr/bin/../lib/gcc/msp430/4.6.3/../../../../msp430/lib/mmpy-16/libc.a(puts.o)
 .debug_line    0x00000000000008b1       0x4f /usr/bin/../lib/gcc/msp430/4.6.3/../../../../msp430/lib/mmpy-16/libc.a(rand.o)
 .debug_line    0x0000000000000900       0x74 /usr/bin/../lib/gcc/msp430/4.6.3/mmpy-16/libgcc.a(_mulsi3.o)
 .debug_line    0x0000000000000974       0xc2 /usr/bin/../lib/gcc/msp430/4.6.3/mmpy-16/libgcc.a(_udivmod64.o)
 .debug_line    0x0000000000000a36       0x4f /usr/bin/../lib/gcc/msp430/4.6.3/mmpy-16/libcrt0.a(__watchdog_support.o)
 .debug_line    0x0000000000000a85       0x4d /usr/bin/../lib/gcc/msp430/4.6.3/mmpy-16/libcrt0.a(__init_stack.o)
 .debug_line    0x0000000000000ad2       0x53 /usr/bin/../lib/gcc/msp430/4.6.3/mmpy-16/libcrt0.a(_copy_data.o)
 .debug_line    0x0000000000000b25       0x53 /usr/bin/../lib/gcc/msp430/4.6.3/mmpy-16/libcrt0.a(_clear_bss.o)
 .debug_line    0x0000000000000b78       0x4e /usr/bin/../lib/gcc/msp430/4.6.3/mmpy-16/libcrt0.a(_endless_loop__.o)
 .debug_line    0x0000000000000bc6       0x4d /usr/bin/../lib/gcc/msp430/4.6.3/mmpy-16/libcrt0.a(_unexpected_.o)

.debug_frame    0x0000000000000000      0x1ec
 *(.debug_frame)
 .debug_frame   0x0000000000000000       0x24 /usr/bin/../lib/gcc/msp430/4.6.3/../../../../msp430/lib/mmpy-16/libc.a(strncmp.o)
 .debug_frame   0x0000000000000024       0x24 /usr/bin/../lib/gcc/msp430/4.6.3/../../../../msp430/lib/mmpy-16/libc.a(memcmp.o)
 .debug_frame   0x0000000000000048       0x38 /usr/bin/../lib/gcc/msp430/4.6.3/../../../../msp430/lib/mmpy-16/libc.a(memcpy.o)
 .debug_frame   0x0000000000000080       0x32 /usr/bin/../lib/gcc/msp430/4.6.3/../../../../msp430/lib/mmpy-16/libc.a(memset.o)
 .debug_frame   0x00000000000000b2       0x2a /usr/bin/../lib/gcc/msp430/4.6.3/../../../../msp430/lib/mmpy-16/libc.a(printf.o)
 .debug_frame   0x00000000000000dc       0xb0 /usr/bin/../lib/gcc/msp430/4.6.3/../../../../msp430/lib/mmpy-16/libc.a(vuprintf.o)
 .debug_frame   0x000000000000018c       0x24 /usr/bin/../lib/gcc/msp430/4.6.3/../../../../msp430/lib/mmpy-16/libc.a(puts.o)
 .debug_frame   0x00000000000001b0       0x3c /usr/bin/../lib/gcc/msp430/4.6.3/../../../../msp430/lib/mmpy-16/libc.a(rand.o)

.debug_str      0x0000000000000000      0x40d
 *(.debug_str)
 .debug_str     0x0000000000000000       0xf5 /usr/bin/../lib/gcc/msp430/4.6.3/../../../../msp430/lib/mmpy-16/libc.a(strncmp.o)
                                        0x12e (size before relaxing)
 .debug_str     0x00000000000000f5       0x19 /usr/bin/../lib/gcc/msp430/4.6.3/../../../../msp430/lib/mmpy-16/libc.a(memcmp.o)
                                        0x12c (size before relaxing)
 .debug_str     0x000000000000010e       0x34 /usr/bin/../lib/gcc/msp430/4.6.3/../../../../msp430/lib/mmpy-16/libc.a(memcpy.o)
                                        0x147 (size before relaxing)
 .debug_str     0x0000000000000142       0x26 /usr/bin/../lib/gcc/msp430/4.6.3/../../../../msp430/lib/mmpy-16/libc.a(memset.o)
                                        0x145 (size before relaxing)
 .debug_str     0x0000000000000168       0x40 /usr/bin/../lib/gcc/msp430/4.6.3/../../../../msp430/lib/mmpy-16/libc.a(printf.o)
                                        0x15b (size before relaxing)
 .debug_str     0x00000000000001a8      0x221 /usr/bin/../lib/gcc/msp430/4.6.3/../../../../msp430/lib/mmpy-16/libc.a(vuprintf.o)
                                        0x3a6 (size before relaxing)
 .debug_str     0x00000000000003c9       0x15 /usr/bin/../lib/gcc/msp430/4.6.3/../../../../msp430/lib/mmpy-16/libc.a(puts.o)
                                        0x121 (size before relaxing)
 .debug_str     0x00000000000003de       0x2f /usr/bin/../lib/gcc/msp430/4.6.3/../../../../msp430/lib/mmpy-16/libc.a(rand.o)
                                        0x140 (size before relaxing)

.debug_loc      0x0000000000000000      0xaf3
 *(.debug_loc)
 .debug_loc     0x0000000000000000       0x38 /usr/bin/../lib/gcc/msp430/4.6.3/../../../../msp430/lib/mmpy-16/libc.a(strncmp.o)
 .debug_loc     0x0000000000000038       0x5e /usr/bin/../lib/gcc/msp430/4.6.3/../../../../msp430/lib/mmpy-16/libc.a(memcmp.o)
 .debug_loc     0x0000000000000096      0x1f0 /usr/bin/../lib/gcc/msp430/4.6.3/../../../../msp430/lib/mmpy-16/libc.a(memcpy.o)
 .debug_loc     0x0000000000000286       0xdb /usr/bin/../lib/gcc/msp430/4.6.3/../../../../msp430/lib/mmpy-16/libc.a(memset.o)
 .debug_loc     0x0000000000000361       0x38 /usr/bin/../lib/gcc/msp430/4.6.3/../../../../msp430/lib/mmpy-16/libc.a(printf.o)
 .debug_loc     0x0000000000000399      0x705 /usr/bin/../lib/gcc/msp430/4.6.3/../../../../msp430/lib/mmpy-16/libc.a(vuprintf.o)
 .debug_loc     0x0000000000000a9e       0x26 /usr/bin/../lib/gcc/msp430/4.6.3/../../../../msp430/lib/mmpy-16/libc.a(puts.o)
 .debug_loc     0x0000000000000ac4       0x2f /usr/bin/../lib/gcc/msp430/4.6.3/../../../../msp430/lib/mmpy-16/libc.a(rand.o)

.debug_macinfo
 *(.debug_macinfo)

.debug_pubtypes
 *(.debug_pubtypes)

.debug_ranges   0x0000000000000000       0x18
 *(.debug_ranges)
 .debug_ranges  0x0000000000000000       0x18 /usr/bin/../lib/gcc/msp430/4.6.3/../../../../msp430/lib/mmpy-16/libc.a(vuprintf.o)
                0x0000000000003900                PROVIDE (__stack, (ORIGIN (ram) + 0x2800))
                0x00000000000083f8                PROVIDE (__data_start_rom, _etext)
                0x0000000000008456                PROVIDE (__data_end_rom, (_etext + SIZEOF (.data)))
OUTPUT(interferer_example_8.sky elf32-msp430)
